<html>
<body>
<pre>
<h1>µVision Build Log</h1>
<h2>Tool Versions:</h2>
IDE-Version: µVision V5.36.0.0
Copyright (C) 2021 ARM Ltd and ARM Germany GmbH. All rights reserved.
License Information: saeed m, sd, LIC=MPPLD-89YNJ-Y8IFK-ZATF2-LG29L-717CY
 
Tool Versions:
Toolchain:       MDK-ARM Plus  Version: 5.36.0.0
Toolchain Path:  C:\Keil_v5\ARM\ARMCC\Bin
C Compiler:      Armcc.exe V5.06 update 7 (build 960)
Assembler:       Armasm.exe V5.06 update 7 (build 960)
Linker/Locator:  ArmLink.exe V5.06 update 7 (build 960)
Library Manager: ArmAr.exe V5.06 update 7 (build 960)
Hex Converter:   FromElf.exe V5.06 update 7 (build 960)
CPU DLL:         SARMCM3.DLL V5.36.0.0
Dialog DLL:      DCM.DLL V1.17.3.0
Target DLL:      STLink\ST-LINKIII-KEIL_SWO.dll V3.0.9.0
Dialog DLL:      TCM.DLL V1.53.0.0
 
<h2>Project:</h2>
D:\work\Library\Ethernet\Codes\raw\F7\Raw_UDP_Client\MDK-ARM\Raw_Ping_test.uvprojx
Project File Date:  08/22/2022

<h2>Output:</h2>
*** Using Compiler 'V5.06 update 7 (build 960)', folder: 'C:\Keil_v5\ARM\ARMCC\Bin'
Build target 'Raw_Ping_test'
assembling startup_stm32f746xx.s...
compiling stm32f7xx_hal_msp.c...
compiling stm32f7xx_it.c...
compiling main.c...
compiling lwip.c...
compiling udpClientRAW.c...
compiling ethernetif.c...
compiling stm32f7xx_hal_eth.c...
compiling stm32f7xx_hal_rcc_ex.c...
compiling stm32f7xx_hal_rcc.c...
compiling stm32f7xx_hal_flash.c...
compiling stm32f7xx_hal_flash_ex.c...
compiling stm32f7xx_hal_gpio.c...
compiling stm32f7xx_hal_pwr.c...
compiling stm32f7xx_hal_dma.c...
compiling stm32f7xx_hal_dma_ex.c...
compiling stm32f7xx_hal_cortex.c...
compiling stm32f7xx_hal_pwr_ex.c...
compiling stm32f7xx_hal.c...
compiling stm32f7xx_hal_i2c_ex.c...
compiling stm32f7xx_hal_exti.c...
compiling stm32f7xx_hal_i2c.c...
compiling stm32f7xx_hal_tim.c...
compiling stm32f7xx_hal_tim_ex.c...
compiling system_stm32f7xx.c...
compiling auth.c...
compiling ccp.c...
compiling chap_ms.c...
compiling chap-new.c...
compiling demand.c...
compiling chap-md5.c...
compiling eui64.c...
compiling fsm.c...
compiling eap.c...
compiling lcp.c...
compiling ipv6cp.c...
compiling ipcp.c...
compiling magic.c...
compiling multilink.c...
compiling mppe.c...
compiling pppapi.c...
compiling ppp.c...
compiling pppcrypt.c...
compiling pppos.c...
compiling pppol2tp.c...
compiling pppoe.c...
compiling upap.c...
compiling vj.c...
compiling utils.c...
compiling bridgeif_fdb.c...
compiling bridgeif.c...
compiling ethernet.c...
compiling lowpan6.c...
compiling lowpan6_ble.c...
compiling lowpan6_common.c...
compiling ecp.c...
compiling zepif.c...
compiling slipif.c...
compiling api_lib.c...
compiling api_msg.c...
compiling err.c...
compiling if_api.c...
compiling netbuf.c...
compiling netdb.c...
compiling netifapi.c...
compiling tcpip.c...
compiling sockets.c...
compiling altcp_alloc.c...
compiling altcp.c...
compiling altcp_tcp.c...
compiling dns.c...
compiling def.c...
compiling inet_chksum.c...
compiling ip.c...
compiling init.c...
compiling mem.c...
compiling memp.c...
compiling netif.c...
compiling pbuf.c...
compiling stats.c...
compiling sys.c...
compiling raw.c...
compiling tcp.c...
compiling tcp_in.c...
compiling tcp_out.c...
compiling autoip.c...
compiling timeouts.c...
compiling udp.c...
compiling dhcp.c...
compiling icmp.c...
compiling etharp.c...
compiling igmp.c...
compiling ip4_addr.c...
compiling ip4.c...
compiling ip4_frag.c...
compiling ethip6.c...
compiling dhcp6.c...
compiling icmp6.c...
compiling ip6.c...
compiling inet6.c...
compiling ip6_addr.c...
compiling mld6.c...
compiling ip6_frag.c...
compiling nd6.c...
compiling mqtt.c...
linking...
Program Size: Code=46924 RO-data=1048 RW-data=220 ZI-data=27564  
FromELF: creating hex file...
"Raw_Ping_test\Raw_Ping_test.axf" - 0 Error(s), 0 Warning(s).

<h2>Software Packages used:</h2>

Package Vendor: ARM
                http://www.keil.com/pack/ARM.CMSIS.5.8.0.pack
                ARM.CMSIS.5.8.0
                CMSIS (Common Microcontroller Software Interface Standard)
   * Component: CORE Version: 5.5.0

Package Vendor: Keil
                http://www.keil.com/pack/Keil.STM32F7xx_DFP.2.14.0.pack
                Keil.STM32F7xx_DFP.2.14.0
                STMicroelectronics STM32F7 Series Device Support, Drivers and Examples

<h2>Collection of Component include folders:</h2>
  .\RTE\_Raw_Ping_test
  C:\Users\Toranj\AppData\Local\Arm\Packs\ARM\CMSIS\5.8.0\CMSIS\Core\Include
  C:\Users\Toranj\AppData\Local\Arm\Packs\Keil\STM32F7xx_DFP\2.14.0\Drivers\CMSIS\Device\ST\STM32F7xx\Include

<h2>Collection of Component Files used:</h2>

   * Component: ARM::CMSIS:CORE:5.5.0
Build Time Elapsed:  00:07:10
</pre>
</body>
</html>
