Component: ARM Compiler 6.13.1 Tool: armlink [5d895400]

==============================================================================

Section Cross References

    startup_stm32f407xx.o(RESET) refers to startup_stm32f407xx.o(STACK) for __initial_sp
    startup_stm32f407xx.o(RESET) refers to startup_stm32f407xx.o(.text) for Reset_Handler
    startup_stm32f407xx.o(RESET) refers to stm32f4xx_it.o(.text.NMI_Handler) for NMI_Handler
    startup_stm32f407xx.o(RESET) refers to stm32f4xx_it.o(.text.HardFault_Handler) for HardFault_Handler
    startup_stm32f407xx.o(RESET) refers to stm32f4xx_it.o(.text.MemManage_Handler) for MemManage_Handler
    startup_stm32f407xx.o(RESET) refers to stm32f4xx_it.o(.text.BusFault_Handler) for BusFault_Handler
    startup_stm32f407xx.o(RESET) refers to stm32f4xx_it.o(.text.UsageFault_Handler) for UsageFault_Handler
    startup_stm32f407xx.o(RESET) refers to stm32f4xx_it.o(.text.SVC_Handler) for SVC_Handler
    startup_stm32f407xx.o(RESET) refers to stm32f4xx_it.o(.text.DebugMon_Handler) for DebugMon_Handler
    startup_stm32f407xx.o(RESET) refers to stm32f4xx_it.o(.text.PendSV_Handler) for PendSV_Handler
    startup_stm32f407xx.o(RESET) refers to stm32f4xx_it.o(.text.SysTick_Handler) for SysTick_Handler
    startup_stm32f407xx.o(RESET) refers to stm32f4xx_it.o(.text.TIM1_BRK_TIM9_IRQHandler) for TIM1_BRK_TIM9_IRQHandler
    startup_stm32f407xx.o(RESET) refers to stm32f4xx_it.o(.text.TIM1_UP_TIM10_IRQHandler) for TIM1_UP_TIM10_IRQHandler
    startup_stm32f407xx.o(RESET) refers to stm32f4xx_it.o(.text.TIM1_TRG_COM_TIM11_IRQHandler) for TIM1_TRG_COM_TIM11_IRQHandler
    startup_stm32f407xx.o(RESET) refers to stm32f4xx_it.o(.text.TIM1_CC_IRQHandler) for TIM1_CC_IRQHandler
    startup_stm32f407xx.o(RESET) refers to stm32f4xx_it.o(.text.DMA2_Stream1_IRQHandler) for DMA2_Stream1_IRQHandler
    startup_stm32f407xx.o(RESET) refers to stm32f4xx_it.o(.text.DMA2_Stream2_IRQHandler) for DMA2_Stream2_IRQHandler
    startup_stm32f407xx.o(RESET) refers to stm32f4xx_it.o(.text.ETH_IRQHandler) for ETH_IRQHandler
    startup_stm32f407xx.o(RESET) refers to stm32f4xx_it.o(.text.ETH_WKUP_IRQHandler) for ETH_WKUP_IRQHandler
    startup_stm32f407xx.o(RESET) refers to stm32f4xx_it.o(.text.DMA2_Stream6_IRQHandler) for DMA2_Stream6_IRQHandler
    startup_stm32f407xx.o(RESET) refers to stm32f4xx_it.o(.text.DMA2_Stream7_IRQHandler) for DMA2_Stream7_IRQHandler
    startup_stm32f407xx.o(.text) refers to system_stm32f4xx.o(.text.SystemInit) for SystemInit
    startup_stm32f407xx.o(.text) refers to entry.o(.ARM.Collect$$$$00000000) for __main
    main.o(.text.main) refers to stm32f4xx_hal.o(.text.HAL_Init) for HAL_Init
    main.o(.text.main) refers to main.o(.text.SystemClock_Config) for SystemClock_Config
    main.o(.text.main) refers to gpio.o(.text.MX_GPIO_Init) for MX_GPIO_Init
    main.o(.text.main) refers to lwip.o(.text.MX_LWIP_Init) for MX_LWIP_Init
    main.o(.text.main) refers to tcp_echoserver.o(.text.tcp_echoserver_init) for tcp_echoserver_init
    main.o(.text.main) refers to lwip.o(.text.MX_LWIP_Process) for MX_LWIP_Process
    main.o(.ARM.exidx.text.main) refers to main.o(.text.main) for [Anonymous Symbol]
    main.o(.text.SystemClock_Config) refers to stm32f4xx_hal_rcc.o(.text.HAL_RCC_OscConfig) for HAL_RCC_OscConfig
    main.o(.text.SystemClock_Config) refers to stm32f4xx_hal_rcc.o(.text.HAL_RCC_ClockConfig) for HAL_RCC_ClockConfig
    main.o(.ARM.exidx.text.SystemClock_Config) refers to main.o(.text.SystemClock_Config) for [Anonymous Symbol]
    main.o(.ARM.exidx.text.Error_Handler) refers to main.o(.text.Error_Handler) for [Anonymous Symbol]
    gpio.o(.text.MX_GPIO_Init) refers to stm32f4xx_hal_gpio.o(.text.HAL_GPIO_WritePin) for HAL_GPIO_WritePin
    gpio.o(.text.MX_GPIO_Init) refers to stm32f4xx_hal_gpio.o(.text.HAL_GPIO_Init) for HAL_GPIO_Init
    gpio.o(.ARM.exidx.text.MX_GPIO_Init) refers to gpio.o(.text.MX_GPIO_Init) for [Anonymous Symbol]
    dma.o(.text.MX_DMA_Init) refers to stm32f4xx_hal_cortex.o(.text.HAL_NVIC_SetPriority) for HAL_NVIC_SetPriority
    dma.o(.text.MX_DMA_Init) refers to stm32f4xx_hal_cortex.o(.text.HAL_NVIC_EnableIRQ) for HAL_NVIC_EnableIRQ
    dma.o(.ARM.exidx.text.MX_DMA_Init) refers to dma.o(.text.MX_DMA_Init) for [Anonymous Symbol]
    i2c.o(.text.MX_I2C1_Init) refers to stm32f4xx_hal_i2c.o(.text.HAL_I2C_Init) for HAL_I2C_Init
    i2c.o(.text.MX_I2C1_Init) refers to main.o(.text.Error_Handler) for Error_Handler
    i2c.o(.text.MX_I2C1_Init) refers to i2c.o(.bss.hi2c1) for hi2c1
    i2c.o(.ARM.exidx.text.MX_I2C1_Init) refers to i2c.o(.text.MX_I2C1_Init) for [Anonymous Symbol]
    i2c.o(.text.HAL_I2C_MspInit) refers to memseta.o(.text) for __aeabi_memclr4
    i2c.o(.text.HAL_I2C_MspInit) refers to stm32f4xx_hal_gpio.o(.text.HAL_GPIO_Init) for HAL_GPIO_Init
    i2c.o(.ARM.exidx.text.HAL_I2C_MspInit) refers to i2c.o(.text.HAL_I2C_MspInit) for [Anonymous Symbol]
[...]
    [Anonymous Symbol]                       0x200000b8   Section        0  mem.o(.bss..L_MergedGlobals)
    ram_end                                  0x200000bc   Data           4  mem.o(.bss..L_MergedGlobals)
    lfree                                    0x200000c0   Data           4  mem.o(.bss..L_MergedGlobals)
    netif_num                                0x200000c4   Data           1  netif.o(.bss..L_MergedGlobals)
    [Anonymous Symbol]                       0x200000c4   Section        0  netif.o(.bss..L_MergedGlobals)
    [Anonymous Symbol]                       0x200000d0   Section        0  tcp.o(.bss..L_MergedGlobals)
    tcp_timer_ctr                            0x200000d1   Data           1  tcp.o(.bss..L_MergedGlobals)
    flags                                    0x200000e8   Data           1  tcp_in.o(.bss..L_MergedGlobals)
    [Anonymous Symbol]                       0x200000e8   Section        0  tcp_in.o(.bss..L_MergedGlobals)
    recv_flags                               0x200000e9   Data           1  tcp_in.o(.bss..L_MergedGlobals)
    tcphdr_optlen                            0x200000ea   Data           2  tcp_in.o(.bss..L_MergedGlobals)
    tcphdr_opt1len                           0x200000ec   Data           2  tcp_in.o(.bss..L_MergedGlobals)
    tcplen                                   0x200000ee   Data           2  tcp_in.o(.bss..L_MergedGlobals)
    recv_acked                               0x200000f0   Data           2  tcp_in.o(.bss..L_MergedGlobals)
    tcp_optidx                               0x200000f2   Data           2  tcp_in.o(.bss..L_MergedGlobals)
    inseg.2                                  0x200000f4   Data           2  tcp_in.o(.bss..L_MergedGlobals)
    tcphdr                                   0x200000f8   Data           4  tcp_in.o(.bss..L_MergedGlobals)
    tcphdr_opt2                              0x200000fc   Data           4  tcp_in.o(.bss..L_MergedGlobals)
    seqno                                    0x20000100   Data           4  tcp_in.o(.bss..L_MergedGlobals)
    ackno                                    0x20000104   Data           4  tcp_in.o(.bss..L_MergedGlobals)
    recv_data                                0x20000108   Data           4  tcp_in.o(.bss..L_MergedGlobals)
    inseg.1                                  0x20000110   Data           4  tcp_in.o(.bss..L_MergedGlobals)
    inseg.4                                  0x20000114   Data           4  tcp_in.o(.bss..L_MergedGlobals)
    next_timeout                             0x20000118   Data           4  timeouts.o(.bss..L_MergedGlobals)
    [Anonymous Symbol]                       0x20000118   Section        0  timeouts.o(.bss..L_MergedGlobals)
    current_timeout_due_time                 0x2000011c   Data           4  timeouts.o(.bss..L_MergedGlobals)
    ip_reass_pbufcount                       0x20000120   Data           2  ip4_frag.o(.bss..L_MergedGlobals)
    [Anonymous Symbol]                       0x20000120   Section        0  ip4_frag.o(.bss..L_MergedGlobals)
    reassdatagrams                           0x20000124   Data           4  ip4_frag.o(.bss..L_MergedGlobals)
    arp_table                                0x200031c8   Data         240  etharp.o(.bss.arp_table)
    [Anonymous Symbol]                       0x200031c8   Section        0  etharp.o(.bss.arp_table)
    etharp_cached_entry                      0x200032b8   Data           1  etharp.o(.bss.etharp_cached_entry)
    [Anonymous Symbol]                       0x200032b8   Section        0  etharp.o(.bss.etharp_cached_entry)
    ip_id                                    0x20003494   Data           2  ip4.o(.bss.ip_id)
    [Anonymous Symbol]                       0x20003494   Section        0  ip4.o(.bss.ip_id)
    memp_tab_FRAG_PBUF                       0x20006198   Data           4  memp.o(.bss.memp_tab_FRAG_PBUF)
    [Anonymous Symbol]                       0x20006198   Section        0  memp.o(.bss.memp_tab_FRAG_PBUF)
    memp_tab_PBUF                            0x2000619c   Data           4  memp.o(.bss.memp_tab_PBUF)
    [Anonymous Symbol]                       0x2000619c   Section        0  memp.o(.bss.memp_tab_PBUF)
    memp_tab_PBUF_POOL                       0x200061a0   Data           4  memp.o(.bss.memp_tab_PBUF_POOL)
    [Anonymous Symbol]                       0x200061a0   Section        0  memp.o(.bss.memp_tab_PBUF_POOL)
    memp_tab_REASSDATA                       0x200061a4   Data           4  memp.o(.bss.memp_tab_REASSDATA)
    [Anonymous Symbol]                       0x200061a4   Section        0  memp.o(.bss.memp_tab_REASSDATA)
    memp_tab_SYS_TIMEOUT                     0x200061a8   Data           4  memp.o(.bss.memp_tab_SYS_TIMEOUT)
    [Anonymous Symbol]                       0x200061a8   Section        0  memp.o(.bss.memp_tab_SYS_TIMEOUT)
    memp_tab_TCP_PCB                         0x200061ac   Data           4  memp.o(.bss.memp_tab_TCP_PCB)
    [Anonymous Symbol]                       0x200061ac   Section        0  memp.o(.bss.memp_tab_TCP_PCB)
    memp_tab_TCP_PCB_LISTEN                  0x200061b0   Data           4  memp.o(.bss.memp_tab_TCP_PCB_LISTEN)
    [Anonymous Symbol]                       0x200061b0   Section        0  memp.o(.bss.memp_tab_TCP_PCB_LISTEN)
    memp_tab_TCP_SEG                         0x200061b4   Data           4  memp.o(.bss.memp_tab_TCP_SEG)
    [Anonymous Symbol]                       0x200061b4   Section        0  memp.o(.bss.memp_tab_TCP_SEG)
    memp_tab_UDP_PCB                         0x200061b8   Data           4  memp.o(.bss.memp_tab_UDP_PCB)
    [Anonymous Symbol]                       0x200061b8   Section        0  memp.o(.bss.memp_tab_UDP_PCB)
    tcp_echoserver_pcb                       0x200089d0   Data           4  tcp_echoserver.o(.bss.tcp_echoserver_pcb)
    [Anonymous Symbol]                       0x200089d0   Section        0  tcp_echoserver.o(.bss.tcp_echoserver_pcb)
    tcp_timer                                0x200089d4   Data           1  tcp.o(.bss.tcp_timer)
    [Anonymous Symbol]                       0x200089d4   Section        0  tcp.o(.bss.tcp_timer)
    tcpip_tcp_timer_active                   0x200089d8   Data           1  timeouts.o(.bss.tcpip_tcp_timer_active)
    [Anonymous Symbol]                       0x200089d8   Section        0  timeouts.o(.bss.tcpip_tcp_timer_active)
    STACK                                    0x200089e8   Section     4095  startup_stm32f407xx.o(STACK)

    Global Symbols

    Symbol Name                              Value     Ov Type        Size  Object(Section)

    BuildAttributes$$THM_ISAv4$E$P$D$K$B$S$7EM$VFPi3$EXTD16$VFPS$VFMA$PE$A:L22UL41UL21$X:L11$S22US41US21$IEEE1$IW$~IW$USESV6$~STKCKD$USESV7$~SHL$OSPACE$ROPI$EBA8$MICROLIB$REQ8$PRES8$EABIv2 0x00000000   Number         0  anon$$obj.o ABSOLUTE
    _printf_a                                0x00000000   Number         0  printfstubs.o ABSOLUTE
    _printf_c                                0x00000000   Number         0  printfstubs.o ABSOLUTE
    _printf_charcount                        0x00000000   Number         0  printfstubs.o ABSOLUTE
    _printf_d                                0x00000000   Number         0  printfstubs.o ABSOLUTE
    _printf_e                                0x00000000   Number         0  printfstubs.o ABSOLUTE
    _printf_f                                0x00000000   Number         0  printfstubs.o ABSOLUTE
    _printf_flags                            0x00000000   Number         0  printfstubs.o ABSOLUTE
    _printf_fp_dec                           0x00000000   Number         0  printfstubs.o ABSOLUTE
    _printf_fp_hex                           0x00000000   Number         0  printfstubs.o ABSOLUTE
    _printf_g                                0x00000000   Number         0  printfstubs.o ABSOLUTE
    _printf_i                                0x00000000   Number         0  printfstubs.o ABSOLUTE
    _printf_int_dec                          0x00000000   Number         0  printfstubs.o ABSOLUTE
    _printf_l                                0x00000000   Number         0  printfstubs.o ABSOLUTE
    _printf_lc                               0x00000000   Number         0  printfstubs.o ABSOLUTE
    _printf_ll                               0x00000000   Number         0  printfstubs.o ABSOLUTE
    _printf_lld                              0x00000000   Number         0  printfstubs.o ABSOLUTE
    _printf_lli                              0x00000000   Number         0  printfstubs.o ABSOLUTE
    _printf_llo                              0x00000000   Number         0  printfstubs.o ABSOLUTE
    _printf_llu                              0x00000000   Number         0  printfstubs.o ABSOLUTE
    _printf_llx                              0x00000000   Number         0  printfstubs.o ABSOLUTE
    _printf_longlong_dec                     0x00000000   Number         0  printfstubs.o ABSOLUTE
    _printf_longlong_hex                     0x00000000   Number         0  printfstubs.o ABSOLUTE
    _printf_longlong_oct                     0x00000000   Number         0  printfstubs.o ABSOLUTE
    _printf_ls                               0x00000000   Number         0  printfstubs.o ABSOLUTE
    _printf_mbtowc                           0x00000000   Number         0  printfstubs.o ABSOLUTE
    _printf_n                                0x00000000   Number         0  printfstubs.o ABSOLUTE
    _printf_o                                0x00000000   Number         0  printfstubs.o ABSOLUTE
    _printf_p                                0x00000000   Number         0  printfstubs.o ABSOLUTE
    _printf_percent                          0x00000000   Number         0  printfstubs.o ABSOLUTE
    _printf_pre_padding                      0x00000000   Number         0  printfstubs.o ABSOLUTE
    _printf_return_value                     0x00000000   Number         0  printfstubs.o ABSOLUTE
    _printf_s                                0x00000000   Number         0  printfstubs.o ABSOLUTE
    _printf_sizespec                         0x00000000   Number         0  printfstubs.o ABSOLUTE
    _printf_str                              0x00000000   Number         0  printfstubs.o ABSOLUTE
    _printf_truncate_signed                  0x00000000   Number         0  printfstubs.o ABSOLUTE
    _printf_truncate_unsigned                0x00000000   Number         0  printfstubs.o ABSOLUTE
    _printf_u                                0x00000000   Number         0  printfstubs.o ABSOLUTE
    _printf_wc                               0x00000000   Number         0  printfstubs.o ABSOLUTE
    _printf_wctomb                           0x00000000   Number         0  printfstubs.o ABSOLUTE
    _printf_widthprec                        0x00000000   Number         0  printfstubs.o ABSOLUTE
    _printf_x                                0x00000000   Number         0  printfstubs.o ABSOLUTE
    __cpp_initialize__aeabi_                  - Undefined Weak Reference
    __cxa_finalize                            - Undefined Weak Reference
    __decompress                              - Undefined Weak Reference
    _clock_init                               - Undefined Weak Reference
    _microlib_exit                            - Undefined Weak Reference
    __Vectors_Size                           0x00000188   Number         0  startup_stm32f407xx.o ABSOLUTE
    __Vectors                                0x08000000   Data           4  startup_stm32f407xx.o(RESET)
    __Vectors_End                            0x08000188   Data           0  startup_stm32f407xx.o(RESET)
    __main                                   0x08000189   Thumb Code     0  entry.o(.ARM.Collect$$$$00000000)
    _main_stk                                0x08000189   Thumb Code     0  entry2.o(.ARM.Collect$$$$00000001)
    _main_scatterload                        0x0800018d   Thumb Code     0  entry5.o(.ARM.Collect$$$$00000004)
    __main_after_scatterload                 0x08000191   Thumb Code     0  entry5.o(.ARM.Collect$$$$00000004)
    _main_clock                              0x08000191   Thumb Code     0  entry7b.o(.ARM.Collect$$$$00000008)
    _main_cpp_init                           0x08000191   Thumb Code     0  entry8b.o(.ARM.Collect$$$$0000000A)
    _main_init                               0x08000191   Thumb Code     0  entry9a.o(.ARM.Collect$$$$0000000B)
    __rt_final_cpp                           0x08000199   Thumb Code     0  entry10a.o(.ARM.Collect$$$$0000000D)
    __rt_final_exit                          0x08000199   Thumb Code     0  entry11a.o(.ARM.Collect$$$$0000000F)
    Reset_Handler                            0x0800019d   Thumb Code     8  startup_stm32f407xx.o(.text)
    ADC_IRQHandler                           0x080001b7   Thumb Code     0  startup_stm32f407xx.o(.text)
    CAN1_RX0_IRQHandler                      0x080001b7   Thumb Code     0  startup_stm32f407xx.o(.text)
    CAN1_RX1_IRQHandler                      0x080001b7   Thumb Code     0  startup_stm32f407xx.o(.text)
    CAN1_SCE_IRQHandler                      0x080001b7   Thumb Code     0  startup_stm32f407xx.o(.text)
    CAN1_TX_IRQHandler                       0x080001b7   Thumb Code     0  startup_stm32f407xx.o(.text)
    CAN2_RX0_IRQHandler                      0x080001b7   Thumb Code     0  startup_stm32f407xx.o(.text)
    CAN2_RX1_IRQHandler                      0x080001b7   Thumb Code     0  startup_stm32f407xx.o(.text)
    CAN2_SCE_IRQHandler                      0x080001b7   Thumb Code     0  startup_stm32f407xx.o(.text)
    CAN2_TX_IRQHandler                       0x080001b7   Thumb Code     0  startup_stm32f407xx.o(.text)
    DCMI_IRQHandler                          0x080001b7   Thumb Code     0  startup_stm32f407xx.o(.text)
    DMA1_Stream0_IRQHandler                  0x080001b7   Thumb Code     0  startup_stm32f407xx.o(.text)
    DMA1_Stream1_IRQHandler                  0x080001b7   Thumb Code     0  startup_stm32f407xx.o(.text)
    DMA1_Stream2_IRQHandler                  0x080001b7   Thumb Code     0  startup_stm32f407xx.o(.text)
    DMA1_Stream3_IRQHandler                  0x080001b7   Thumb Code     0  startup_stm32f407xx.o(.text)
    DMA1_Stream4_IRQHandler                  0x080001b7   Thumb Code     0  startup_stm32f407xx.o(.text)
    DMA1_Stream5_IRQHandler                  0x080001b7   Thumb Code     0  startup_stm32f407xx.o(.text)
    DMA1_Stream6_IRQHandler                  0x080001b7   Thumb Code     0  startup_stm32f407xx.o(.text)
    DMA1_Stream7_IRQHandler                  0x080001b7   Thumb Code     0  startup_stm32f407xx.o(.text)
    DMA2_Stream0_IRQHandler                  0x080001b7   Thumb Code     0  startup_stm32f407xx.o(.text)
    DMA2_Stream3_IRQHandler                  0x080001b7   Thumb Code     0  startup_stm32f407xx.o(.text)
    DMA2_Stream4_IRQHandler                  0x080001b7   Thumb Code     0  startup_stm32f407xx.o(.text)
    DMA2_Stream5_IRQHandler                  0x080001b7   Thumb Code     0  startup_stm32f407xx.o(.text)
    EXTI0_IRQHandler                         0x080001b7   Thumb Code     0  startup_stm32f407xx.o(.text)
    EXTI15_10_IRQHandler                     0x080001b7   Thumb Code     0  startup_stm32f407xx.o(.text)
    EXTI1_IRQHandler                         0x080001b7   Thumb Code     0  startup_stm32f407xx.o(.text)
    EXTI2_IRQHandler                         0x080001b7   Thumb Code     0  startup_stm32f407xx.o(.text)
    EXTI3_IRQHandler                         0x080001b7   Thumb Code     0  startup_stm32f407xx.o(.text)
    EXTI4_IRQHandler                         0x080001b7   Thumb Code     0  startup_stm32f407xx.o(.text)
    EXTI9_5_IRQHandler                       0x080001b7   Thumb Code     0  startup_stm32f407xx.o(.text)
    FLASH_IRQHandler                         0x080001b7   Thumb Code     0  startup_stm32f407xx.o(.text)
    FMC_IRQHandler                           0x080001b7   Thumb Code     0  startup_stm32f407xx.o(.text)
    FPU_IRQHandler                           0x080001b7   Thumb Code     0  startup_stm32f407xx.o(.text)
    HASH_RNG_IRQHandler                      0x080001b7   Thumb Code     0  startup_stm32f407xx.o(.text)
    I2C1_ER_IRQHandler                       0x080001b7   Thumb Code     0  startup_stm32f407xx.o(.text)
    I2C1_EV_IRQHandler                       0x080001b7   Thumb Code     0  startup_stm32f407xx.o(.text)
    I2C2_ER_IRQHandler                       0x080001b7   Thumb Code     0  startup_stm32f407xx.o(.text)
    I2C2_EV_IRQHandler                       0x080001b7   Thumb Code     0  startup_stm32f407xx.o(.text)
    I2C3_ER_IRQHandler                       0x080001b7   Thumb Code     0  startup_stm32f407xx.o(.text)
    I2C3_EV_IRQHandler                       0x080001b7   Thumb Code     0  startup_stm32f407xx.o(.text)
    OTG_FS_IRQHandler                        0x080001b7   Thumb Code     0  startup_stm32f407xx.o(.text)
    OTG_FS_WKUP_IRQHandler                   0x080001b7   Thumb Code     0  startup_stm32f407xx.o(.text)
    OTG_HS_EP1_IN_IRQHandler                 0x080001b7   Thumb Code     0  startup_stm32f407xx.o(.text)
    OTG_HS_EP1_OUT_IRQHandler                0x080001b7   Thumb Code     0  startup_stm32f407xx.o(.text)
    OTG_HS_IRQHandler                        0x080001b7   Thumb Code     0  startup_stm32f407xx.o(.text)
    OTG_HS_WKUP_IRQHandler                   0x080001b7   Thumb Code     0  startup_stm32f407xx.o(.text)
    PVD_IRQHandler                           0x080001b7   Thumb Code     0  startup_stm32f407xx.o(.text)
    RCC_IRQHandler                           0x080001b7   Thumb Code     0  startup_stm32f407xx.o(.text)
    RTC_Alarm_IRQHandler                     0x080001b7   Thumb Code     0  startup_stm32f407xx.o(.text)
    RTC_WKUP_IRQHandler                      0x080001b7   Thumb Code     0  startup_stm32f407xx.o(.text)
    SDIO_IRQHandler                          0x080001b7   Thumb Code     0  startup_stm32f407xx.o(.text)
    SPI1_IRQHandler                          0x080001b7   Thumb Code     0  startup_stm32f407xx.o(.text)
    SPI2_IRQHandler                          0x080001b7   Thumb Code     0  startup_stm32f407xx.o(.text)
    SPI3_IRQHandler                          0x080001b7   Thumb Code     0  startup_stm32f407xx.o(.text)
    TAMP_STAMP_IRQHandler                    0x080001b7   Thumb Code     0  startup_stm32f407xx.o(.text)
    TIM2_IRQHandler                          0x080001b7   Thumb Code     0  startup_stm32f407xx.o(.text)
    TIM3_IRQHandler                          0x080001b7   Thumb Code     0  startup_stm32f407xx.o(.text)
    TIM4_IRQHandler                          0x080001b7   Thumb Code     0  startup_stm32f407xx.o(.text)
    TIM5_IRQHandler                          0x080001b7   Thumb Code     0  startup_stm32f407xx.o(.text)
    TIM6_DAC_IRQHandler                      0x080001b7   Thumb Code     0  startup_stm32f407xx.o(.text)
    TIM7_IRQHandler                          0x080001b7   Thumb Code     0  startup_stm32f407xx.o(.text)
    TIM8_BRK_TIM12_IRQHandler                0x080001b7   Thumb Code     0  startup_stm32f407xx.o(.text)
    TIM8_CC_IRQHandler                       0x080001b7   Thumb Code     0  startup_stm32f407xx.o(.text)
    TIM8_TRG_COM_TIM14_IRQHandler            0x080001b7   Thumb Code     0  startup_stm32f407xx.o(.text)
    TIM8_UP_TIM13_IRQHandler                 0x080001b7   Thumb Code     0  startup_stm32f407xx.o(.text)
    UART4_IRQHandler                         0x080001b7   Thumb Code     0  startup_stm32f407xx.o(.text)
    UART5_IRQHandler                         0x080001b7   Thumb Code     0  startup_stm32f407xx.o(.text)
    USART1_IRQHandler                        0x080001b7   Thumb Code     0  startup_stm32f407xx.o(.text)
    USART2_IRQHandler                        0x080001b7   Thumb Code     0  startup_stm32f407xx.o(.text)
    USART3_IRQHandler                        0x080001b7   Thumb Code     0  startup_stm32f407xx.o(.text)
    USART6_IRQHandler                        0x080001b7   Thumb Code     0  startup_stm32f407xx.o(.text)
    WWDG_IRQHandler                          0x080001b7   Thumb Code     0  startup_stm32f407xx.o(.text)
    __aeabi_uldivmod                         0x080001c1   Thumb Code    98  uldiv.o(.text)
    rand                                     0x08000225   Thumb Code    20  rand.o(.text)
    srand                                    0x08000239   Thumb Code     6  rand.o(.text)
    ___aeabi_memcpy4$move                    0x08000249   Thumb Code     0  memmovea.o(.text)
    ___aeabi_memcpy8$move                    0x08000249   Thumb Code     0  memmovea.o(.text)
    __aeabi_memcpy                           0x08000249   Thumb Code    64  memmovea.o(.text)
    __aeabi_memmove                          0x08000249   Thumb Code     0  memmovea.o(.text)
    __aeabi_memmove4                         0x08000249   Thumb Code     0  memmovea.o(.text)
    __aeabi_memmove8                         0x08000249   Thumb Code     0  memmovea.o(.text)
    __aeabi_memset                           0x08000289   Thumb Code    14  memseta.o(.text)
    __aeabi_memset4                          0x08000289   Thumb Code     0  memseta.o(.text)
    __aeabi_memset8                          0x08000289   Thumb Code     0  memseta.o(.text)
    __aeabi_memclr                           0x08000297   Thumb Code     4  memseta.o(.text)
    __aeabi_memclr4                          0x08000297   Thumb Code     0  memseta.o(.text)
    __aeabi_memclr8                          0x08000297   Thumb Code     0  memseta.o(.text)
    _memset$wrapper                          0x0800029b   Thumb Code    18  memseta.o(.text)
    memcmp                                   0x080002ad   Thumb Code    26  memcmp.o(.text)
    __aeabi_uidiv                            0x080002c7   Thumb Code     0  uidiv.o(.text)
    __aeabi_uidivmod                         0x080002c7   Thumb Code    44  uidiv.o(.text)
    __aeabi_llsl                             0x080002f3   Thumb Code    30  llshl.o(.text)
    _ll_shift_l                              0x080002f3   Thumb Code     0  llshl.o(.text)
    __aeabi_llsr                             0x08000311   Thumb Code    32  llushr.o(.text)
    _ll_ushift_r                             0x08000311   Thumb Code     0  llushr.o(.text)
    __scatterload                            0x08000331   Thumb Code    28  init.o(.text)
    __scatterload_rt2                        0x08000331   Thumb Code     0  init.o(.text)
    BusFault_Handler                         0x08000355   Thumb Code     2  stm32f4xx_it.o(.text.BusFault_Handler)
    __I$use$semihosting$fputc                0x08000355   Thumb Code     0  iusesemip.o(.text)
    __semihosting_library_function           0x08000355   Thumb Code     0  semi.o(.text)
    DMA2_Stream1_IRQHandler                  0x08000359   Thumb Code    12  stm32f4xx_it.o(.text.DMA2_Stream1_IRQHandler)
    DMA2_Stream2_IRQHandler                  0x08000365   Thumb Code    12  stm32f4xx_it.o(.text.DMA2_Stream2_IRQHandler)
    DMA2_Stream6_IRQHandler                  0x08000371   Thumb Code    12  stm32f4xx_it.o(.text.DMA2_Stream6_IRQHandler)
    DMA2_Stream7_IRQHandler                  0x0800037d   Thumb Code    12  stm32f4xx_it.o(.text.DMA2_Stream7_IRQHandler)
    DebugMon_Handler                         0x08000389   Thumb Code     2  stm32f4xx_it.o(.text.DebugMon_Handler)
    ETH_IRQHandler                           0x080003d5   Thumb Code     8  stm32f4xx_it.o(.text.ETH_IRQHandler)
    ETH_WKUP_IRQHandler                      0x080004c1   Thumb Code    12  stm32f4xx_it.o(.text.ETH_WKUP_IRQHandler)
    HAL_DMA_IRQHandler                       0x080004cd   Thumb Code   368  stm32f4xx_hal_dma.o(.text.HAL_DMA_IRQHandler)
    HAL_Delay                                0x0800063d   Thumb Code    36  stm32f4xx_hal.o(.text.HAL_Delay)
    HAL_ETH_ConfigMAC                        0x08000661   Thumb Code   280  stm32f4xx_hal_eth.o(.text.HAL_ETH_ConfigMAC)
    HAL_ETH_DMARxDescListInit                0x08000779   Thumb Code   108  stm32f4xx_hal_eth.o(.text.HAL_ETH_DMARxDescListInit)
    HAL_ETH_DMATxDescListInit                0x080007e5   Thumb Code   110  stm32f4xx_hal_eth.o(.text.HAL_ETH_DMATxDescListInit)
    HAL_ETH_ErrorCallback                    0x08000853   Thumb Code     2  stm32f4xx_hal_eth.o(.text.HAL_ETH_ErrorCallback)
    HAL_ETH_GetReceivedFrame                 0x08000855   Thumb Code   124  stm32f4xx_hal_eth.o(.text.HAL_ETH_GetReceivedFrame)
    HAL_ETH_IRQHandler                       0x080008d1   Thumb Code   106  stm32f4xx_hal_eth.o(.text.HAL_ETH_IRQHandler)
    HAL_ETH_Init                             0x0800093d   Thumb Code   492  stm32f4xx_hal_eth.o(.text.HAL_ETH_Init)
    HAL_ETH_MspInit                          0x08000b29   Thumb Code   284  ethernetif.o(.text.HAL_ETH_MspInit)
    HAL_ETH_ReadPHYRegister                  0x08000c45   Thumb Code   112  stm32f4xx_hal_eth.o(.text.HAL_ETH_ReadPHYRegister)
    HAL_ETH_RxCpltCallback                   0x08000cb5   Thumb Code     2  stm32f4xx_hal_eth.o(.text.HAL_ETH_RxCpltCallback)
    HAL_ETH_Start                            0x08000cb7   Thumb Code   116  stm32f4xx_hal_eth.o(.text.HAL_ETH_Start)
    HAL_ETH_Stop                             0x08000d2b   Thumb Code   116  stm32f4xx_hal_eth.o(.text.HAL_ETH_Stop)
    HAL_ETH_TransmitFrame                    0x08000da1   Thumb Code   228  stm32f4xx_hal_eth.o(.text.HAL_ETH_TransmitFrame)
    HAL_ETH_TxCpltCallback                   0x08000e85   Thumb Code     2  stm32f4xx_hal_eth.o(.text.HAL_ETH_TxCpltCallback)
    HAL_ETH_WritePHYRegister                 0x08000e87   Thumb Code   106  stm32f4xx_hal_eth.o(.text.HAL_ETH_WritePHYRegister)
    HAL_GPIO_Init                            0x08000ef1   Thumb Code   412  stm32f4xx_hal_gpio.o(.text.HAL_GPIO_Init)
    HAL_GPIO_WritePin                        0x0800108d   Thumb Code    10  stm32f4xx_hal_gpio.o(.text.HAL_GPIO_WritePin)
    HAL_GetTick                              0x08001099   Thumb Code     8  stm32f4xx_hal.o(.text.HAL_GetTick)
    HAL_IncTick                              0x080010a1   Thumb Code    20  stm32f4xx_hal.o(.text.HAL_IncTick)
    HAL_Init                                 0x080010b5   Thumb Code    52  stm32f4xx_hal.o(.text.HAL_Init)
    HAL_InitTick                             0x080010e9   Thumb Code    60  stm32f4xx_hal.o(.text.HAL_InitTick)
    HAL_MspInit                              0x08001125   Thumb Code    56  stm32f4xx_hal_msp.o(.text.HAL_MspInit)
    HAL_NVIC_EnableIRQ                       0x0800115d   Thumb Code    28  stm32f4xx_hal_cortex.o(.text.HAL_NVIC_EnableIRQ)
    HAL_NVIC_SetPriority                     0x08001179   Thumb Code    56  stm32f4xx_hal_cortex.o(.text.HAL_NVIC_SetPriority)
    HAL_NVIC_SetPriorityGrouping             0x080011b1   Thumb Code    32  stm32f4xx_hal_cortex.o(.text.HAL_NVIC_SetPriorityGrouping)
    HAL_RCC_ClockConfig                      0x080011d1   Thumb Code   296  stm32f4xx_hal_rcc.o(.text.HAL_RCC_ClockConfig)
    HAL_RCC_GetHCLKFreq                      0x080012f9   Thumb Code    12  stm32f4xx_hal_rcc.o(.text.HAL_RCC_GetHCLKFreq)
    HAL_RCC_GetSysClockFreq                  0x08001305   Thumb Code    92  stm32f4xx_hal_rcc.o(.text.HAL_RCC_GetSysClockFreq)
    HAL_RCC_OscConfig                        0x08001361   Thumb Code   788  stm32f4xx_hal_rcc.o(.text.HAL_RCC_OscConfig)
    HAL_SYSTICK_Config                       0x08001675   Thumb Code    40  stm32f4xx_hal_cortex.o(.text.HAL_SYSTICK_Config)
    HAL_TIMEx_BreakCallback                  0x0800169d   Thumb Code     2  stm32f4xx_hal_tim_ex.o(.text.HAL_TIMEx_BreakCallback)
    HAL_TIMEx_CommutCallback                 0x0800169f   Thumb Code     2  stm32f4xx_hal_tim_ex.o(.text.HAL_TIMEx_CommutCallback)
    HAL_TIM_IC_CaptureCallback               0x080016a1   Thumb Code     2  stm32f4xx_hal_tim.o(.text.HAL_TIM_IC_CaptureCallback)
    HAL_TIM_IRQHandler                       0x080016a3   Thumb Code   364  stm32f4xx_hal_tim.o(.text.HAL_TIM_IRQHandler)
    HAL_TIM_OC_DelayElapsedCallback          0x0800180f   Thumb Code     2  stm32f4xx_hal_tim.o(.text.HAL_TIM_OC_DelayElapsedCallback)
    HAL_TIM_PWM_PulseFinishedCallback        0x08001811   Thumb Code     2  stm32f4xx_hal_tim.o(.text.HAL_TIM_PWM_PulseFinishedCallback)
    HAL_TIM_PeriodElapsedCallback            0x08001813   Thumb Code     2  stm32f4xx_hal_tim.o(.text.HAL_TIM_PeriodElapsedCallback)
    HAL_TIM_TriggerCallback                  0x08001815   Thumb Code     2  stm32f4xx_hal_tim.o(.text.HAL_TIM_TriggerCallback)
    HardFault_Handler                        0x08001817   Thumb Code     2  stm32f4xx_it.o(.text.HardFault_Handler)
    MX_GPIO_Init                             0x08001819   Thumb Code   196  gpio.o(.text.MX_GPIO_Init)
    MX_LWIP_Init                             0x080018dd   Thumb Code   124  lwip.o(.text.MX_LWIP_Init)
    MX_LWIP_Process                          0x08001959   Thumb Code    24  lwip.o(.text.MX_LWIP_Process)
    MemManage_Handler                        0x08001971   Thumb Code     2  stm32f4xx_it.o(.text.MemManage_Handler)
    NMI_Handler                              0x08001973   Thumb Code     2  stm32f4xx_it.o(.text.NMI_Handler)
    PendSV_Handler                           0x08001975   Thumb Code     2  stm32f4xx_it.o(.text.PendSV_Handler)
    SVC_Handler                              0x08001977   Thumb Code     2  stm32f4xx_it.o(.text.SVC_Handler)
    SysTick_Handler                          0x08001979   Thumb Code     4  stm32f4xx_it.o(.text.SysTick_Handler)
    SystemClock_Config                       0x0800197d   Thumb Code   136  main.o(.text.SystemClock_Config)
    SystemInit                               0x08001a05   Thumb Code    76  system_stm32f4xx.o(.text.SystemInit)
    TIM1_BRK_TIM9_IRQHandler                 0x08001a51   Thumb Code     8  stm32f4xx_it.o(.text.TIM1_BRK_TIM9_IRQHandler)
    TIM1_CC_IRQHandler                       0x08001a59   Thumb Code     8  stm32f4xx_it.o(.text.TIM1_CC_IRQHandler)
    TIM1_TRG_COM_TIM11_IRQHandler            0x08001a61   Thumb Code     8  stm32f4xx_it.o(.text.TIM1_TRG_COM_TIM11_IRQHandler)
    TIM1_UP_TIM10_IRQHandler                 0x08001a69   Thumb Code    12  stm32f4xx_it.o(.text.TIM1_UP_TIM10_IRQHandler)
    UsageFault_Handler                       0x08001a75   Thumb Code     2  stm32f4xx_it.o(.text.UsageFault_Handler)
    etharp_cleanup_netif                     0x08001b39   Thumb Code    44  etharp.o(.text.etharp_cleanup_netif)
    etharp_input                             0x08001d19   Thumb Code   324  etharp.o(.text.etharp_input)
    etharp_output                            0x08001e5d   Thumb Code   300  etharp.o(.text.etharp_output)
    etharp_query                             0x08002035   Thumb Code   376  etharp.o(.text.etharp_query)
    etharp_request                           0x080022b1   Thumb Code     8  etharp.o(.text.etharp_request)
    etharp_tmr                               0x080022dd   Thumb Code   100  etharp.o(.text.etharp_tmr)
    ethernet_input                           0x08002341   Thumb Code   156  ethernet.o(.text.ethernet_input)
    ethernet_output                          0x080023dd   Thumb Code   208  ethernet.o(.text.ethernet_output)
    ethernetif_init                          0x080024ad   Thumb Code   360  ethernetif.o(.text.ethernetif_init)
    ethernetif_input                         0x08002615   Thumb Code   212  ethernetif.o(.text.ethernetif_input)
    ethernetif_notify_conn_changed           0x080026e9   Thumb Code     2  ethernetif.o(.text.ethernetif_notify_conn_changed)
    ethernetif_update_config                 0x080026ed   Thumb Code   172  ethernetif.o(.text.ethernetif_update_config)
    icmp_dest_unreach                        0x08002799   Thumb Code     8  icmp.o(.text.icmp_dest_unreach)
    icmp_input                               0x080027a1   Thumb Code   404  icmp.o(.text.icmp_input)
    icmp_time_exceeded                       0x080029e9   Thumb Code     8  icmp.o(.text.icmp_time_exceeded)
    ip4_addr_isbroadcast_u32                 0x080029f1   Thumb Code    44  ip4_addr.o(.text.ip4_addr_isbroadcast_u32)
    ip4_frag                                 0x08002a1d   Thumb Code   536  ip4_frag.o(.text.ip4_frag)
    ip4_input                                0x08002c35   Thumb Code   352  ip4.o(.text.ip4_input)
    ip4_output_if                            0x08002dc1   Thumb Code    30  ip4.o(.text.ip4_output_if)
    ip4_output_if_src                        0x08002de1   Thumb Code   264  ip4.o(.text.ip4_output_if_src)
    ip4_reass                                0x08002ee9   Thumb Code  1060  ip4_frag.o(.text.ip4_reass)
    ip4_route                                0x0800330d   Thumb Code    92  ip4.o(.text.ip4_route)
    ip_reass_tmr                             0x0800359d   Thumb Code    44  ip4_frag.o(.text.ip_reass_tmr)
    lwip_htonl                               0x080036d5   Thumb Code     4  def.o(.text.lwip_htonl)
    lwip_htons                               0x080036d9   Thumb Code     4  def.o(.text.lwip_htons)
    lwip_init                                0x080036dd   Thumb Code    30  init.o(.text.lwip_init)
    main                                     0x080036fb   Thumb Code    26  main.o(.text.main)
    mem_free                                 0x08003715   Thumb Code   464  mem.o(.text.mem_free)
    mem_init                                 0x080038e5   Thumb Code    52  mem.o(.text.mem_init)
    mem_malloc                               0x08003919   Thumb Code   440  mem.o(.text.mem_malloc)
    mem_trim                                 0x08003ad1   Thumb Code   376  mem.o(.text.mem_trim)
    memp_free                                0x08003c49   Thumb Code    64  memp.o(.text.memp_free)
    memp_init                                0x08003c89   Thumb Code    24  memp.o(.text.memp_init)
    memp_init_pool                           0x08003ca1   Thumb Code    38  memp.o(.text.memp_init_pool)
    memp_malloc                              0x08003cc9   Thumb Code    84  memp.o(.text.memp_malloc)
    netif_add                                0x08003d1d   Thumb Code   416  netif.o(.text.netif_add)
    netif_get_by_index                       0x08003f25   Thumb Code    32  netif.o(.text.netif_get_by_index)
    netif_init                               0x08003f45   Thumb Code     2  netif.o(.text.netif_init)
    netif_set_addr                           0x08003fb9   Thumb Code   100  netif.o(.text.netif_set_addr)
    netif_set_default                        0x0800401d   Thumb Code    12  netif.o(.text.netif_set_default)
    netif_set_down                           0x08004029   Thumb Code    80  netif.o(.text.netif_set_down)
    netif_set_link_callback                  0x08004079   Thumb Code     6  netif.o(.text.netif_set_link_callback)
    netif_set_up                             0x08004081   Thumb Code    76  netif.o(.text.netif_set_up)
    pbuf_add_header                          0x080040cd   Thumb Code     6  pbuf.o(.text.pbuf_add_header)
    pbuf_alloc                               0x08004131   Thumb Code   344  pbuf.o(.text.pbuf_alloc)
    pbuf_alloc_reference                     0x08004289   Thumb Code    92  pbuf.o(.text.pbuf_alloc_reference)
    pbuf_alloced_custom                      0x080042e5   Thumb Code    50  pbuf.o(.text.pbuf_alloced_custom)
    pbuf_cat                                 0x08004319   Thumb Code   224  pbuf.o(.text.pbuf_cat)
    pbuf_chain                               0x080043f9   Thumb Code    18  pbuf.o(.text.pbuf_chain)
    pbuf_clen                                0x0800440b   Thumb Code    14  pbuf.o(.text.pbuf_clen)
    pbuf_clone                               0x08004419   Thumb Code    72  pbuf.o(.text.pbuf_clone)
    pbuf_copy                                0x08004461   Thumb Code   368  pbuf.o(.text.pbuf_copy)
    pbuf_copy_partial                        0x080045d1   Thumb Code   200  pbuf.o(.text.pbuf_copy_partial)
    pbuf_free                                0x08004699   Thumb Code   276  pbuf.o(.text.pbuf_free)
    pbuf_header_force                        0x080047ad   Thumb Code     6  pbuf.o(.text.pbuf_header_force)
    pbuf_realloc                             0x080047c5   Thumb Code   236  pbuf.o(.text.pbuf_realloc)
    pbuf_ref                                 0x080048b1   Thumb Code    56  pbuf.o(.text.pbuf_ref)
    pbuf_remove_header                       0x080048e9   Thumb Code   116  pbuf.o(.text.pbuf_remove_header)
    sys_check_timeouts                       0x0800495d   Thumb Code    48  timeouts.o(.text.sys_check_timeouts)
    sys_now                                  0x0800498d   Thumb Code     4  ethernetif.o(.text.sys_now)
    sys_timeout                              0x08004991   Thumb Code   108  timeouts.o(.text.sys_timeout)
    sys_timeouts_init                        0x08004a95   Thumb Code    40  timeouts.o(.text.sys_timeouts_init)
    tcp_abandon                              0x08004abd   Thumb Code   320  tcp.o(.text.tcp_abandon)
    tcp_abort                                0x08004bfd   Thumb Code     6  tcp.o(.text.tcp_abort)
    tcp_accept                               0x08004c03   Thumb Code    12  tcp.o(.text.tcp_accept)
    tcp_alloc                                0x08004c55   Thumb Code   288  tcp.o(.text.tcp_alloc)
    tcp_arg                                  0x08004d75   Thumb Code     6  tcp.o(.text.tcp_arg)
    tcp_bind                                 0x08004d7d   Thumb Code   232  tcp.o(.text.tcp_bind)
    tcp_close                                0x08004e65   Thumb Code    80  tcp.o(.text.tcp_close)
    tcp_echoserver_init                      0x080052d5   Thumb Code    68  tcp_echoserver.o(.text.tcp_echoserver_init)
    tcp_eff_send_mss_netif                   0x080054b5   Thumb Code    92  tcp.o(.text.tcp_eff_send_mss_netif)
    tcp_enqueue_flags                        0x08005511   Thumb Code   396  tcp_out.o(.text.tcp_enqueue_flags)
    tcp_err                                  0x0800569d   Thumb Code    84  tcp.o(.text.tcp_err)
    tcp_fasttmr                              0x080056f1   Thumb Code   104  tcp.o(.text.tcp_fasttmr)
    tcp_free                                 0x08005759   Thumb Code    64  tcp.o(.text.tcp_free)
    tcp_init                                 0x080058c1   Thumb Code    20  tcp.o(.text.tcp_init)
    tcp_input                                0x080058d5   Thumb Code  2948  tcp_in.o(.text.tcp_input)
    tcp_keepalive                            0x080064d9   Thumb Code   100  tcp_out.o(.text.tcp_keepalive)
    tcp_listen_with_backlog                  0x080065a1   Thumb Code     8  tcp.o(.text.tcp_listen_with_backlog)
    tcp_listen_with_backlog_and_err          0x080065a9   Thumb Code   284  tcp.o(.text.tcp_listen_with_backlog_and_err)
    tcp_netif_ip_addr_changed                0x080066c5   Thumb Code    60  tcp.o(.text.tcp_netif_ip_addr_changed)
    tcp_new                                  0x08006769   Thumb Code     6  tcp.o(.text.tcp_new)
    tcp_next_iss                             0x080067d5   Thumb Code    76  tcp.o(.text.tcp_next_iss)
    tcp_output                               0x08006821   Thumb Code   884  tcp_out.o(.text.tcp_output)
    tcp_pcb_purge                            0x08006f0d   Thumb Code   120  tcp.o(.text.tcp_pcb_purge)
    tcp_pcb_remove                           0x08006f85   Thumb Code   272  tcp.o(.text.tcp_pcb_remove)
    tcp_poll                                 0x08007095   Thumb Code   120  tcp.o(.text.tcp_poll)
    tcp_process_refused_data                 0x0800710d   Thumb Code   176  tcp.o(.text.tcp_process_refused_data)
    tcp_recv                                 0x080076ed   Thumb Code    84  tcp.o(.text.tcp_recv)
    tcp_recv_null                            0x08007741   Thumb Code    96  tcp.o(.text.tcp_recv_null)
    tcp_recved                               0x080077a1   Thumb Code   184  tcp.o(.text.tcp_recved)
    tcp_rexmit                               0x08007859   Thumb Code   148  tcp_out.o(.text.tcp_rexmit)
    tcp_rexmit_fast                          0x080078ed   Thumb Code   136  tcp_out.o(.text.tcp_rexmit_fast)
    tcp_rexmit_rto                           0x08007975   Thumb Code    72  tcp_out.o(.text.tcp_rexmit_rto)
    tcp_rexmit_rto_commit                    0x080079bd   Thumb Code    84  tcp_out.o(.text.tcp_rexmit_rto_commit)
    tcp_rexmit_rto_prepare                   0x08007a11   Thumb Code   148  tcp_out.o(.text.tcp_rexmit_rto_prepare)
    tcp_rst                                  0x08007ab5   Thumb Code   168  tcp_out.o(.text.tcp_rst)
    tcp_seg_free                             0x08007b5d   Thumb Code    28  tcp.o(.text.tcp_seg_free)
    tcp_segs_free                            0x08007b79   Thumb Code    16  tcp.o(.text.tcp_segs_free)
    tcp_send_empty_ack                       0x08007b89   Thumb Code   124  tcp_out.o(.text.tcp_send_empty_ack)
    tcp_send_fin                             0x08007c05   Thumb Code   120  tcp_out.o(.text.tcp_send_fin)
    tcp_sent                                 0x08007c7d   Thumb Code    80  tcp.o(.text.tcp_sent)
    tcp_setprio                              0x08007ccd   Thumb Code    56  tcp.o(.text.tcp_setprio)
    tcp_slowtmr                              0x08007d05   Thumb Code  1236  tcp.o(.text.tcp_slowtmr)
    tcp_split_unsent_seg                     0x080081d9   Thumb Code   472  tcp_out.o(.text.tcp_split_unsent_seg)
    tcp_timer_needed                         0x080083b1   Thumb Code    52  timeouts.o(.text.tcp_timer_needed)
    tcp_tmr                                  0x080083e5   Thumb Code    32  tcp.o(.text.tcp_tmr)
    tcp_trigger_input_pcb_close              0x08008405   Thumb Code    16  tcp_in.o(.text.tcp_trigger_input_pcb_close)
    tcp_update_rcv_ann_wnd                   0x08008415   Thumb Code   160  tcp.o(.text.tcp_update_rcv_ann_wnd)
    tcp_write                                0x080084b5   Thumb Code  1480  tcp_out.o(.text.tcp_write)
    tcp_zero_window_probe                    0x08008a7d   Thumb Code   224  tcp_out.o(.text.tcp_zero_window_probe)
    udp_init                                 0x08008b95   Thumb Code    20  udp.o(.text.udp_init)
    udp_input                                0x08008ba9   Thumb Code   532  udp.o(.text.udp_input)
    udp_netif_ip_addr_changed                0x08008dbd   Thumb Code    44  udp.o(.text.udp_netif_ip_addr_changed)
    __0printf$3                              0x08008de9   Thumb Code    22  printf3.o(i.__0printf$3)
    __1printf$3                              0x08008de9   Thumb Code     0  printf3.o(i.__0printf$3)
    __2printf                                0x08008de9   Thumb Code     0  printf3.o(i.__0printf$3)
    __scatterload_copy                       0x08008e09   Thumb Code    14  handlers.o(i.__scatterload_copy)
    __scatterload_null                       0x08008e17   Thumb Code     2  handlers.o(i.__scatterload_null)
    __scatterload_zeroinit                   0x08008e19   Thumb Code    14  handlers.o(i.__scatterload_zeroinit)
    fputc                                    0x08008fe1   Thumb Code    18  fputc.o(i.fputc)
    AHBPrescTable                            0x08008ff2   Data          16  system_stm32f4xx.o(.rodata.AHBPrescTable)
    ethbroadcast                             0x08009002   Data           6  ethernet.o(.rodata.ethbroadcast)
    ethzero                                  0x08009008   Data           6  ethernet.o(.rodata.ethzero)
    ip_addr_any                              0x08009010   Data           4  ip4_addr.o(.rodata.ip_addr_any)
    lwip_cyclic_timers                       0x08009014   Data          24  timeouts.o(.rodata.lwip_cyclic_timers)
    memp_FRAG_PBUF                           0x0800902c   Data          12  memp.o(.rodata.memp_FRAG_PBUF)
    memp_PBUF                                0x08009038   Data          12  memp.o(.rodata.memp_PBUF)
    memp_PBUF_POOL                           0x08009044   Data          12  memp.o(.rodata.memp_PBUF_POOL)
    memp_REASSDATA                           0x08009050   Data          12  memp.o(.rodata.memp_REASSDATA)
    memp_SYS_TIMEOUT                         0x0800905c   Data          12  memp.o(.rodata.memp_SYS_TIMEOUT)
    memp_TCP_PCB                             0x08009068   Data          12  memp.o(.rodata.memp_TCP_PCB)
    memp_TCP_PCB_LISTEN                      0x08009074   Data          12  memp.o(.rodata.memp_TCP_PCB_LISTEN)
    memp_TCP_SEG                             0x08009080   Data          12  memp.o(.rodata.memp_TCP_SEG)
    memp_UDP_PCB                             0x0800908c   Data          12  memp.o(.rodata.memp_UDP_PCB)
    memp_pools                               0x08009098   Data          36  memp.o(.rodata.memp_pools)
    tcp_pcb_lists                            0x08009a30   Data          16  tcp.o(.rodata.tcp_pcb_lists)
    Region$$Table$$Base                      0x08009a48   Number         0  anon$$obj.o(Region$$Table)
    Region$$Table$$Limit                     0x08009a68   Number         0  anon$$obj.o(Region$$Table)
    __stdout                                 0x20000004   Data           4  stdout.o(.data)
    uwTickFreq                               0x20000008   Data           1  stm32f4xx_hal.o(.data..L_MergedGlobals)
    uwTickPrio                               0x2000000c   Data           4  stm32f4xx_hal.o(.data..L_MergedGlobals)
    SystemCoreClock                          0x20000010   Data           4  system_stm32f4xx.o(.data.SystemCoreClock)
    IP_ADDRESS                               0x20000020   Data           4  lwip.o(.bss..L_MergedGlobals)
    NETMASK_ADDRESS                          0x20000024   Data           4  lwip.o(.bss..L_MergedGlobals)
    GATEWAY_ADDRESS                          0x20000028   Data           4  lwip.o(.bss..L_MergedGlobals)
    ipaddr                                   0x2000002c   Data           4  lwip.o(.bss..L_MergedGlobals)
    netmask                                  0x20000030   Data           4  lwip.o(.bss..L_MergedGlobals)
    gw                                       0x20000034   Data           4  lwip.o(.bss..L_MergedGlobals)
    gnetif                                   0x20000038   Data          52  lwip.o(.bss..L_MergedGlobals)
    EthernetLinkTimer                        0x2000006c   Data           4  ethernetif.o(.bss..L_MergedGlobals)
    heth                                     0x20000070   Data          72  ethernetif.o(.bss..L_MergedGlobals)
    netif_list                               0x200000c8   Data           4  netif.o(.bss..L_MergedGlobals)
    netif_default                            0x200000cc   Data           4  netif.o(.bss..L_MergedGlobals)
    tcp_active_pcbs_changed                  0x200000d0   Data           1  tcp.o(.bss..L_MergedGlobals)
    tcp_listen_pcbs                          0x200000d4   Data           4  tcp.o(.bss..L_MergedGlobals)
    tcp_bound_pcbs                           0x200000d8   Data           4  tcp.o(.bss..L_MergedGlobals)
    tcp_active_pcbs                          0x200000dc   Data           4  tcp.o(.bss..L_MergedGlobals)
    tcp_tw_pcbs                              0x200000e0   Data           4  tcp.o(.bss..L_MergedGlobals)
    tcp_ticks                                0x200000e4   Data           4  tcp.o(.bss..L_MergedGlobals)
    tcp_input_pcb                            0x2000010c   Data           4  tcp_in.o(.bss..L_MergedGlobals)
    DMARxDscrTab                             0x20000128   Data         128  ethernetif.o(.bss.DMARxDscrTab)
    DMATxDscrTab                             0x200001a8   Data         128  ethernetif.o(.bss.DMATxDscrTab)
    Rx_Buff                                  0x20000228   Data        6096  ethernetif.o(.bss.Rx_Buff)
    Tx_Buff                                  0x200019f8   Data        6096  ethernetif.o(.bss.Tx_Buff)
    hdma_usart1_rx                           0x200032bc   Data          96  usart.o(.bss.hdma_usart1_rx)
    hdma_usart1_tx                           0x2000331c   Data          96  usart.o(.bss.hdma_usart1_tx)
    hdma_usart6_rx                           0x2000337c   Data          96  usart.o(.bss.hdma_usart6_rx)
    hdma_usart6_tx                           0x200033dc   Data          96  usart.o(.bss.hdma_usart6_tx)
    htim1                                    0x2000343c   Data          64  tim.o(.bss.htim1)
    ip_data                                  0x2000347c   Data          24  ip.o(.bss.ip_data)
    memp_memory_FRAG_PBUF_base               0x20003496   Data         363  memp.o(.bss.memp_memory_FRAG_PBUF_base)
    memp_memory_PBUF_POOL_base               0x20003601   Data        8451  memp.o(.bss.memp_memory_PBUF_POOL_base)
    memp_memory_PBUF_base                    0x20005704   Data         259  memp.o(.bss.memp_memory_PBUF_base)
    memp_memory_REASSDATA_base               0x20005807   Data         163  memp.o(.bss.memp_memory_REASSDATA_base)
    memp_memory_SYS_TIMEOUT_base             0x200058aa   Data         163  memp.o(.bss.memp_memory_SYS_TIMEOUT_base)
    memp_memory_TCP_PCB_LISTEN_base          0x2000594d   Data         143  memp.o(.bss.memp_memory_TCP_PCB_LISTEN_base)
    memp_memory_TCP_PCB_base                 0x200059dc   Data        1523  memp.o(.bss.memp_memory_TCP_PCB_base)
    memp_memory_TCP_SEG_base                 0x20005fcf   Data         259  memp.o(.bss.memp_memory_TCP_SEG_base)
    memp_memory_UDP_PCB_base                 0x200060d2   Data         195  memp.o(.bss.memp_memory_UDP_PCB_base)
    ram_heap                                 0x200061bc   Data       10259  mem.o(.bss.ram_heap)
    udp_pcbs                                 0x200089dc   Data           4  udp.o(.bss.udp_pcbs)
    uwTick                                   0x200089e0   Data           4  stm32f4xx_hal.o(.bss.uwTick)
    __initial_sp                             0x200099e7   Data           0  startup_stm32f407xx.o(STACK)



==============================================================================

Memory Map of the image

  Image Entry point : 0x08000189

  Load Region LR_IROM1 (Base: 0x08000000, Size: 0x00009a88, Max: 0x00100000, ABSOLUTE)

    Execution Region ER_IROM1 (Exec base: 0x08000000, Load base: 0x08000000, Size: 0x00009a68, Max: 0x00100000, ABSOLUTE)

    Exec Addr    Load Addr    Size         Type   Attr      Idx    E Section Name        Object

    0x08000000   0x08000000   0x00000188   Data   RO            3    RESET               startup_stm32f407xx.o
    0x08000188   0x08000188   0x00000000   Code   RO         2254  * .ARM.Collect$$$$00000000  mc_w.l(entry.o)
    0x08000188   0x08000188   0x00000004   Code   RO         2569    .ARM.Collect$$$$00000001  mc_w.l(entry2.o)
    0x0800018c   0x0800018c   0x00000004   Code   RO         2572    .ARM.Collect$$$$00000004  mc_w.l(entry5.o)
    0x08000190   0x08000190   0x00000000   Code   RO         2574    .ARM.Collect$$$$00000008  mc_w.l(entry7b.o)
    0x08000190   0x08000190   0x00000000   Code   RO         2576    .ARM.Collect$$$$0000000A  mc_w.l(entry8b.o)
    0x08000190   0x08000190   0x00000008   Code   RO         2577    .ARM.Collect$$$$0000000B  mc_w.l(entry9a.o)
    0x08000198   0x08000198   0x00000000   Code   RO         2579    .ARM.Collect$$$$0000000D  mc_w.l(entry10a.o)
    0x08000198   0x08000198   0x00000000   Code   RO         2581    .ARM.Collect$$$$0000000F  mc_w.l(entry11a.o)
    0x08000198   0x08000198   0x00000004   Code   RO         2570    .ARM.Collect$$$$00002712  mc_w.l(entry2.o)
    0x0800019c   0x0800019c   0x00000024   Code   RO            4    .text               startup_stm32f407xx.o
    0x080001c0   0x080001c0   0x00000062   Code   RO         2257    .text               mc_w.l(uldiv.o)
    0x08000222   0x08000222   0x00000002   PAD
    0x08000224   0x08000224   0x00000024   Code   RO         2287    .text               mc_w.l(rand.o)
    0x08000248   0x08000248   0x00000040   Code   RO         2292    .text               mc_w.l(memmovea.o)
    0x08000288   0x08000288   0x00000024   Code   RO         2294    .text               mc_w.l(memseta.o)
    0x080002ac   0x080002ac   0x0000001a   Code   RO         2298    .text               mc_w.l(memcmp.o)
    0x080002c6   0x080002c6   0x0000002c   Code   RO         2588    .text               mc_w.l(uidiv.o)
    0x080002f2   0x080002f2   0x0000001e   Code   RO         2590    .text               mc_w.l(llshl.o)
    0x08000310   0x08000310   0x00000020   Code   RO         2592    .text               mc_w.l(llushr.o)
    0x08000330   0x08000330   0x00000024   Code   RO         2614    .text               mc_w.l(init.o)
    0x08000354   0x08000354   0x00000000   Code   RO         2616    .text               mc_w.l(semi.o)
    0x08000354   0x08000354   0x00000000   Code   RO         2621    .text               mc_w.l(iusesemip.o)
    0x08000354   0x08000354   0x00000002   Code   RO          188    .text.BusFault_Handler  stm32f4xx_it.o
    0x08000356   0x08000356   0x00000002   PAD
    0x08000358   0x08000358   0x0000000c   Code   RO          208    .text.DMA2_Stream1_IRQHandler  stm32f4xx_it.o
    0x08000364   0x08000364   0x0000000c   Code   RO          210    .text.DMA2_Stream2_IRQHandler  stm32f4xx_it.o
    0x08000370   0x08000370   0x0000000c   Code   RO          216    .text.DMA2_Stream6_IRQHandler  stm32f4xx_it.o
    0x0800037c   0x0800037c   0x0000000c   Code   RO          218    .text.DMA2_Stream7_IRQHandler  stm32f4xx_it.o
    0x08000388   0x08000388   0x00000002   Code   RO          194    .text.DebugMon_Handler  stm32f4xx_it.o
    0x0800038a   0x0800038a   0x00000002   PAD
    0x0800038c   0x0800038c   0x00000020   Code   RO          323    .text.ETH_Delay     stm32f4xx_hal_eth.o
    0x080003ac   0x080003ac   0x00000026   Code   RO          313    .text.ETH_FlushTransmitFIFO  stm32f4xx_hal_eth.o
    0x080003d2   0x080003d2   0x00000002   PAD
    0x080003d4   0x080003d4   0x00000008   Code   RO          212    .text.ETH_IRQHandler  stm32f4xx_it.o
    0x080003dc   0x080003dc   0x000000e4   Code   RO          285    .text.ETH_MACDMAConfig  stm32f4xx_hal_eth.o
    0x080004c0   0x080004c0   0x0000000c   Code   RO          214    .text.ETH_WKUP_IRQHandler  stm32f4xx_it.o
    0x080004cc   0x080004cc   0x00000170   Code   RO          518    .text.HAL_DMA_IRQHandler  stm32f4xx_hal_dma.o
    0x0800063c   0x0800063c   0x00000024   Code   RO          670    .text.HAL_Delay     stm32f4xx_hal.o
    0x08000660   0x08000660   0x00000118   Code   RO          317    .text.HAL_ETH_ConfigMAC  stm32f4xx_hal_eth.o
    0x08000778   0x08000778   0x0000006c   Code   RO          295    .text.HAL_ETH_DMARxDescListInit  stm32f4xx_hal_eth.o
    0x080007e4   0x080007e4   0x0000006e   Code   RO          293    .text.HAL_ETH_DMATxDescListInit  stm32f4xx_hal_eth.o
    0x08000852   0x08000852   0x00000002   Code   RO          309    .text.HAL_ETH_ErrorCallback  stm32f4xx_hal_eth.o
    0x08000854   0x08000854   0x0000007c   Code   RO          299    .text.HAL_ETH_GetReceivedFrame  stm32f4xx_hal_eth.o
    0x080008d0   0x080008d0   0x0000006a   Code   RO          303    .text.HAL_ETH_IRQHandler  stm32f4xx_hal_eth.o
    0x0800093a   0x0800093a   0x00000002   PAD
    0x0800093c   0x0800093c   0x000001ec   Code   RO          279    .text.HAL_ETH_Init  stm32f4xx_hal_eth.o
    0x08000b28   0x08000b28   0x0000011c   Code   RO           84    .text.HAL_ETH_MspInit  ethernetif.o
    0x08000c44   0x08000c44   0x00000070   Code   RO          287    .text.HAL_ETH_ReadPHYRegister  stm32f4xx_hal_eth.o
    0x08000cb4   0x08000cb4   0x00000002   Code   RO          305    .text.HAL_ETH_RxCpltCallback  stm32f4xx_hal_eth.o
    0x08000cb6   0x08000cb6   0x00000074   Code   RO          311    .text.HAL_ETH_Start  stm32f4xx_hal_eth.o
    0x08000d2a   0x08000d2a   0x00000074   Code   RO          315    .text.HAL_ETH_Stop  stm32f4xx_hal_eth.o
    0x08000d9e   0x08000d9e   0x00000002   PAD
    0x08000da0   0x08000da0   0x000000e4   Code   RO          297    .text.HAL_ETH_TransmitFrame  stm32f4xx_hal_eth.o
    0x08000e84   0x08000e84   0x00000002   Code   RO          307    .text.HAL_ETH_TxCpltCallback  stm32f4xx_hal_eth.o
    0x08000e86   0x08000e86   0x0000006a   Code   RO          283    .text.HAL_ETH_WritePHYRegister  stm32f4xx_hal_eth.o
    0x08000ef0   0x08000ef0   0x0000019c   Code   RO          460    .text.HAL_GPIO_Init  stm32f4xx_hal_gpio.o
    0x0800108c   0x0800108c   0x0000000a   Code   RO          466    .text.HAL_GPIO_WritePin  stm32f4xx_hal_gpio.o
    0x08001096   0x08001096   0x00000002   PAD
    0x08001098   0x08001098   0x00000008   Code   RO          662    .text.HAL_GetTick   stm32f4xx_hal.o
    0x080010a0   0x080010a0   0x00000014   Code   RO          660    .text.HAL_IncTick   stm32f4xx_hal.o
    0x080010b4   0x080010b4   0x00000034   Code   RO          650    .text.HAL_Init      stm32f4xx_hal.o
    0x080010e8   0x080010e8   0x0000003c   Code   RO          652    .text.HAL_InitTick  stm32f4xx_hal.o
    0x08001124   0x08001124   0x00000038   Code   RO          228    .text.HAL_MspInit   stm32f4xx_hal_msp.o
    0x0800115c   0x0800115c   0x0000001c   Code   RO          607    .text.HAL_NVIC_EnableIRQ  stm32f4xx_hal_cortex.o
    0x08001178   0x08001178   0x00000038   Code   RO          603    .text.HAL_NVIC_SetPriority  stm32f4xx_hal_cortex.o
    0x080011b0   0x080011b0   0x00000020   Code   RO          601    .text.HAL_NVIC_SetPriorityGrouping  stm32f4xx_hal_cortex.o
    0x080011d0   0x080011d0   0x00000128   Code   RO          338    .text.HAL_RCC_ClockConfig  stm32f4xx_hal_rcc.o
    0x080012f8   0x080012f8   0x0000000c   Code   RO          348    .text.HAL_RCC_GetHCLKFreq  stm32f4xx_hal_rcc.o
    0x08001304   0x08001304   0x0000005c   Code   RO          340    .text.HAL_RCC_GetSysClockFreq  stm32f4xx_hal_rcc.o
    0x08001360   0x08001360   0x00000314   Code   RO          336    .text.HAL_RCC_OscConfig  stm32f4xx_hal_rcc.o
    0x08001674   0x08001674   0x00000028   Code   RO          615    .text.HAL_SYSTICK_Config  stm32f4xx_hal_cortex.o
    0x0800169c   0x0800169c   0x00000002   Code   RO         1300    .text.HAL_TIMEx_BreakCallback  stm32f4xx_hal_tim_ex.o
    0x0800169e   0x0800169e   0x00000002   Code   RO         1296    .text.HAL_TIMEx_CommutCallback  stm32f4xx_hal_tim_ex.o
    0x080016a0   0x080016a0   0x00000002   Code   RO         1131    .text.HAL_TIM_IC_CaptureCallback  stm32f4xx_hal_tim.o
    0x080016a2   0x080016a2   0x0000016c   Code   RO         1129    .text.HAL_TIM_IRQHandler  stm32f4xx_hal_tim.o
    0x0800180e   0x0800180e   0x00000002   Code   RO         1133    .text.HAL_TIM_OC_DelayElapsedCallback  stm32f4xx_hal_tim.o
    0x08001810   0x08001810   0x00000002   Code   RO         1135    .text.HAL_TIM_PWM_PulseFinishedCallback  stm32f4xx_hal_tim.o
    0x08001812   0x08001812   0x00000002   Code   RO         1137    .text.HAL_TIM_PeriodElapsedCallback  stm32f4xx_hal_tim.o
    0x08001814   0x08001814   0x00000002   Code   RO         1139    .text.HAL_TIM_TriggerCallback  stm32f4xx_hal_tim.o
    0x08001816   0x08001816   0x00000002   Code   RO          184    .text.HardFault_Handler  stm32f4xx_it.o
    0x08001818   0x08001818   0x000000c4   Code   RO           26    .text.MX_GPIO_Init  gpio.o
    0x080018dc   0x080018dc   0x0000007c   Code   RO           62    .text.MX_LWIP_Init  lwip.o
    0x08001958   0x08001958   0x00000018   Code   RO           64    .text.MX_LWIP_Process  lwip.o
    0x08001970   0x08001970   0x00000002   Code   RO          186    .text.MemManage_Handler  stm32f4xx_it.o
    0x08001972   0x08001972   0x00000002   Code   RO          182    .text.NMI_Handler   stm32f4xx_it.o
    0x08001974   0x08001974   0x00000002   Code   RO          196    .text.PendSV_Handler  stm32f4xx_it.o
    0x08001976   0x08001976   0x00000002   Code   RO          192    .text.SVC_Handler   stm32f4xx_it.o
    0x08001978   0x08001978   0x00000004   Code   RO          198    .text.SysTick_Handler  stm32f4xx_it.o
    0x0800197c   0x0800197c   0x00000088   Code   RO           13    .text.SystemClock_Config  main.o
    0x08001a04   0x08001a04   0x0000004c   Code   RO          263    .text.SystemInit    system_stm32f4xx.o
    0x08001a50   0x08001a50   0x00000008   Code   RO          200    .text.TIM1_BRK_TIM9_IRQHandler  stm32f4xx_it.o
    0x08001a58   0x08001a58   0x00000008   Code   RO          206    .text.TIM1_CC_IRQHandler  stm32f4xx_it.o
    0x08001a60   0x08001a60   0x00000008   Code   RO          204    .text.TIM1_TRG_COM_TIM11_IRQHandler  stm32f4xx_it.o
    0x08001a68   0x08001a68   0x0000000c   Code   RO          202    .text.TIM1_UP_TIM10_IRQHandler  stm32f4xx_it.o
    0x08001a74   0x08001a74   0x00000002   Code   RO          190    .text.UsageFault_Handler  stm32f4xx_it.o
    0x08001a76   0x08001a76   0x00000002   PAD
    0x08001a78   0x08001a78   0x00000024   Code   RO          605    .text.__NVIC_SetPriority  stm32f4xx_hal_cortex.o
    0x08001a9c   0x08001a9c   0x00000048   Code   RO         1613    .text.do_memp_free_pool  memp.o
    0x08001ae4   0x08001ae4   0x00000054   Code   RO         1607    .text.do_memp_malloc_pool  memp.o
    0x08001b38   0x08001b38   0x0000002c   Code   RO         2057    .text.etharp_cleanup_netif  etharp.o
    0x08001b64   0x08001b64   0x00000194   Code   RO         2061    .text.etharp_find_entry  etharp.o
    0x08001cf8   0x08001cf8   0x00000020   Code   RO         2053    .text.etharp_free_entry  etharp.o
    0x08001d18   0x08001d18   0x00000144   Code   RO         2065    .text.etharp_input  etharp.o
    0x08001e5c   0x08001e5c   0x0000012c   Code   RO         2069    .text.etharp_output  etharp.o
    0x08001f88   0x08001f88   0x000000ac   Code   RO         2071    .text.etharp_output_to_arp_index  etharp.o
    0x08002034   0x08002034   0x00000178   Code   RO         2073    .text.etharp_query  etharp.o
    0x080021ac   0x080021ac   0x00000104   Code   RO         2067    .text.etharp_raw    etharp.o
    0x080022b0   0x080022b0   0x00000008   Code   RO         2055    .text.etharp_request  etharp.o
    0x080022b8   0x080022b8   0x00000024   Code   RO         2075    .text.etharp_request_dst  etharp.o
    0x080022dc   0x080022dc   0x00000064   Code   RO         2051    .text.etharp_tmr    etharp.o
    0x08002340   0x08002340   0x0000009c   Code   RO         1469    .text.ethernet_input  ethernet.o
    0x080023dc   0x080023dc   0x000000d0   Code   RO         1471    .text.ethernet_output  ethernet.o
    0x080024ac   0x080024ac   0x00000168   Code   RO           90    .text.ethernetif_init  ethernetif.o
    0x08002614   0x08002614   0x000000d4   Code   RO           88    .text.ethernetif_input  ethernetif.o
    0x080026e8   0x080026e8   0x00000002   Code   RO          102    .text.ethernetif_notify_conn_changed  ethernetif.o
    0x080026ea   0x080026ea   0x00000002   PAD
    0x080026ec   0x080026ec   0x000000ac   Code   RO          100    .text.ethernetif_update_config  ethernetif.o
    0x08002798   0x08002798   0x00000008   Code   RO         2091    .text.icmp_dest_unreach  icmp.o
    0x080027a0   0x080027a0   0x00000194   Code   RO         2089    .text.icmp_input    icmp.o
    0x08002934   0x08002934   0x000000b4   Code   RO         2093    .text.icmp_send_response  icmp.o
    0x080029e8   0x080029e8   0x00000008   Code   RO         2095    .text.icmp_time_exceeded  icmp.o
    0x080029f0   0x080029f0   0x0000002c   Code   RO         2131    .text.ip4_addr_isbroadcast_u32  ip4_addr.o
    0x08002a1c   0x08002a1c   0x00000218   Code   RO         2165    .text.ip4_frag      ip4_frag.o
    0x08002c34   0x08002c34   0x00000160   Code   RO         2110    .text.ip4_input     ip4.o
    0x08002d94   0x08002d94   0x0000002c   Code   RO         2112    .text.ip4_input_accept  ip4.o
    0x08002dc0   0x08002dc0   0x0000001e   Code   RO         2114    .text.ip4_output_if  ip4.o
    0x08002dde   0x08002dde   0x00000002   PAD
    0x08002de0   0x08002de0   0x00000108   Code   RO         2116    .text.ip4_output_if_src  ip4.o
    0x08002ee8   0x08002ee8   0x00000424   Code   RO         2159    .text.ip4_reass     ip4_frag.o
    0x0800330c   0x0800330c   0x0000005c   Code   RO         2108    .text.ip4_route     ip4.o
    0x08003368   0x08003368   0x00000030   Code   RO         2167    .text.ip_frag_free_pbuf_custom_ref  ip4_frag.o
    0x08003398   0x08003398   0x00000058   Code   RO         2163    .text.ip_reass_dequeue_datagram  ip4_frag.o
    0x080033f0   0x080033f0   0x0000013c   Code   RO         2157    .text.ip_reass_free_complete_datagram  ip4_frag.o
    0x0800352c   0x0800352c   0x00000070   Code   RO         2161    .text.ip_reass_remove_oldest_datagram  ip4_frag.o
    0x0800359c   0x0800359c   0x0000002c   Code   RO         2155    .text.ip_reass_tmr  ip4_frag.o
    0x080035c8   0x080035c8   0x0000003c   Code   RO         2169    .text.ipfrag_free_pbuf_custom  ip4_frag.o
    0x08003604   0x08003604   0x000000a0   Code   RO           92    .text.low_level_output  ethernetif.o
    0x080036a4   0x080036a4   0x00000030   Code   RO         1981    .text.lwip_cyclic_timer  timeouts.o
    0x080036d4   0x080036d4   0x00000004   Code   RO         1520    .text.lwip_htonl    def.o
    0x080036d8   0x080036d8   0x00000004   Code   RO         1518    .text.lwip_htons    def.o
    0x080036dc   0x080036dc   0x0000001e   Code   RO         1563    .text.lwip_init     init.o
    0x080036fa   0x080036fa   0x0000001a   Code   RO           11    .text.main          main.o
    0x08003714   0x08003714   0x000001d0   Code   RO         1581    .text.mem_free      mem.o
    0x080038e4   0x080038e4   0x00000034   Code   RO         1579    .text.mem_init      mem.o
    0x08003918   0x08003918   0x000001b8   Code   RO         1585    .text.mem_malloc    mem.o
    0x08003ad0   0x08003ad0   0x00000178   Code   RO         1583    .text.mem_trim      mem.o
    0x08003c48   0x08003c48   0x00000040   Code   RO         1615    .text.memp_free     memp.o
    0x08003c88   0x08003c88   0x00000018   Code   RO         1603    .text.memp_init     memp.o
    0x08003ca0   0x08003ca0   0x00000026   Code   RO         1601    .text.memp_init_pool  memp.o
    0x08003cc6   0x08003cc6   0x00000002   PAD
    0x08003cc8   0x08003cc8   0x00000054   Code   RO         1609    .text.memp_malloc   memp.o
    0x08003d1c   0x08003d1c   0x000001a0   Code   RO         1661    .text.netif_add     netif.o
    0x08003ebc   0x08003ebc   0x00000016   Code   RO         1677    .text.netif_do_ip_addr_changed  netif.o
    0x08003ed2   0x08003ed2   0x00000002   PAD
    0x08003ed4   0x08003ed4   0x00000050   Code   RO         1669    .text.netif_do_set_ipaddr  netif.o
    0x08003f24   0x08003f24   0x00000020   Code   RO         1699    .text.netif_get_by_index  netif.o
    0x08003f44   0x08003f44   0x00000002   Code   RO         1655    .text.netif_init    netif.o
    0x08003f46   0x08003f46   0x00000002   PAD
    0x08003f48   0x08003f48   0x00000068   Code   RO         1685    .text.netif_issue_reports  netif.o
    0x08003fb0   0x08003fb0   0x00000006   Code   RO         1663    .text.netif_null_output_ip4  netif.o
    0x08003fb6   0x08003fb6   0x00000002   PAD
    0x08003fb8   0x08003fb8   0x00000064   Code   RO         1665    .text.netif_set_addr  netif.o
    0x0800401c   0x0800401c   0x0000000c   Code   RO         1681    .text.netif_set_default  netif.o
    0x08004028   0x08004028   0x00000050   Code   RO         1679    .text.netif_set_down  netif.o
    0x08004078   0x08004078   0x00000006   Code   RO         1691    .text.netif_set_link_callback  netif.o
    0x0800407e   0x0800407e   0x00000002   PAD
    0x08004080   0x08004080   0x0000004c   Code   RO         1683    .text.netif_set_up  netif.o
    0x080040cc   0x080040cc   0x00000006   Code   RO         1722    .text.pbuf_add_header  pbuf.o
    0x080040d2   0x080040d2   0x00000002   PAD
    0x080040d4   0x080040d4   0x0000005c   Code   RO         1724    .text.pbuf_add_header_impl  pbuf.o
    0x08004130   0x08004130   0x00000158   Code   RO         1712    .text.pbuf_alloc    pbuf.o
    0x08004288   0x08004288   0x0000005c   Code   RO         1714    .text.pbuf_alloc_reference  pbuf.o
    0x080042e4   0x080042e4   0x00000032   Code   RO         1718    .text.pbuf_alloced_custom  pbuf.o
    0x08004316   0x08004316   0x00000002   PAD
    0x08004318   0x08004318   0x000000e0   Code   RO         1742    .text.pbuf_cat      pbuf.o
    0x080043f8   0x080043f8   0x00000012   Code   RO         1744    .text.pbuf_chain    pbuf.o
    0x0800440a   0x0800440a   0x0000000e   Code   RO         1738    .text.pbuf_clen     pbuf.o
    0x08004418   0x08004418   0x00000048   Code   RO         1764    .text.pbuf_clone    pbuf.o
    0x08004460   0x08004460   0x00000170   Code   RO         1748    .text.pbuf_copy     pbuf.o
    0x080045d0   0x080045d0   0x000000c8   Code   RO         1750    .text.pbuf_copy_partial  pbuf.o
    0x08004698   0x08004698   0x00000114   Code   RO         1716    .text.pbuf_free     pbuf.o
    0x080047ac   0x080047ac   0x00000006   Code   RO         1734    .text.pbuf_header_force  pbuf.o
    0x080047b2   0x080047b2   0x00000010   Code   RO         1732    .text.pbuf_header_impl  pbuf.o
    0x080047c2   0x080047c2   0x00000002   PAD
    0x080047c4   0x080047c4   0x000000ec   Code   RO         1720    .text.pbuf_realloc  pbuf.o
    0x080048b0   0x080048b0   0x00000038   Code   RO         1740    .text.pbuf_ref      pbuf.o
    0x080048e8   0x080048e8   0x00000074   Code   RO         1728    .text.pbuf_remove_header  pbuf.o
    0x0800495c   0x0800495c   0x00000030   Code   RO         1987    .text.sys_check_timeouts  timeouts.o
    0x0800498c   0x0800498c   0x00000004   Code   RO           96    .text.sys_now       ethernetif.o
    0x08004990   0x08004990   0x0000006c   Code   RO         1975    .text.sys_timeout   timeouts.o
    0x080049fc   0x080049fc   0x00000098   Code   RO         1983    .text.sys_timeout_abs  timeouts.o
    0x08004a94   0x08004a94   0x00000028   Code   RO         1979    .text.sys_timeouts_init  timeouts.o
    0x08004abc   0x08004abc   0x00000140   Code   RO         1807    .text.tcp_abandon   tcp.o
    0x08004bfc   0x08004bfc   0x00000006   Code   RO         1813    .text.tcp_abort     tcp.o
    0x08004c02   0x08004c02   0x0000000c   Code   RO         1867    .text.tcp_accept    tcp.o
    0x08004c0e   0x08004c0e   0x00000002   PAD
    0x08004c10   0x08004c10   0x00000044   Code   RO         1825    .text.tcp_accept_null  tcp.o
    0x08004c54   0x08004c54   0x00000120   Code   RO         1851    .text.tcp_alloc     tcp.o
    0x08004d74   0x08004d74   0x00000006   Code   RO         1859    .text.tcp_arg       tcp.o
    0x08004d7a   0x08004d7a   0x00000002   PAD
    0x08004d7c   0x08004d7c   0x000000e8   Code   RO         1815    .text.tcp_bind      tcp.o
    0x08004e64   0x08004e64   0x00000050   Code   RO         1801    .text.tcp_close     tcp.o
    0x08004eb4   0x08004eb4   0x000001f0   Code   RO         1803    .text.tcp_close_shutdown  tcp.o
    0x080050a4   0x080050a4   0x0000006c   Code   RO         1839    .text.tcp_close_shutdown_fin  tcp.o
    0x08005110   0x08005110   0x0000011c   Code   RO         1925    .text.tcp_create_segment  tcp_out.o
    0x0800522c   0x0800522c   0x0000005c   Code   RO          239    .text.tcp_echoserver_accept  tcp_echoserver.o
    0x08005288   0x08005288   0x00000040   Code   RO          247    .text.tcp_echoserver_connection_close  tcp_echoserver.o
    0x080052c8   0x080052c8   0x0000000a   Code   RO          243    .text.tcp_echoserver_error  tcp_echoserver.o
    0x080052d2   0x080052d2   0x00000002   PAD
    0x080052d4   0x080052d4   0x00000044   Code   RO          237    .text.tcp_echoserver_init  tcp_echoserver.o
    0x08005318   0x08005318   0x0000003c   Code   RO          245    .text.tcp_echoserver_poll  tcp_echoserver.o
    0x08005354   0x08005354   0x000000cc   Code   RO          241    .text.tcp_echoserver_recv  tcp_echoserver.o
    0x08005420   0x08005420   0x0000005c   Code   RO          251    .text.tcp_echoserver_send  tcp_echoserver.o
    0x0800547c   0x0800547c   0x00000038   Code   RO          249    .text.tcp_echoserver_sent  tcp_echoserver.o
    0x080054b4   0x080054b4   0x0000005c   Code   RO         1835    .text.tcp_eff_send_mss_netif  tcp.o
    0x08005510   0x08005510   0x0000018c   Code   RO         1931    .text.tcp_enqueue_flags  tcp_out.o
    0x0800569c   0x0800569c   0x00000054   Code   RO         1865    .text.tcp_err       tcp.o
    0x080056f0   0x080056f0   0x00000068   Code   RO         1797    .text.tcp_fasttmr   tcp.o
    0x08005758   0x08005758   0x00000040   Code   RO         1793    .text.tcp_free      tcp.o
    0x08005798   0x08005798   0x00000100   Code   RO         1908    .text.tcp_free_acked_segments  tcp_in.o
    0x08005898   0x08005898   0x00000028   Code   RO         1904    .text.tcp_get_next_optbyte  tcp_in.o
    0x080058c0   0x080058c0   0x00000014   Code   RO         1791    .text.tcp_init      tcp.o
    0x080058d4   0x080058d4   0x00000b84   Code   RO         1896    .text.tcp_input     tcp_in.o
    0x08006458   0x08006458   0x00000080   Code   RO         1898    .text.tcp_input_delayed_close  tcp_in.o
    0x080064d8   0x080064d8   0x00000064   Code   RO         1959    .text.tcp_keepalive  tcp_out.o
    0x0800653c   0x0800653c   0x00000064   Code   RO         1853    .text.tcp_kill_state  tcp.o
    0x080065a0   0x080065a0   0x00000008   Code   RO         1821    .text.tcp_listen_with_backlog  tcp.o
    0x080065a8   0x080065a8   0x0000011c   Code   RO         1823    .text.tcp_listen_with_backlog_and_err  tcp.o
    0x080066c4   0x080066c4   0x0000003c   Code   RO         1871    .text.tcp_netif_ip_addr_changed  tcp.o
    0x08006700   0x08006700   0x00000068   Code   RO         1873    .text.tcp_netif_ip_addr_changed_pcblist  tcp.o
    0x08006768   0x08006768   0x00000006   Code   RO         1855    .text.tcp_new       tcp.o
    0x0800676e   0x0800676e   0x00000002   PAD
    0x08006770   0x08006770   0x00000064   Code   RO         1817    .text.tcp_new_port  tcp.o
    0x080067d4   0x080067d4   0x0000004c   Code   RO         1833    .text.tcp_next_iss  tcp.o
    0x08006820   0x08006820   0x00000374   Code   RO         1933    .text.tcp_output    tcp_out.o
    0x08006b94   0x08006b94   0x00000068   Code   RO         1957    .text.tcp_output_alloc_header  tcp_out.o
    0x08006bfc   0x08006bfc   0x000000a4   Code   RO         1953    .text.tcp_output_alloc_header_common  tcp_out.o
    0x08006ca0   0x08006ca0   0x00000084   Code   RO         1955    .text.tcp_output_control_segment  tcp_out.o
    0x08006d24   0x08006d24   0x0000004c   Code   RO         1941    .text.tcp_output_segment_busy  tcp_out.o
    0x08006d70   0x08006d70   0x000000a0   Code   RO         1902    .text.tcp_parseopt  tcp_in.o
    0x08006e10   0x08006e10   0x000000fc   Code   RO         1923    .text.tcp_pbuf_prealloc  tcp_out.o
    0x08006f0c   0x08006f0c   0x00000078   Code   RO         1837    .text.tcp_pcb_purge  tcp.o
    0x08006f84   0x08006f84   0x00000110   Code   RO         1809    .text.tcp_pcb_remove  tcp.o
    0x08007094   0x08007094   0x00000078   Code   RO         1869    .text.tcp_poll      tcp.o
    0x0800710c   0x0800710c   0x000000b0   Code   RO         1841    .text.tcp_process_refused_data  tcp.o
    0x080071bc   0x080071bc   0x00000530   Code   RO         1906    .text.tcp_receive   tcp_in.o
    0x080076ec   0x080076ec   0x00000054   Code   RO         1861    .text.tcp_recv      tcp.o
    0x08007740   0x08007740   0x00000060   Code   RO         1845    .text.tcp_recv_null  tcp.o
    0x080077a0   0x080077a0   0x000000b8   Code   RO         1829    .text.tcp_recved    tcp.o
    0x08007858   0x08007858   0x00000094   Code   RO         1947    .text.tcp_rexmit    tcp_out.o
    0x080078ec   0x080078ec   0x00000088   Code   RO         1949    .text.tcp_rexmit_fast  tcp_out.o
    0x08007974   0x08007974   0x00000048   Code   RO         1945    .text.tcp_rexmit_rto  tcp_out.o
    0x080079bc   0x080079bc   0x00000054   Code   RO         1943    .text.tcp_rexmit_rto_commit  tcp_out.o
    0x08007a10   0x08007a10   0x00000094   Code   RO         1939    .text.tcp_rexmit_rto_prepare  tcp_out.o
    0x08007aa4   0x08007aa4   0x00000010   Code   RO         1937    .text.tcp_route     tcp_out.o
    0x08007ab4   0x08007ab4   0x000000a8   Code   RO         1951    .text.tcp_rst       tcp_out.o
    0x08007b5c   0x08007b5c   0x0000001c   Code   RO         1847    .text.tcp_seg_free  tcp.o
    0x08007b78   0x08007b78   0x00000010   Code   RO         1811    .text.tcp_segs_free  tcp.o
    0x08007b88   0x08007b88   0x0000007c   Code   RO         1935    .text.tcp_send_empty_ack  tcp_out.o
    0x08007c04   0x08007c04   0x00000078   Code   RO         1929    .text.tcp_send_fin  tcp_out.o
    0x08007c7c   0x08007c7c   0x00000050   Code   RO         1863    .text.tcp_sent      tcp.o
    0x08007ccc   0x08007ccc   0x00000038   Code   RO         1849    .text.tcp_setprio   tcp.o
    0x08007d04   0x08007d04   0x000004d4   Code   RO         1799    .text.tcp_slowtmr   tcp.o
    0x080081d8   0x080081d8   0x000001d8   Code   RO         1927    .text.tcp_split_unsent_seg  tcp_out.o
    0x080083b0   0x080083b0   0x00000034   Code   RO         1973    .text.tcp_timer_needed  timeouts.o
    0x080083e4   0x080083e4   0x00000020   Code   RO         1795    .text.tcp_tmr       tcp.o
    0x08008404   0x08008404   0x00000010   Code   RO         1900    .text.tcp_trigger_input_pcb_close  tcp_in.o
    0x08008414   0x08008414   0x000000a0   Code   RO         1827    .text.tcp_update_rcv_ann_wnd  tcp.o
    0x080084b4   0x080084b4   0x000005c8   Code   RO         1921    .text.tcp_write     tcp_out.o
    0x08008a7c   0x08008a7c   0x000000e0   Code   RO         1961    .text.tcp_zero_window_probe  tcp_out.o
    0x08008b5c   0x08008b5c   0x00000038   Code   RO         1977    .text.tcpip_tcp_timer  timeouts.o
    0x08008b94   0x08008b94   0x00000014   Code   RO         2007    .text.udp_init      udp.o
    0x08008ba8   0x08008ba8   0x00000214   Code   RO         2009    .text.udp_input     udp.o
    0x08008dbc   0x08008dbc   0x0000002c   Code   RO         2035    .text.udp_netif_ip_addr_changed  udp.o
    0x08008de8   0x08008de8   0x00000020   Code   RO         2395    i.__0printf$3       mc_w.l(printf3.o)
    0x08008e08   0x08008e08   0x0000000e   Code   RO         2628    i.__scatterload_copy  mc_w.l(handlers.o)
    0x08008e16   0x08008e16   0x00000002   Code   RO         2629    i.__scatterload_null  mc_w.l(handlers.o)
    0x08008e18   0x08008e18   0x0000000e   Code   RO         2630    i.__scatterload_zeroinit  mc_w.l(handlers.o)
    0x08008e26   0x08008e26   0x00000002   PAD
    0x08008e28   0x08008e28   0x000001b8   Code   RO         2402    i._printf_core      mc_w.l(printf3.o)
    0x08008fe0   0x08008fe0   0x00000012   Code   RO         2583    i.fputc             mc_w.l(fputc.o)
    0x08008ff2   0x08008ff2   0x00000010   Data   RO          268    .rodata.AHBPrescTable  system_stm32f4xx.o
    0x08009002   0x08009002   0x00000006   Data   RO         1473    .rodata.ethbroadcast  ethernet.o
    0x08009008   0x08009008   0x00000006   Data   RO         1474    .rodata.ethzero     ethernet.o
    0x0800900e   0x0800900e   0x00000002   PAD
    0x08009010   0x08009010   0x00000004   Data   RO         2143    .rodata.ip_addr_any  ip4_addr.o
    0x08009014   0x08009014   0x00000018   Data   RO         1993    .rodata.lwip_cyclic_timers  timeouts.o
    0x0800902c   0x0800902c   0x0000000c   Data   RO         1634    .rodata.memp_FRAG_PBUF  memp.o
    0x08009038   0x08009038   0x0000000c   Data   RO         1640    .rodata.memp_PBUF   memp.o
    0x08009044   0x08009044   0x0000000c   Data   RO         1643    .rodata.memp_PBUF_POOL  memp.o
    0x08009050   0x08009050   0x0000000c   Data   RO         1631    .rodata.memp_REASSDATA  memp.o
    0x0800905c   0x0800905c   0x0000000c   Data   RO         1637    .rodata.memp_SYS_TIMEOUT  memp.o
    0x08009068   0x08009068   0x0000000c   Data   RO         1622    .rodata.memp_TCP_PCB  memp.o
    0x08009074   0x08009074   0x0000000c   Data   RO         1625    .rodata.memp_TCP_PCB_LISTEN  memp.o
    0x08009080   0x08009080   0x0000000c   Data   RO         1628    .rodata.memp_TCP_SEG  memp.o
    0x0800908c   0x0800908c   0x0000000c   Data   RO         1619    .rodata.memp_UDP_PCB  memp.o
    0x08009098   0x08009098   0x00000024   Data   RO         1644    .rodata.memp_pools  memp.o
    0x080090bc   0x080090bc   0x00000028   Data   RO         1475    .rodata.str1.1      ethernet.o
    0x080090e4   0x080090e4   0x000000d4   Data   RO         1590    .rodata.str1.1      mem.o
    0x080091b8   0x080091b8   0x00000030   Data   RO         1645    .rodata.str1.1      memp.o
    0x080091e8   0x080091e8   0x00000041   Data   RO         1701    .rodata.str1.1      netif.o
    0x08009229   0x08009229   0x00000064   Data   RO         1778    .rodata.str1.1      pbuf.o
    0x0800928d   0x0800928d   0x00000167   Data   RO         1881    .rodata.str1.1      tcp.o
    0x080093f4   0x080093f4   0x000001a7   Data   RO         1910    .rodata.str1.1      tcp_in.o
    0x0800959b   0x0800959b   0x000002a0   Data   RO         1963    .rodata.str1.1      tcp_out.o
    0x0800983b   0x0800983b   0x00000034   Data   RO         1996    .rodata.str1.1      timeouts.o
    0x0800986f   0x0800986f   0x0000002f   Data   RO         2038    .rodata.str1.1      udp.o
    0x0800989e   0x0800989e   0x00000095   Data   RO         2078    .rodata.str1.1      etharp.o
    0x08009933   0x08009933   0x00000035   Data   RO         2097    .rodata.str1.1      icmp.o
    0x08009968   0x08009968   0x00000040   Data   RO         2120    .rodata.str1.1      ip4.o
    0x080099a8   0x080099a8   0x0000007b   Data   RO         2171    .rodata.str1.1      ip4_frag.o
    0x08009a23   0x08009a23   0x0000000d   Data   RO         1884    .rodata.tcp_backoff  tcp.o
    0x08009a30   0x08009a30   0x00000010   Data   RO         1879    .rodata.tcp_pcb_lists  tcp.o
    0x08009a40   0x08009a40   0x00000007   Data   RO         1883    .rodata.tcp_persist_backoff  tcp.o
    0x08009a47   0x08009a47   0x00000001   PAD
    0x08009a48   0x08009a48   0x00000020   Data   RO         2627    Region$$Table       anon$$obj.o


    Execution Region RW_IRAM1 (Exec base: 0x20000000, Load base: 0x08009a68, Size: 0x000099e8, Max: 0x00020000, ABSOLUTE)

    Exec Addr    Load Addr    Size         Type   Attr      Idx    E Section Name        Object

    0x20000000   0x08009a68   0x00000004   Data   RW         2288    .data               mc_w.l(rand.o)
    0x20000004   0x08009a6c   0x00000004   Data   RW         2587    .data               mc_w.l(stdout.o)
    0x20000008   0x08009a70   0x00000008   Data   RW          705    .data..L_MergedGlobals  stm32f4xx_hal.o
    0x20000010   0x08009a78   0x00000004   Data   RW          267    .data.SystemCoreClock  system_stm32f4xx.o
    0x20000014   0x08009a7c   0x00000004   Data   RW         1885    .data.tcp_next_iss.iss  tcp.o
    0x20000018   0x08009a80   0x00000002   Data   RW         1880    .data.tcp_port      tcp.o
    0x2000001a   0x08009a82   0x00000002   Data   RW         2037    .data.udp_port      udp.o
    0x2000001c   0x08009a84   0x00000004   PAD
    0x20000020        -       0x0000004c   Zero   RW           74    .bss..L_MergedGlobals  lwip.o
    0x2000006c        -       0x0000004c   Zero   RW          108    .bss..L_MergedGlobals  ethernetif.o
    0x200000b8        -       0x0000000c   Zero   RW         1591    .bss..L_MergedGlobals  mem.o
    0x200000c4        -       0x0000000c   Zero   RW         1702    .bss..L_MergedGlobals  netif.o
    0x200000d0        -       0x00000018   Zero   RW         1886    .bss..L_MergedGlobals  tcp.o
    0x200000e8        -       0x00000030   Zero   RW         1911    .bss..L_MergedGlobals  tcp_in.o
    0x20000118        -       0x00000008   Zero   RW         1997    .bss..L_MergedGlobals  timeouts.o
    0x20000120        -       0x00000008   Zero   RW         2172    .bss..L_MergedGlobals  ip4_frag.o
    0x20000128        -       0x00000080   Zero   RW          104    .bss.DMARxDscrTab   ethernetif.o
    0x200001a8        -       0x00000080   Zero   RW          105    .bss.DMATxDscrTab   ethernetif.o
    0x20000228        -       0x000017d0   Zero   RW          106    .bss.Rx_Buff        ethernetif.o
    0x200019f8        -       0x000017d0   Zero   RW          107    .bss.Tx_Buff        ethernetif.o
    0x200031c8        -       0x000000f0   Zero   RW         2077    .bss.arp_table      etharp.o
    0x200032b8        -       0x00000001   Zero   RW         2079    .bss.etharp_cached_entry  etharp.o
    0x200032b9   0x08009a84   0x00000003   PAD
    0x200032bc        -       0x00000060   Zero   RW          169    .bss.hdma_usart1_rx  usart.o
    0x2000331c        -       0x00000060   Zero   RW          170    .bss.hdma_usart1_tx  usart.o
    0x2000337c        -       0x00000060   Zero   RW          172    .bss.hdma_usart6_rx  usart.o
    0x200033dc        -       0x00000060   Zero   RW          171    .bss.hdma_usart6_tx  usart.o
    0x2000343c        -       0x00000040   Zero   RW          145    .bss.htim1          tim.o
    0x2000347c        -       0x00000018   Zero   RW         1572    .bss.ip_data        ip.o
    0x20003494        -       0x00000002   Zero   RW         2121    .bss.ip_id          ip4.o
    0x20003496        -       0x0000016b   Zero   RW         1632    .bss.memp_memory_FRAG_PBUF_base  memp.o
    0x20003601        -       0x00002103   Zero   RW         1641    .bss.memp_memory_PBUF_POOL_base  memp.o
    0x20005704        -       0x00000103   Zero   RW         1638    .bss.memp_memory_PBUF_base  memp.o
    0x20005807        -       0x000000a3   Zero   RW         1629    .bss.memp_memory_REASSDATA_base  memp.o
    0x200058aa        -       0x000000a3   Zero   RW         1635    .bss.memp_memory_SYS_TIMEOUT_base  memp.o
    0x2000594d        -       0x0000008f   Zero   RW         1623    .bss.memp_memory_TCP_PCB_LISTEN_base  memp.o
    0x200059dc        -       0x000005f3   Zero   RW         1620    .bss.memp_memory_TCP_PCB_base  memp.o
    0x20005fcf        -       0x00000103   Zero   RW         1626    .bss.memp_memory_TCP_SEG_base  memp.o
    0x200060d2        -       0x000000c3   Zero   RW         1617    .bss.memp_memory_UDP_PCB_base  memp.o
    0x20006195   0x08009a84   0x00000003   PAD
    0x20006198        -       0x00000004   Zero   RW         1633    .bss.memp_tab_FRAG_PBUF  memp.o
    0x2000619c        -       0x00000004   Zero   RW         1639    .bss.memp_tab_PBUF  memp.o
    0x200061a0        -       0x00000004   Zero   RW         1642    .bss.memp_tab_PBUF_POOL  memp.o
    0x200061a4        -       0x00000004   Zero   RW         1630    .bss.memp_tab_REASSDATA  memp.o
    0x200061a8        -       0x00000004   Zero   RW         1636    .bss.memp_tab_SYS_TIMEOUT  memp.o
    0x200061ac        -       0x00000004   Zero   RW         1621    .bss.memp_tab_TCP_PCB  memp.o
    0x200061b0        -       0x00000004   Zero   RW         1624    .bss.memp_tab_TCP_PCB_LISTEN  memp.o
    0x200061b4        -       0x00000004   Zero   RW         1627    .bss.memp_tab_TCP_SEG  memp.o
    0x200061b8        -       0x00000004   Zero   RW         1618    .bss.memp_tab_UDP_PCB  memp.o
    0x200061bc        -       0x00002813   Zero   RW         1589    .bss.ram_heap       mem.o
    0x200089cf   0x08009a84   0x00000001   PAD
    0x200089d0        -       0x00000004   Zero   RW          253    .bss.tcp_echoserver_pcb  tcp_echoserver.o
    0x200089d4        -       0x00000001   Zero   RW         1882    .bss.tcp_timer      tcp.o
    0x200089d5   0x08009a84   0x00000003   PAD
    0x200089d8        -       0x00000001   Zero   RW         1995    .bss.tcpip_tcp_timer_active  timeouts.o
    0x200089d9   0x08009a84   0x00000003   PAD
    0x200089dc        -       0x00000004   Zero   RW         2039    .bss.udp_pcbs       udp.o
    0x200089e0        -       0x00000004   Zero   RW          704    .bss.uwTick         stm32f4xx_hal.o
    0x200089e4   0x08009a84   0x00000004   PAD
    0x200089e8        -       0x00000fff   Zero   RW            1    STACK               startup_stm32f407xx.o


==============================================================================

Image component sizes


      Code (inc. data)   RO Data    RW Data    ZI Data      Debug   Object Name

         8          0          0          0          0       2606   def.o
      2056        356        149          0        241      10544   etharp.o
       364        116         52          0          0       3398   ethernet.o
      1194        132          0          0      12524      14075   ethernetif.o
       196          8          0          0          0       2172   gpio.o
       600        172         53          0          0       4869   icmp.o
        30          0          0          0          0        480   init.o
         0          0          0          0         24       2306   ip.o
       782         84         64          0          2       5517   ip4.o
        44          0          4          0          0       4719   ip4_addr.o
      2264        440        123          0          8      10339   ip4_frag.o
       148         20          0          0         76       2862   lwip.o
       162          8          0          0          0       2603   main.o
      1332        380        212          0      10271       4632   mem.o
       366        156        192          0      11555       4162   memp.o
       936        276         65          0         12       8890   netif.o
      2186        724        100          0          0      15539   pbuf.o
        36          8        392          0       4095        836   startup_stm32f407xx.o
       176         16          0          8          4       7339   stm32f4xx_hal.o
       192         28          0          0          0       9931   stm32f4xx_hal_cortex.o
       368          4          0          0          0       8501   stm32f4xx_hal_dma.o
      2202         72          0          0          0      15431   stm32f4xx_hal_eth.o
       422         24          0          0          0       4991   stm32f4xx_hal_gpio.o
        56          4          0          0          0       1441   stm32f4xx_hal_msp.o
      1188         40          0          0          0       7228   stm32f4xx_hal_rcc.o
       374          0          0          0          0      35548   stm32f4xx_hal_tim.o
         4          0          0          0          0      13741   stm32f4xx_hal_tim_ex.o
       124         24          0          0          0       1946   stm32f4xx_it.o
        76         16         16          4          0       2594   system_stm32f4xx.o
      5378       1560        395          6         25      21722   tcp.o
       646        104          0          0          4       6712   tcp_echoserver.o
      4876        584        423          0         48      12027   tcp_in.o
      5584       1356        672          0          0      18810   tcp_out.o
         0          0          0          0         64       7008   tim.o
       504        184         76          0          9       4094   timeouts.o
       596        144         47          2          4       9866   udp.o
         0          0          0          0        384       5459   usart.o

    ----------------------------------------------------------------------
     35512       7040       3070         20      39372     294938   Object Totals
         0          0         32          0          0          0   (incl. Generated)
        42          0          3          0         22          0   (incl. Padding)

    ----------------------------------------------------------------------

      Code (inc. data)   RO Data    RW Data    ZI Data      Debug   Library Member Name

         0          0          0          0          0          0   entry.o
         0          0          0          0          0          0   entry10a.o
         0          0          0          0          0          0   entry11a.o
         8          4          0          0          0          0   entry2.o
         4          0          0          0          0          0   entry5.o
         0          0          0          0          0          0   entry7b.o
         0          0          0          0          0          0   entry8b.o
         8          4          0          0          0          0   entry9a.o
        18          0          0          0          0         80   fputc.o
        30          0          0          0          0          0   handlers.o
        36          8          0          0          0         68   init.o
         0          0          0          0          0          0   iusesemip.o
        30          0          0          0          0         68   llshl.o
        32          0          0          0          0         68   llushr.o
        26          0          0          0          0         80   memcmp.o
        64          0          0          0          0         76   memmovea.o
        36          0          0          0          0        108   memseta.o
       472         14          0          0          0        184   printf3.o
        36         10          0          4          0        136   rand.o
         0          0          0          0          0          0   semi.o
         0          0          0          4          0          0   stdout.o
        44          0          0          0          0         80   uidiv.o
        98          0          0          0          0         92   uldiv.o

    ----------------------------------------------------------------------
       946         40          0          8          0       1040   Library Totals
         4          0          0          0          0          0   (incl. Padding)

    ----------------------------------------------------------------------

      Code (inc. data)   RO Data    RW Data    ZI Data      Debug   Library Name

       942         40          0          8          0       1040   mc_w.l

    ----------------------------------------------------------------------
       946         40          0          8          0       1040   Library Totals

    ----------------------------------------------------------------------

==============================================================================


      Code (inc. data)   RO Data    RW Data    ZI Data      Debug   

     36458       7080       3070         28      39372     295254   Grand Totals
     36458       7080       3070         28      39372     295254   ELF Image Totals
     36458       7080       3070         28          0          0   ROM Totals

==============================================================================

    Total RO  Size (Code + RO Data)                39528 (  38.60kB)
    Total RW  Size (RW Data + ZI Data)             39400 (  38.48kB)
    Total ROM Size (Code + RO Data + RW Data)      39556 (  38.63kB)

==============================================================================

