<html>
<body>
<pre>
<h1>µVision Build Log</h1>
<h2>Tool Versions:</h2>
IDE-Version: µVision V5.29.0.0
Copyright (C) 2019 ARM Ltd and ARM Germany GmbH. All rights reserved.
License Information: saeed m, sd, LIC=EPPMM-XX5J2-249SS-LRCWL-HWEZZ-EZ2W9
 
Tool Versions:
Toolchain:       MDK-ARM Professional  Version: 5.29.0.0
Toolchain Path:  C:\Keil_v5\ARM\ARMCC\Bin
C Compiler:      Armcc.exe V5.06 update 6 (build 750)
Assembler:       Armasm.exe V5.06 update 6 (build 750)
Linker/Locator:  ArmLink.exe V5.06 update 6 (build 750)
Library Manager: ArmAr.exe V5.06 update 6 (build 750)
Hex Converter:   FromElf.exe V5.06 update 6 (build 750)
CPU DLL:         SARMCM3.DLL V5.29.0.0
Dialog DLL:      DCM.DLL V1.17.3.0
Target DLL:      STLink\ST-LINKIII-KEIL_SWO.dll V3.0.7.0
Dialog DLL:      TCM.DLL V1.36.5.0
 
<h2>Project:</h2>
D:\work\Library\Ethernet\Codes\raw\F407Discovery\Ping\MDK-ARM\ping_raw.uvprojx
Project File Date:  01/22/2022

<h2>Output:</h2>
*** Using Compiler 'V5.06 update 6 (build 750)', folder: 'C:\Keil_v5\ARM\ARMCC\Bin'
Build target 'ping_raw'
compiling pppoe.c...
compiling pppol2tp.c...
compiling main.c...
compiling utils.c...
compiling upap.c...
compiling pppos.c...
compiling vj.c...
compiling bridgeif_fdb.c...
compiling bridgeif.c...
compiling lowpan6.c...
compiling lowpan6_ble.c...
compiling ethernet.c...
compiling zepif.c...
compiling lowpan6_common.c...
compiling slipif.c...
compiling api_msg.c...
compiling api_lib.c...
compiling ecp.c...
compiling netbuf.c...
compiling if_api.c...
compiling err.c...
compiling netifapi.c...
compiling sockets.c...
compiling netdb.c...
compiling altcp.c...
compiling altcp_alloc.c...
compiling tcpip.c...
compiling dns.c...
compiling altcp_tcp.c...
compiling def.c...
compiling inet_chksum.c...
compiling ip.c...
compiling init.c...
compiling mem.c...
compiling memp.c...
compiling netif.c...
compiling raw.c...
compiling stats.c...
compiling pbuf.c...
compiling sys.c...
compiling tcp.c...
compiling tcp_in.c...
compiling tcp_out.c...
compiling udp.c...
compiling timeouts.c...
compiling autoip.c...
compiling dhcp.c...
compiling etharp.c...
compiling igmp.c...
compiling icmp.c...
compiling ip4.c...
compiling ip4_addr.c...
compiling dhcp6.c...
compiling ip4_frag.c...
compiling ethip6.c...
compiling icmp6.c...
compiling inet6.c...
compiling ip6.c...
compiling ip6_addr.c...
compiling ip6_frag.c...
compiling mld6.c...
compiling nd6.c...
compiling mqtt.c...
linking...
Program Size: Code=43376 RO-data=984 RW-data=212 ZI-data=27468  
FromELF: creating hex file...
"ping_raw\ping_raw.axf" - 0 Error(s), 0 Warning(s).

<h2>Software Packages used:</h2>

Package Vendor: ARM
                http://www.keil.com/pack/ARM.CMSIS.5.6.0.pack
                ARM.CMSIS.5.6.0
                CMSIS (Cortex Microcontroller Software Interface Standard)
   * Component: CORE Version: 5.3.0

Package Vendor: Keil
                http://www.keil.com/pack/Keil.STM32F4xx_DFP.2.14.0.pack
                Keil.STM32F4xx_DFP.2.14.0
                STMicroelectronics STM32F4 Series Device Support, Drivers and Examples

<h2>Collection of Component include folders:</h2>
  .\RTE\_ping_raw
  C:\Users\Toranj\AppData\Local\Arm\Packs\ARM\CMSIS\5.6.0\CMSIS\Core\Include
  C:\Users\Toranj\AppData\Local\Arm\Packs\Keil\STM32F4xx_DFP\2.14.0\Drivers\CMSIS\Device\ST\STM32F4xx\Include

<h2>Collection of Component Files used:</h2>

   * Component: ARM::CMSIS:CORE:5.3.0
Build Time Elapsed:  00:02:54
</pre>
</body>
</html>
