Component: ARM Compiler 5.06 update 6 (build 750) Tool: armlink [4d35ed]

==============================================================================

Section Cross References

    startup_stm32f407xx.o(RESET) refers to startup_stm32f407xx.o(STACK) for __initial_sp
    startup_stm32f407xx.o(RESET) refers to startup_stm32f407xx.o(.text) for Reset_Handler
    startup_stm32f407xx.o(RESET) refers to stm32f4xx_it.o(i.NMI_Handler) for NMI_Handler
    startup_stm32f407xx.o(RESET) refers to stm32f4xx_it.o(i.HardFault_Handler) for HardFault_Handler
    startup_stm32f407xx.o(RESET) refers to stm32f4xx_it.o(i.MemManage_Handler) for MemManage_Handler
    startup_stm32f407xx.o(RESET) refers to stm32f4xx_it.o(i.BusFault_Handler) for BusFault_Handler
    startup_stm32f407xx.o(RESET) refers to stm32f4xx_it.o(i.UsageFault_Handler) for UsageFault_Handler
    startup_stm32f407xx.o(RESET) refers to stm32f4xx_it.o(i.SVC_Handler) for SVC_Handler
    startup_stm32f407xx.o(RESET) refers to stm32f4xx_it.o(i.DebugMon_Handler) for DebugMon_Handler
    startup_stm32f407xx.o(RESET) refers to stm32f4xx_it.o(i.PendSV_Handler) for PendSV_Handler
    startup_stm32f407xx.o(RESET) refers to stm32f4xx_it.o(i.SysTick_Handler) for SysTick_Handler
    startup_stm32f407xx.o(.text) refers to system_stm32f4xx.o(i.SystemInit) for SystemInit
    startup_stm32f407xx.o(.text) refers to entry.o(.ARM.Collect$$$$00000000) for __main
    main.o(i.SystemClock_Config) refers to memseta.o(.text) for __aeabi_memclr4
    main.o(i.SystemClock_Config) refers to stm32f4xx_hal_rcc.o(i.HAL_RCC_OscConfig) for HAL_RCC_OscConfig
    main.o(i.SystemClock_Config) refers to stm32f4xx_hal_rcc.o(i.HAL_RCC_ClockConfig) for HAL_RCC_ClockConfig
    main.o(i.main) refers to stm32f4xx_hal.o(i.HAL_Init) for HAL_Init
    main.o(i.main) refers to main.o(i.SystemClock_Config) for SystemClock_Config
    main.o(i.main) refers to main.o(i.MX_GPIO_Init) for MX_GPIO_Init
    main.o(i.main) refers to lwip.o(i.MX_LWIP_Init) for MX_LWIP_Init
    main.o(i.main) refers to udpserverraw.o(i.udpServer_init) for udpServer_init
    main.o(i.main) refers to lwip.o(i.MX_LWIP_Process) for MX_LWIP_Process
    lwip.o(i.MX_LWIP_Init) refers to init.o(i.lwip_init) for lwip_init
    lwip.o(i.MX_LWIP_Init) refers to netif.o(i.netif_add) for netif_add
    lwip.o(i.MX_LWIP_Init) refers to netif.o(i.netif_set_default) for netif_set_default
    lwip.o(i.MX_LWIP_Init) refers to netif.o(i.netif_set_up) for netif_set_up
    lwip.o(i.MX_LWIP_Init) refers to netif.o(i.netif_set_down) for netif_set_down
    lwip.o(i.MX_LWIP_Init) refers to netif.o(i.netif_set_link_callback) for netif_set_link_callback
    lwip.o(i.MX_LWIP_Init) refers to lwip.o(.data) for .data
    lwip.o(i.MX_LWIP_Init) refers to ethernet.o(i.ethernet_input) for ethernet_input
    lwip.o(i.MX_LWIP_Init) refers to ethernetif.o(i.ethernetif_init) for ethernetif_init
    lwip.o(i.MX_LWIP_Init) refers to lwip.o(.bss) for .bss
    lwip.o(i.MX_LWIP_Init) refers to ethernetif.o(i.ethernetif_update_config) for ethernetif_update_config
    lwip.o(i.MX_LWIP_Process) refers to ethernetif.o(i.ethernetif_input) for ethernetif_input
    lwip.o(i.MX_LWIP_Process) refers to timeouts.o(i.sys_check_timeouts) for sys_check_timeouts
    lwip.o(i.MX_LWIP_Process) refers to lwip.o(.bss) for .bss
    ethernetif.o(i.HAL_ETH_MspDeInit) refers to stm32f4xx_hal_gpio.o(i.HAL_GPIO_DeInit) for HAL_GPIO_DeInit
    ethernetif.o(i.HAL_ETH_MspInit) refers to memseta.o(.text) for __aeabi_memclr4
    ethernetif.o(i.HAL_ETH_MspInit) refers to stm32f4xx_hal_gpio.o(i.HAL_GPIO_Init) for HAL_GPIO_Init
    ethernetif.o(i.ethernetif_init) refers to printf6.o(i.__0printf$6) for __2printf
    ethernetif.o(i.ethernetif_init) refers to ethernetif.o(i.low_level_init) for low_level_init
    ethernetif.o(i.ethernetif_init) refers to etharp.o(i.etharp_output) for etharp_output
    ethernetif.o(i.ethernetif_init) refers to ethernetif.o(i.low_level_output) for low_level_output
    ethernetif.o(i.ethernetif_input) refers to ethernetif.o(i.low_level_input) for low_level_input
    ethernetif.o(i.ethernetif_input) refers to pbuf.o(i.pbuf_free) for pbuf_free
    ethernetif.o(i.ethernetif_set_link) refers to stm32f4xx_hal.o(i.HAL_GetTick) for HAL_GetTick
    ethernetif.o(i.ethernetif_set_link) refers to stm32f4xx_hal_eth.o(i.HAL_ETH_ReadPHYRegister) for HAL_ETH_ReadPHYRegister
    ethernetif.o(i.ethernetif_set_link) refers to netif.o(i.netif_set_link_up) for netif_set_link_up
    ethernetif.o(i.ethernetif_set_link) refers to netif.o(i.netif_set_link_down) for netif_set_link_down
    ethernetif.o(i.ethernetif_set_link) refers to ethernetif.o(.data) for .data
    ethernetif.o(i.ethernetif_set_link) refers to ethernetif.o(.bss) for .bss
    ethernetif.o(i.ethernetif_update_config) refers to stm32f4xx_hal_eth.o(i.HAL_ETH_WritePHYRegister) for HAL_ETH_WritePHYRegister
    ethernetif.o(i.ethernetif_update_config) refers to stm32f4xx_hal.o(i.HAL_GetTick) for HAL_GetTick
[...]
    tcp_process                              0x08008711   Thumb Code  1218  tcp_in.o(i.tcp_process)
    i.tcp_process_refused_data               0x08008bd4   Section        0  tcp.o(i.tcp_process_refused_data)
    i.tcp_receive                            0x08008cd8   Section        0  tcp_in.o(i.tcp_receive)
    tcp_receive                              0x08008cd9   Thumb Code  2116  tcp_in.o(i.tcp_receive)
    i.tcp_recv_null                          0x080095dc   Section        0  tcp.o(i.tcp_recv_null)
    i.tcp_recved                             0x0800968c   Section        0  tcp.o(i.tcp_recved)
    i.tcp_remove_listener                    0x0800978c   Section        0  tcp.o(i.tcp_remove_listener)
    tcp_remove_listener                      0x0800978d   Thumb Code    42  tcp.o(i.tcp_remove_listener)
    i.tcp_rexmit                             0x080097e4   Section        0  tcp_out.o(i.tcp_rexmit)
    i.tcp_rexmit_fast                        0x080098d0   Section        0  tcp_out.o(i.tcp_rexmit_fast)
    i.tcp_rexmit_rto                         0x080099b8   Section        0  tcp_out.o(i.tcp_rexmit_rto)
    i.tcp_rexmit_rto_commit                  0x08009a5c   Section        0  tcp_out.o(i.tcp_rexmit_rto_commit)
    i.tcp_rexmit_rto_prepare                 0x08009b08   Section        0  tcp_out.o(i.tcp_rexmit_rto_prepare)
    i.tcp_route                              0x08009c00   Section        0  tcp_out.o(i.tcp_route)
    tcp_route                                0x08009c01   Thumb Code    16  tcp_out.o(i.tcp_route)
    i.tcp_rst                                0x08009c10   Section        0  tcp_out.o(i.tcp_rst)
    i.tcp_seg_copy                           0x08009d24   Section        0  tcp.o(i.tcp_seg_copy)
    i.tcp_seg_free                           0x08009dd0   Section        0  tcp.o(i.tcp_seg_free)
    i.tcp_segs_free                          0x08009dec   Section        0  tcp.o(i.tcp_segs_free)
    i.tcp_send_empty_ack                     0x08009e00   Section        0  tcp_out.o(i.tcp_send_empty_ack)
    i.tcp_send_fin                           0x08009eec   Section        0  tcp_out.o(i.tcp_send_fin)
    i.tcp_slowtmr                            0x08009fb8   Section        0  tcp.o(i.tcp_slowtmr)
    i.tcp_split_unsent_seg                   0x0800a588   Section        0  tcp_out.o(i.tcp_split_unsent_seg)
    i.tcp_timer_needed                       0x0800a7b4   Section        0  timeouts.o(i.tcp_timer_needed)
    i.tcp_timewait_input                     0x0800a7e8   Section        0  tcp_in.o(i.tcp_timewait_input)
    tcp_timewait_input                       0x0800a7e9   Thumb Code   118  tcp_in.o(i.tcp_timewait_input)
    i.tcp_tmr                                0x0800a8e8   Section        0  tcp.o(i.tcp_tmr)
    i.tcp_trigger_input_pcb_close            0x0800a908   Section        0  tcp_in.o(i.tcp_trigger_input_pcb_close)
    i.tcp_update_rcv_ann_wnd                 0x0800a918   Section        0  tcp.o(i.tcp_update_rcv_ann_wnd)
    i.tcp_zero_window_probe                  0x0800aa0c   Section        0  tcp_out.o(i.tcp_zero_window_probe)
    i.tcpip_tcp_timer                        0x0800ab4c   Section        0  timeouts.o(i.tcpip_tcp_timer)
    tcpip_tcp_timer                          0x0800ab4d   Thumb Code    40  timeouts.o(i.tcpip_tcp_timer)
    i.udpServer_init                         0x0800ab84   Section        0  udpserverraw.o(i.udpServer_init)
    i.udp_bind                               0x0800abb8   Section        0  udp.o(i.udp_bind)
    i.udp_connect                            0x0800acec   Section        0  udp.o(i.udp_connect)
    i.udp_disconnect                         0x0800adec   Section        0  udp.o(i.udp_disconnect)
    i.udp_init                               0x0800ae84   Section        0  udp.o(i.udp_init)
    i.udp_input                              0x0800ae9c   Section        0  udp.o(i.udp_input)
    i.udp_input_local_match                  0x0800b084   Section        0  udp.o(i.udp_input_local_match)
    udp_input_local_match                    0x0800b085   Thumb Code   100  udp.o(i.udp_input_local_match)
    i.udp_netif_ip_addr_changed              0x0800b190   Section        0  udp.o(i.udp_netif_ip_addr_changed)
    i.udp_new                                0x0800b1c4   Section        0  udp.o(i.udp_new)
    i.udp_receive_callback                   0x0800b1e0   Section        0  udpserverraw.o(i.udp_receive_callback)
    i.udp_recv                               0x0800b260   Section        0  udp.o(i.udp_recv)
    i.udp_remove                             0x0800b2e8   Section        0  udp.o(i.udp_remove)
    i.udp_send                               0x0800b398   Section        0  udp.o(i.udp_send)
    i.udp_sendto                             0x0800b454   Section        0  udp.o(i.udp_sendto)
    i.udp_sendto_if                          0x0800b568   Section        0  udp.o(i.udp_sendto_if)
    i.udp_sendto_if_src                      0x0800b6a8   Section        0  udp.o(i.udp_sendto_if_src)
    .constdata                               0x0800b8f0   Section       16  system_stm32f4xx.o(.constdata)
    .constdata                               0x0800b900   Section        6  ethernet.o(.constdata)
    .constdata                               0x0800b906   Section        6  ethernet.o(.constdata)
    .constdata                               0x0800b90c   Section       12  memp.o(.constdata)
    .constdata                               0x0800b918   Section       12  memp.o(.constdata)
    .constdata                               0x0800b924   Section       12  memp.o(.constdata)
    .constdata                               0x0800b930   Section       12  memp.o(.constdata)
    .constdata                               0x0800b93c   Section       12  memp.o(.constdata)
    .constdata                               0x0800b948   Section       12  memp.o(.constdata)
    .constdata                               0x0800b954   Section       12  memp.o(.constdata)
    .constdata                               0x0800b960   Section       12  memp.o(.constdata)
    .constdata                               0x0800b96c   Section       12  memp.o(.constdata)
    .constdata                               0x0800b978   Section       36  memp.o(.constdata)
    .constdata                               0x0800b99c   Section       84  tcp.o(.constdata)
    tcp_persist_backoff                      0x0800b99c   Data           7  tcp.o(.constdata)
    tcp_state_str                            0x0800b9a4   Data          44  tcp.o(.constdata)
    tcp_backoff                              0x0800b9d0   Data          13  tcp.o(.constdata)
    .constdata                               0x0800b9f0   Section       24  timeouts.o(.constdata)
    .constdata                               0x0800ba08   Section        4  ip4_addr.o(.constdata)
    .conststring                             0x0800ba0c   Section      117  tcp.o(.conststring)
    .conststring                             0x0800ba84   Section       85  tcp_out.o(.conststring)
    .conststring                             0x0800badc   Section       65  etharp.o(.conststring)
    .data                                    0x20000000   Section       24  lwip.o(.data)
    .data                                    0x20000018   Section       12  stm32f4xx_hal.o(.data)
    .data                                    0x20000024   Section        4  system_stm32f4xx.o(.data)
    .data                                    0x20000028   Section       12  mem.o(.data)
    ram                                      0x20000028   Data           4  mem.o(.data)
    ram_end                                  0x2000002c   Data           4  mem.o(.data)
    lfree                                    0x20000030   Data           4  mem.o(.data)
    .data                                    0x20000034   Section        4  memp.o(.data)
    memp_tab_UDP_PCB                         0x20000034   Data           4  memp.o(.data)
    .data                                    0x20000038   Section        4  memp.o(.data)
    memp_tab_TCP_PCB                         0x20000038   Data           4  memp.o(.data)
    .data                                    0x2000003c   Section        4  memp.o(.data)
    memp_tab_TCP_PCB_LISTEN                  0x2000003c   Data           4  memp.o(.data)
    .data                                    0x20000040   Section        4  memp.o(.data)
    memp_tab_TCP_SEG                         0x20000040   Data           4  memp.o(.data)
    .data                                    0x20000044   Section        4  memp.o(.data)
    memp_tab_REASSDATA                       0x20000044   Data           4  memp.o(.data)
    .data                                    0x20000048   Section        4  memp.o(.data)
    memp_tab_FRAG_PBUF                       0x20000048   Data           4  memp.o(.data)
    .data                                    0x2000004c   Section        4  memp.o(.data)
    memp_tab_SYS_TIMEOUT                     0x2000004c   Data           4  memp.o(.data)
    .data                                    0x20000050   Section        4  memp.o(.data)
    memp_tab_PBUF                            0x20000050   Data           4  memp.o(.data)
    .data                                    0x20000054   Section        4  memp.o(.data)
    memp_tab_PBUF_POOL                       0x20000054   Data           4  memp.o(.data)
    .data                                    0x20000058   Section       12  netif.o(.data)
    netif_num                                0x20000058   Data           1  netif.o(.data)
    .data                                    0x20000064   Section        1  pbuf.o(.data)
    .data                                    0x20000068   Section       32  tcp.o(.data)
    tcp_timer                                0x20000069   Data           1  tcp.o(.data)
    tcp_timer_ctr                            0x2000006a   Data           1  tcp.o(.data)
    tcp_port                                 0x2000006c   Data           2  tcp.o(.data)
    iss                                      0x20000070   Data           4  tcp.o(.data)
    .data                                    0x20000088   Section       36  tcp_in.o(.data)
    flags                                    0x20000088   Data           1  tcp_in.o(.data)
    recv_flags                               0x20000089   Data           1  tcp_in.o(.data)
    tcphdr_optlen                            0x2000008a   Data           2  tcp_in.o(.data)
    tcphdr_opt1len                           0x2000008c   Data           2  tcp_in.o(.data)
    tcp_optidx                               0x2000008e   Data           2  tcp_in.o(.data)
    recv_acked                               0x20000090   Data           2  tcp_in.o(.data)
    tcplen                                   0x20000092   Data           2  tcp_in.o(.data)
    tcphdr                                   0x20000094   Data           4  tcp_in.o(.data)
    tcphdr_opt2                              0x20000098   Data           4  tcp_in.o(.data)
    seqno                                    0x2000009c   Data           4  tcp_in.o(.data)
    ackno                                    0x200000a0   Data           4  tcp_in.o(.data)
    recv_data                                0x200000a4   Data           4  tcp_in.o(.data)
    .data                                    0x200000ac   Section       12  timeouts.o(.data)
    next_timeout                             0x200000ac   Data           4  timeouts.o(.data)
    current_timeout_due_time                 0x200000b0   Data           4  timeouts.o(.data)
    tcpip_tcp_timer_active                   0x200000b4   Data           4  timeouts.o(.data)
    .data                                    0x200000b8   Section        8  udp.o(.data)
    udp_port                                 0x200000b8   Data           2  udp.o(.data)
    .data                                    0x200000c0   Section        1  etharp.o(.data)
    etharp_cached_entry                      0x200000c0   Data           1  etharp.o(.data)
    .data                                    0x200000c2   Section        2  ip4.o(.data)
    ip_id                                    0x200000c2   Data           2  ip4.o(.data)
    .data                                    0x200000c4   Section        8  ip4_frag.o(.data)
    ip_reass_pbufcount                       0x200000c4   Data           2  ip4_frag.o(.data)
    reassdatagrams                           0x200000c8   Data           4  ip4_frag.o(.data)
    .data                                    0x200000cc   Section        4  rand.o(.data)
    _rand_state                              0x200000cc   Data           4  rand.o(.data)
    .data                                    0x200000d0   Section        4  stdout.o(.data)
    .bss                                     0x200000d4   Section       52  lwip.o(.bss)
    .bss                                     0x20000108   Section    12520  ethernetif.o(.bss)
    .bss                                     0x200031f0   Section       24  ip.o(.bss)
    .bss                                     0x20003208   Section     1619  mem.o(.bss)
    .bss                                     0x2000385b   Section      131  memp.o(.bss)
    .bss                                     0x200038de   Section      783  memp.o(.bss)
    .bss                                     0x20003bed   Section      227  memp.o(.bss)
    .bss                                     0x20003cd0   Section      259  memp.o(.bss)
    .bss                                     0x20003dd3   Section      163  memp.o(.bss)
    .bss                                     0x20003e76   Section      363  memp.o(.bss)
    .bss                                     0x20003fe1   Section       51  memp.o(.bss)
    .bss                                     0x20004014   Section      259  memp.o(.bss)
    .bss                                     0x20004117   Section     9731  memp.o(.bss)
    .bss                                     0x2000671c   Section       16  tcp_in.o(.bss)
    inseg                                    0x2000671c   Data          16  tcp_in.o(.bss)
    .bss                                     0x2000672c   Section      240  etharp.o(.bss)
    arp_table                                0x2000672c   Data         240  etharp.o(.bss)
    .bss                                     0x2000681c   Section       16  ip4_addr.o(.bss)
    str                                      0x2000681c   Data          16  ip4_addr.o(.bss)
    STACK                                    0x20006830   Section     1024  startup_stm32f407xx.o(STACK)

    Global Symbols

    Symbol Name                              Value     Ov Type        Size  Object(Section)

    BuildAttributes$$THM_ISAv4$E$P$D$K$B$S$7EM$VFPi3$EXTD16$VFPS$VFMA$PE$A:L22UL41UL21$X:L11$S22US41US21$IEEE1$IW$USESV6$~STKCKD$USESV7$~SHL$OSPACE$ROPI$EBA8$MICROLIB$REQ8$PRES8$EABIv2 0x00000000   Number         0  anon$$obj.o ABSOLUTE
    __ARM_use_no_argv                        0x00000000   Number         0  main.o ABSOLUTE
    _printf_a                                0x00000000   Number         0  stubs.o ABSOLUTE
    _printf_c                                0x00000000   Number         0  stubs.o ABSOLUTE
    _printf_charcount                        0x00000000   Number         0  stubs.o ABSOLUTE
    _printf_d                                0x00000000   Number         0  stubs.o ABSOLUTE
    _printf_e                                0x00000000   Number         0  stubs.o ABSOLUTE
    _printf_f                                0x00000000   Number         0  stubs.o ABSOLUTE
    _printf_flags                            0x00000000   Number         0  stubs.o ABSOLUTE
    _printf_fp_dec                           0x00000000   Number         0  stubs.o ABSOLUTE
    _printf_fp_hex                           0x00000000   Number         0  stubs.o ABSOLUTE
    _printf_g                                0x00000000   Number         0  stubs.o ABSOLUTE
    _printf_i                                0x00000000   Number         0  stubs.o ABSOLUTE
    _printf_int_dec                          0x00000000   Number         0  stubs.o ABSOLUTE
    _printf_l                                0x00000000   Number         0  stubs.o ABSOLUTE
    _printf_lc                               0x00000000   Number         0  stubs.o ABSOLUTE
    _printf_ll                               0x00000000   Number         0  stubs.o ABSOLUTE
    _printf_lld                              0x00000000   Number         0  stubs.o ABSOLUTE
    _printf_lli                              0x00000000   Number         0  stubs.o ABSOLUTE
    _printf_llo                              0x00000000   Number         0  stubs.o ABSOLUTE
    _printf_llu                              0x00000000   Number         0  stubs.o ABSOLUTE
    _printf_llx                              0x00000000   Number         0  stubs.o ABSOLUTE
    _printf_longlong_dec                     0x00000000   Number         0  stubs.o ABSOLUTE
    _printf_longlong_hex                     0x00000000   Number         0  stubs.o ABSOLUTE
    _printf_longlong_oct                     0x00000000   Number         0  stubs.o ABSOLUTE
    _printf_ls                               0x00000000   Number         0  stubs.o ABSOLUTE
    _printf_mbtowc                           0x00000000   Number         0  stubs.o ABSOLUTE
    _printf_n                                0x00000000   Number         0  stubs.o ABSOLUTE
    _printf_o                                0x00000000   Number         0  stubs.o ABSOLUTE
    _printf_p                                0x00000000   Number         0  stubs.o ABSOLUTE
    _printf_percent                          0x00000000   Number         0  stubs.o ABSOLUTE
    _printf_pre_padding                      0x00000000   Number         0  stubs.o ABSOLUTE
    _printf_return_value                     0x00000000   Number         0  stubs.o ABSOLUTE
    _printf_s                                0x00000000   Number         0  stubs.o ABSOLUTE
    _printf_sizespec                         0x00000000   Number         0  stubs.o ABSOLUTE
    _printf_str                              0x00000000   Number         0  stubs.o ABSOLUTE
    _printf_truncate_signed                  0x00000000   Number         0  stubs.o ABSOLUTE
    _printf_truncate_unsigned                0x00000000   Number         0  stubs.o ABSOLUTE
    _printf_u                                0x00000000   Number         0  stubs.o ABSOLUTE
    _printf_wc                               0x00000000   Number         0  stubs.o ABSOLUTE
    _printf_wctomb                           0x00000000   Number         0  stubs.o ABSOLUTE
    _printf_widthprec                        0x00000000   Number         0  stubs.o ABSOLUTE
    _printf_x                                0x00000000   Number         0  stubs.o ABSOLUTE
    __cpp_initialize__aeabi_                  - Undefined Weak Reference
    __cxa_finalize                            - Undefined Weak Reference
    __decompress                              - Undefined Weak Reference
    _clock_init                               - Undefined Weak Reference
    _microlib_exit                            - Undefined Weak Reference
    __Vectors_Size                           0x00000188   Number         0  startup_stm32f407xx.o ABSOLUTE
    __Vectors                                0x08000000   Data           4  startup_stm32f407xx.o(RESET)
    __Vectors_End                            0x08000188   Data           0  startup_stm32f407xx.o(RESET)
    __main                                   0x08000189   Thumb Code     0  entry.o(.ARM.Collect$$$$00000000)
    _main_stk                                0x08000189   Thumb Code     0  entry2.o(.ARM.Collect$$$$00000001)
    _main_scatterload                        0x0800018d   Thumb Code     0  entry5.o(.ARM.Collect$$$$00000004)
    __main_after_scatterload                 0x08000191   Thumb Code     0  entry5.o(.ARM.Collect$$$$00000004)
    _main_clock                              0x08000191   Thumb Code     0  entry7b.o(.ARM.Collect$$$$00000008)
    _main_cpp_init                           0x08000191   Thumb Code     0  entry8b.o(.ARM.Collect$$$$0000000A)
    _main_init                               0x08000191   Thumb Code     0  entry9a.o(.ARM.Collect$$$$0000000B)
    __rt_final_cpp                           0x08000199   Thumb Code     0  entry10a.o(.ARM.Collect$$$$0000000D)
    __rt_final_exit                          0x08000199   Thumb Code     0  entry11a.o(.ARM.Collect$$$$0000000F)
    Reset_Handler                            0x0800019d   Thumb Code     8  startup_stm32f407xx.o(.text)
    ADC_IRQHandler                           0x080001b7   Thumb Code     0  startup_stm32f407xx.o(.text)
    CAN1_RX0_IRQHandler                      0x080001b7   Thumb Code     0  startup_stm32f407xx.o(.text)
    CAN1_RX1_IRQHandler                      0x080001b7   Thumb Code     0  startup_stm32f407xx.o(.text)
    CAN1_SCE_IRQHandler                      0x080001b7   Thumb Code     0  startup_stm32f407xx.o(.text)
    CAN1_TX_IRQHandler                       0x080001b7   Thumb Code     0  startup_stm32f407xx.o(.text)
    CAN2_RX0_IRQHandler                      0x080001b7   Thumb Code     0  startup_stm32f407xx.o(.text)
    CAN2_RX1_IRQHandler                      0x080001b7   Thumb Code     0  startup_stm32f407xx.o(.text)
    CAN2_SCE_IRQHandler                      0x080001b7   Thumb Code     0  startup_stm32f407xx.o(.text)
    CAN2_TX_IRQHandler                       0x080001b7   Thumb Code     0  startup_stm32f407xx.o(.text)
    DCMI_IRQHandler                          0x080001b7   Thumb Code     0  startup_stm32f407xx.o(.text)
    DMA1_Stream0_IRQHandler                  0x080001b7   Thumb Code     0  startup_stm32f407xx.o(.text)
    DMA1_Stream1_IRQHandler                  0x080001b7   Thumb Code     0  startup_stm32f407xx.o(.text)
    DMA1_Stream2_IRQHandler                  0x080001b7   Thumb Code     0  startup_stm32f407xx.o(.text)
    DMA1_Stream3_IRQHandler                  0x080001b7   Thumb Code     0  startup_stm32f407xx.o(.text)
    DMA1_Stream4_IRQHandler                  0x080001b7   Thumb Code     0  startup_stm32f407xx.o(.text)
    DMA1_Stream5_IRQHandler                  0x080001b7   Thumb Code     0  startup_stm32f407xx.o(.text)
    DMA1_Stream6_IRQHandler                  0x080001b7   Thumb Code     0  startup_stm32f407xx.o(.text)
    DMA1_Stream7_IRQHandler                  0x080001b7   Thumb Code     0  startup_stm32f407xx.o(.text)
    DMA2_Stream0_IRQHandler                  0x080001b7   Thumb Code     0  startup_stm32f407xx.o(.text)
    DMA2_Stream1_IRQHandler                  0x080001b7   Thumb Code     0  startup_stm32f407xx.o(.text)
    DMA2_Stream2_IRQHandler                  0x080001b7   Thumb Code     0  startup_stm32f407xx.o(.text)
    DMA2_Stream3_IRQHandler                  0x080001b7   Thumb Code     0  startup_stm32f407xx.o(.text)
    DMA2_Stream4_IRQHandler                  0x080001b7   Thumb Code     0  startup_stm32f407xx.o(.text)
    DMA2_Stream5_IRQHandler                  0x080001b7   Thumb Code     0  startup_stm32f407xx.o(.text)
    DMA2_Stream6_IRQHandler                  0x080001b7   Thumb Code     0  startup_stm32f407xx.o(.text)
    DMA2_Stream7_IRQHandler                  0x080001b7   Thumb Code     0  startup_stm32f407xx.o(.text)
    ETH_IRQHandler                           0x080001b7   Thumb Code     0  startup_stm32f407xx.o(.text)
    ETH_WKUP_IRQHandler                      0x080001b7   Thumb Code     0  startup_stm32f407xx.o(.text)
    EXTI0_IRQHandler                         0x080001b7   Thumb Code     0  startup_stm32f407xx.o(.text)
    EXTI15_10_IRQHandler                     0x080001b7   Thumb Code     0  startup_stm32f407xx.o(.text)
    EXTI1_IRQHandler                         0x080001b7   Thumb Code     0  startup_stm32f407xx.o(.text)
    EXTI2_IRQHandler                         0x080001b7   Thumb Code     0  startup_stm32f407xx.o(.text)
    EXTI3_IRQHandler                         0x080001b7   Thumb Code     0  startup_stm32f407xx.o(.text)
    EXTI4_IRQHandler                         0x080001b7   Thumb Code     0  startup_stm32f407xx.o(.text)
    EXTI9_5_IRQHandler                       0x080001b7   Thumb Code     0  startup_stm32f407xx.o(.text)
    FLASH_IRQHandler                         0x080001b7   Thumb Code     0  startup_stm32f407xx.o(.text)
    FMC_IRQHandler                           0x080001b7   Thumb Code     0  startup_stm32f407xx.o(.text)
    FPU_IRQHandler                           0x080001b7   Thumb Code     0  startup_stm32f407xx.o(.text)
    HASH_RNG_IRQHandler                      0x080001b7   Thumb Code     0  startup_stm32f407xx.o(.text)
    I2C1_ER_IRQHandler                       0x080001b7   Thumb Code     0  startup_stm32f407xx.o(.text)
    I2C1_EV_IRQHandler                       0x080001b7   Thumb Code     0  startup_stm32f407xx.o(.text)
    I2C2_ER_IRQHandler                       0x080001b7   Thumb Code     0  startup_stm32f407xx.o(.text)
    I2C2_EV_IRQHandler                       0x080001b7   Thumb Code     0  startup_stm32f407xx.o(.text)
    I2C3_ER_IRQHandler                       0x080001b7   Thumb Code     0  startup_stm32f407xx.o(.text)
    I2C3_EV_IRQHandler                       0x080001b7   Thumb Code     0  startup_stm32f407xx.o(.text)
    OTG_FS_IRQHandler                        0x080001b7   Thumb Code     0  startup_stm32f407xx.o(.text)
    OTG_FS_WKUP_IRQHandler                   0x080001b7   Thumb Code     0  startup_stm32f407xx.o(.text)
    OTG_HS_EP1_IN_IRQHandler                 0x080001b7   Thumb Code     0  startup_stm32f407xx.o(.text)
    OTG_HS_EP1_OUT_IRQHandler                0x080001b7   Thumb Code     0  startup_stm32f407xx.o(.text)
    OTG_HS_IRQHandler                        0x080001b7   Thumb Code     0  startup_stm32f407xx.o(.text)
    OTG_HS_WKUP_IRQHandler                   0x080001b7   Thumb Code     0  startup_stm32f407xx.o(.text)
    PVD_IRQHandler                           0x080001b7   Thumb Code     0  startup_stm32f407xx.o(.text)
    RCC_IRQHandler                           0x080001b7   Thumb Code     0  startup_stm32f407xx.o(.text)
    RTC_Alarm_IRQHandler                     0x080001b7   Thumb Code     0  startup_stm32f407xx.o(.text)
    RTC_WKUP_IRQHandler                      0x080001b7   Thumb Code     0  startup_stm32f407xx.o(.text)
    SDIO_IRQHandler                          0x080001b7   Thumb Code     0  startup_stm32f407xx.o(.text)
    SPI1_IRQHandler                          0x080001b7   Thumb Code     0  startup_stm32f407xx.o(.text)
    SPI2_IRQHandler                          0x080001b7   Thumb Code     0  startup_stm32f407xx.o(.text)
    SPI3_IRQHandler                          0x080001b7   Thumb Code     0  startup_stm32f407xx.o(.text)
    TAMP_STAMP_IRQHandler                    0x080001b7   Thumb Code     0  startup_stm32f407xx.o(.text)
    TIM1_BRK_TIM9_IRQHandler                 0x080001b7   Thumb Code     0  startup_stm32f407xx.o(.text)
    TIM1_CC_IRQHandler                       0x080001b7   Thumb Code     0  startup_stm32f407xx.o(.text)
    TIM1_TRG_COM_TIM11_IRQHandler            0x080001b7   Thumb Code     0  startup_stm32f407xx.o(.text)
    TIM1_UP_TIM10_IRQHandler                 0x080001b7   Thumb Code     0  startup_stm32f407xx.o(.text)
    TIM2_IRQHandler                          0x080001b7   Thumb Code     0  startup_stm32f407xx.o(.text)
    TIM3_IRQHandler                          0x080001b7   Thumb Code     0  startup_stm32f407xx.o(.text)
    TIM4_IRQHandler                          0x080001b7   Thumb Code     0  startup_stm32f407xx.o(.text)
    TIM5_IRQHandler                          0x080001b7   Thumb Code     0  startup_stm32f407xx.o(.text)
    TIM6_DAC_IRQHandler                      0x080001b7   Thumb Code     0  startup_stm32f407xx.o(.text)
    TIM7_IRQHandler                          0x080001b7   Thumb Code     0  startup_stm32f407xx.o(.text)
    TIM8_BRK_TIM12_IRQHandler                0x080001b7   Thumb Code     0  startup_stm32f407xx.o(.text)
    TIM8_CC_IRQHandler                       0x080001b7   Thumb Code     0  startup_stm32f407xx.o(.text)
    TIM8_TRG_COM_TIM14_IRQHandler            0x080001b7   Thumb Code     0  startup_stm32f407xx.o(.text)
    TIM8_UP_TIM13_IRQHandler                 0x080001b7   Thumb Code     0  startup_stm32f407xx.o(.text)
    UART4_IRQHandler                         0x080001b7   Thumb Code     0  startup_stm32f407xx.o(.text)
    UART5_IRQHandler                         0x080001b7   Thumb Code     0  startup_stm32f407xx.o(.text)
    USART1_IRQHandler                        0x080001b7   Thumb Code     0  startup_stm32f407xx.o(.text)
    USART2_IRQHandler                        0x080001b7   Thumb Code     0  startup_stm32f407xx.o(.text)
    USART3_IRQHandler                        0x080001b7   Thumb Code     0  startup_stm32f407xx.o(.text)
    USART6_IRQHandler                        0x080001b7   Thumb Code     0  startup_stm32f407xx.o(.text)
    WWDG_IRQHandler                          0x080001b7   Thumb Code     0  startup_stm32f407xx.o(.text)
    __aeabi_uldivmod                         0x080001c1   Thumb Code    98  uldiv.o(.text)
    rand                                     0x08000225   Thumb Code    20  rand.o(.text)
    srand                                    0x08000239   Thumb Code     6  rand.o(.text)
    ___aeabi_memcpy4$move                    0x08000249   Thumb Code     0  memmovea.o(.text)
    ___aeabi_memcpy8$move                    0x08000249   Thumb Code     0  memmovea.o(.text)
    __aeabi_memcpy                           0x08000249   Thumb Code    64  memmovea.o(.text)
    __aeabi_memmove                          0x08000249   Thumb Code     0  memmovea.o(.text)
    __aeabi_memmove4                         0x08000249   Thumb Code     0  memmovea.o(.text)
    __aeabi_memmove8                         0x08000249   Thumb Code     0  memmovea.o(.text)
    __aeabi_memset                           0x08000289   Thumb Code    14  memseta.o(.text)
    __aeabi_memset4                          0x08000289   Thumb Code     0  memseta.o(.text)
    __aeabi_memset8                          0x08000289   Thumb Code     0  memseta.o(.text)
    __aeabi_memclr                           0x08000297   Thumb Code     4  memseta.o(.text)
    __aeabi_memclr4                          0x08000297   Thumb Code     0  memseta.o(.text)
    __aeabi_memclr8                          0x08000297   Thumb Code     0  memseta.o(.text)
    _memset$wrapper                          0x0800029b   Thumb Code    18  memseta.o(.text)
    memcmp                                   0x080002ad   Thumb Code    26  memcmp.o(.text)
    __aeabi_uidiv                            0x080002c7   Thumb Code     0  uidiv.o(.text)
    __aeabi_uidivmod                         0x080002c7   Thumb Code    44  uidiv.o(.text)
    __aeabi_llsl                             0x080002f3   Thumb Code    30  llshl.o(.text)
    _ll_shift_l                              0x080002f3   Thumb Code     0  llshl.o(.text)
    __aeabi_llsr                             0x08000311   Thumb Code    32  llushr.o(.text)
    _ll_ushift_r                             0x08000311   Thumb Code     0  llushr.o(.text)
    __scatterload                            0x08000331   Thumb Code    28  init.o(.text)
    __scatterload_rt2                        0x08000331   Thumb Code     0  init.o(.text)
    BusFault_Handler                         0x08000355   Thumb Code     2  stm32f4xx_it.o(i.BusFault_Handler)
    __I$use$semihosting$fputc                0x08000355   Thumb Code     0  iusesemip.o(.text)
    __semihosting_library_function           0x08000355   Thumb Code     0  semi.o(.text)
    DebugMon_Handler                         0x08000357   Thumb Code     2  stm32f4xx_it.o(i.DebugMon_Handler)
    HAL_Delay                                0x080004cd   Thumb Code    32  stm32f4xx_hal.o(i.HAL_Delay)
    HAL_ETH_ConfigMAC                        0x080004f1   Thumb Code   300  stm32f4xx_hal_eth.o(i.HAL_ETH_ConfigMAC)
    HAL_ETH_DMARxDescListInit                0x08000621   Thumb Code   116  stm32f4xx_hal_eth.o(i.HAL_ETH_DMARxDescListInit)
    HAL_ETH_DMATxDescListInit                0x08000695   Thumb Code   120  stm32f4xx_hal_eth.o(i.HAL_ETH_DMATxDescListInit)
    HAL_ETH_GetReceivedFrame                 0x0800070d   Thumb Code   122  stm32f4xx_hal_eth.o(i.HAL_ETH_GetReceivedFrame)
    HAL_ETH_Init                             0x08000789   Thumb Code   450  stm32f4xx_hal_eth.o(i.HAL_ETH_Init)
    HAL_ETH_MspInit                          0x08000975   Thumb Code   194  ethernetif.o(i.HAL_ETH_MspInit)
    HAL_ETH_ReadPHYRegister                  0x08000a4d   Thumb Code   132  stm32f4xx_hal_eth.o(i.HAL_ETH_ReadPHYRegister)
    HAL_ETH_Start                            0x08000ad1   Thumb Code   132  stm32f4xx_hal_eth.o(i.HAL_ETH_Start)
    HAL_ETH_Stop                             0x08000b55   Thumb Code   132  stm32f4xx_hal_eth.o(i.HAL_ETH_Stop)
    HAL_ETH_TransmitFrame                    0x08000bd9   Thumb Code   264  stm32f4xx_hal_eth.o(i.HAL_ETH_TransmitFrame)
    HAL_ETH_WritePHYRegister                 0x08000ce1   Thumb Code   120  stm32f4xx_hal_eth.o(i.HAL_ETH_WritePHYRegister)
    HAL_GPIO_Init                            0x08000d59   Thumb Code   448  stm32f4xx_hal_gpio.o(i.HAL_GPIO_Init)
    HAL_GetTick                              0x08000f45   Thumb Code     6  stm32f4xx_hal.o(i.HAL_GetTick)
    HAL_IncTick                              0x08000f51   Thumb Code    12  stm32f4xx_hal.o(i.HAL_IncTick)
    HAL_Init                                 0x08000f61   Thumb Code    48  stm32f4xx_hal.o(i.HAL_Init)
    HAL_InitTick                             0x08000f95   Thumb Code    54  stm32f4xx_hal.o(i.HAL_InitTick)
    HAL_MspInit                              0x08000fd5   Thumb Code    42  stm32f4xx_hal_msp.o(i.HAL_MspInit)
    HAL_NVIC_SetPriority                     0x08001005   Thumb Code    60  stm32f4xx_hal_cortex.o(i.HAL_NVIC_SetPriority)
    HAL_NVIC_SetPriorityGrouping             0x08001045   Thumb Code    26  stm32f4xx_hal_cortex.o(i.HAL_NVIC_SetPriorityGrouping)
    HAL_RCC_ClockConfig                      0x08001069   Thumb Code   288  stm32f4xx_hal_rcc.o(i.HAL_RCC_ClockConfig)
    HAL_RCC_GetHCLKFreq                      0x0800119d   Thumb Code     6  stm32f4xx_hal_rcc.o(i.HAL_RCC_GetHCLKFreq)
    HAL_RCC_GetSysClockFreq                  0x080011a9   Thumb Code    88  stm32f4xx_hal_rcc.o(i.HAL_RCC_GetSysClockFreq)
    HAL_RCC_OscConfig                        0x08001209   Thumb Code   856  stm32f4xx_hal_rcc.o(i.HAL_RCC_OscConfig)
    HAL_SYSTICK_Config                       0x08001575   Thumb Code    40  stm32f4xx_hal_cortex.o(i.HAL_SYSTICK_Config)
    HardFault_Handler                        0x0800159d   Thumb Code     2  stm32f4xx_it.o(i.HardFault_Handler)
    MX_LWIP_Init                             0x080015ed   Thumb Code   230  lwip.o(i.MX_LWIP_Init)
    MX_LWIP_Process                          0x080016e9   Thumb Code    16  lwip.o(i.MX_LWIP_Process)
    MemManage_Handler                        0x080016fd   Thumb Code     2  stm32f4xx_it.o(i.MemManage_Handler)
    NMI_Handler                              0x080016ff   Thumb Code     2  stm32f4xx_it.o(i.NMI_Handler)
    PendSV_Handler                           0x08001701   Thumb Code     2  stm32f4xx_it.o(i.PendSV_Handler)
    SVC_Handler                              0x08001703   Thumb Code     2  stm32f4xx_it.o(i.SVC_Handler)
    SysTick_Handler                          0x08001705   Thumb Code     4  stm32f4xx_it.o(i.SysTick_Handler)
    SystemClock_Config                       0x08001709   Thumb Code   142  main.o(i.SystemClock_Config)
    SystemInit                               0x080017a1   Thumb Code    12  system_stm32f4xx.o(i.SystemInit)
    UsageFault_Handler                       0x080017b1   Thumb Code     2  stm32f4xx_it.o(i.UsageFault_Handler)
    __0printf$6                              0x080017b5   Thumb Code    22  printf6.o(i.__0printf$6)
    __1printf$6                              0x080017b5   Thumb Code     0  printf6.o(i.__0printf$6)
    __2printf                                0x080017b5   Thumb Code     0  printf6.o(i.__0printf$6)
    __0sprintf$6                             0x080017d5   Thumb Code    34  printf6.o(i.__0sprintf$6)
    __1sprintf$6                             0x080017d5   Thumb Code     0  printf6.o(i.__0sprintf$6)
    __2sprintf                               0x080017d5   Thumb Code     0  printf6.o(i.__0sprintf$6)
    __scatterload_copy                       0x0800181d   Thumb Code    14  handlers.o(i.__scatterload_copy)
    __scatterload_null                       0x0800182b   Thumb Code     2  handlers.o(i.__scatterload_null)
    __scatterload_zeroinit                   0x0800182d   Thumb Code    14  handlers.o(i.__scatterload_zeroinit)
    etharp_cleanup_netif                     0x08001cc9   Thumb Code    40  etharp.o(i.etharp_cleanup_netif)
    etharp_input                             0x08001f79   Thumb Code   148  etharp.o(i.etharp_input)
    etharp_output                            0x0800207d   Thumb Code   280  etharp.o(i.etharp_output)
    etharp_query                             0x0800233d   Thumb Code   300  etharp.o(i.etharp_query)
    etharp_request                           0x08002699   Thumb Code     6  etharp.o(i.etharp_request)
    etharp_tmr                               0x080026c5   Thumb Code    90  etharp.o(i.etharp_tmr)
    ethernet_input                           0x08002841   Thumb Code   160  ethernet.o(i.ethernet_input)
    ethernet_output                          0x080028e5   Thumb Code    98  ethernet.o(i.ethernet_output)
    ethernetif_init                          0x080029dd   Thumb Code    50  ethernetif.o(i.ethernetif_init)
    ethernetif_input                         0x08002a65   Thumb Code    34  ethernetif.o(i.ethernetif_input)
    ethernetif_notify_conn_changed           0x08002a87   Thumb Code     2  ethernetif.o(i.ethernetif_notify_conn_changed)
    ethernetif_update_config                 0x08002a89   Thumb Code   170  ethernetif.o(i.ethernetif_update_config)
    fputc                                    0x08002b39   Thumb Code    18  fputc.o(i.fputc)
    icmp_dest_unreach                        0x08002b4b   Thumb Code     8  icmp.o(i.icmp_dest_unreach)
    icmp_input                               0x08002b55   Thumb Code   280  icmp.o(i.icmp_input)
    icmp_time_exceeded                       0x08002e4d   Thumb Code     8  icmp.o(i.icmp_time_exceeded)
    ip4_addr_isbroadcast_u32                 0x08002e55   Thumb Code    46  ip4_addr.o(i.ip4_addr_isbroadcast_u32)
    ip4_frag                                 0x08002e85   Thumb Code   426  ip4_frag.o(i.ip4_frag)
    ip4_input                                0x080030e5   Thumb Code   364  ip4.o(i.ip4_input)
    ip4_output_if                            0x08003285   Thumb Code    30  ip4.o(i.ip4_output_if)
    ip4_output_if_src                        0x080032a5   Thumb Code   214  ip4.o(i.ip4_output_if_src)
    ip4_reass                                0x0800341d   Thumb Code   482  ip4_frag.o(i.ip4_reass)
    ip4_route                                0x080036a5   Thumb Code    86  ip4.o(i.ip4_route)
    ip4addr_ntoa                             0x08003705   Thumb Code     8  ip4_addr.o(i.ip4addr_ntoa)
    ip4addr_ntoa_r                           0x08003711   Thumb Code   120  ip4_addr.o(i.ip4addr_ntoa_r)
    ip_reass_tmr                             0x08003d35   Thumb Code    40  ip4_frag.o(i.ip_reass_tmr)
    lwip_htonl                               0x080040a5   Thumb Code     4  def.o(i.lwip_htonl)
    lwip_htons                               0x080040a9   Thumb Code     4  def.o(i.lwip_htons)
    lwip_init                                0x080040ad   Thumb Code    30  init.o(i.lwip_init)
    main                                     0x080040cb   Thumb Code    26  main.o(i.main)
    mem_free                                 0x080040e5   Thumb Code   168  mem.o(i.mem_free)
    mem_init                                 0x08004285   Thumb Code    46  mem.o(i.mem_init)
    mem_malloc                               0x080042bd   Thumb Code   300  mem.o(i.mem_malloc)
    mem_trim                                 0x08004509   Thumb Code   284  mem.o(i.mem_trim)
    memp_free                                0x080046cd   Thumb Code    34  memp.o(i.memp_free)
    memp_init                                0x08004769   Thumb Code    26  memp.o(i.memp_init)
    memp_init_pool                           0x08004789   Thumb Code    42  memp.o(i.memp_init_pool)
    memp_malloc                              0x080047b5   Thumb Code    38  memp.o(i.memp_malloc)
    netif_add                                0x08004859   Thumb Code   236  netif.o(i.netif_add)
    netif_get_by_index                       0x08004b39   Thumb Code    34  netif.o(i.netif_get_by_index)
    netif_init                               0x08004b61   Thumb Code     2  netif.o(i.netif_init)
    netif_set_addr                           0x08004c2d   Thumb Code    90  netif.o(i.netif_set_addr)
    netif_set_default                        0x08004c8d   Thumb Code     6  netif.o(i.netif_set_default)
    netif_set_down                           0x08004c99   Thumb Code    42  netif.o(i.netif_set_down)
    netif_set_link_callback                  0x08004d41   Thumb Code     8  netif.o(i.netif_set_link_callback)
    netif_set_up                             0x08004d49   Thumb Code    40  netif.o(i.netif_set_up)
    pbuf_add_header                          0x08004de9   Thumb Code     6  pbuf.o(i.pbuf_add_header)
    pbuf_alloc                               0x08004eb1   Thumb Code   298  pbuf.o(i.pbuf_alloc)
    pbuf_alloc_reference                     0x080050e5   Thumb Code    68  pbuf.o(i.pbuf_alloc_reference)
    pbuf_alloced_custom                      0x08005195   Thumb Code    54  pbuf.o(i.pbuf_alloced_custom)
    pbuf_cat                                 0x080051cd   Thumb Code    96  pbuf.o(i.pbuf_cat)
    pbuf_chain                               0x080052fd   Thumb Code    18  pbuf.o(i.pbuf_chain)
    pbuf_clen                                0x0800530f   Thumb Code    18  pbuf.o(i.pbuf_clen)
    pbuf_clone                               0x08005321   Thumb Code    48  pbuf.o(i.pbuf_clone)
    pbuf_copy                                0x080053bd   Thumb Code   232  pbuf.o(i.pbuf_copy)
    pbuf_copy_partial                        0x0800559d   Thumb Code   124  pbuf.o(i.pbuf_copy_partial)
    pbuf_free                                0x080056b5   Thumb Code   158  pbuf.o(i.pbuf_free)
    pbuf_free_ooseq                          0x08005809   Thumb Code    28  pbuf.o(i.pbuf_free_ooseq)
    pbuf_header_force                        0x0800582d   Thumb Code     6  pbuf.o(i.pbuf_header_force)
    pbuf_realloc                             0x0800585d   Thumb Code   142  pbuf.o(i.pbuf_realloc)
    pbuf_ref                                 0x08005991   Thumb Code    32  pbuf.o(i.pbuf_ref)
    pbuf_remove_header                       0x08005a1d   Thumb Code    74  pbuf.o(i.pbuf_remove_header)
    pbuf_take                                0x08005aed   Thumb Code   156  pbuf.o(i.pbuf_take)
    sys_check_timeouts                       0x08005e11   Thumb Code    74  timeouts.o(i.sys_check_timeouts)
    sys_now                                  0x08005e65   Thumb Code     4  ethernetif.o(i.sys_now)
    sys_timeout                              0x08005e69   Thumb Code    46  timeouts.o(i.sys_timeout)
    sys_timeouts_init                        0x08006025   Thumb Code    30  timeouts.o(i.sys_timeouts_init)
    tcp_abandon                              0x0800604d   Thumb Code   256  tcp.o(i.tcp_abandon)
    tcp_abort                                0x080061f9   Thumb Code     6  tcp.o(i.tcp_abort)
    tcp_alloc                                0x08006201   Thumb Code   280  tcp.o(i.tcp_alloc)
    tcp_close                                0x08006325   Thumb Code    48  tcp.o(i.tcp_close)
    tcp_eff_send_mss_netif                   0x080067e5   Thumb Code    54  tcp.o(i.tcp_eff_send_mss_netif)
    tcp_enqueue_flags                        0x0800689d   Thumb Code   268  tcp_out.o(i.tcp_enqueue_flags)
    tcp_fasttmr                              0x08006ad1   Thumb Code   102  tcp.o(i.tcp_fasttmr)
    tcp_free                                 0x08006b3d   Thumb Code    34  tcp.o(i.tcp_free)
    tcp_free_ooseq                           0x08006d09   Thumb Code    20  tcp.o(i.tcp_free_ooseq)
    tcp_init                                 0x08006d45   Thumb Code    20  tcp.o(i.tcp_init)
    tcp_input                                0x08006d5d   Thumb Code  1584  tcp_in.o(i.tcp_input)
    tcp_keepalive                            0x08007481   Thumb Code    82  tcp_out.o(i.tcp_keepalive)
    tcp_netif_ip_addr_changed                0x08007811   Thumb Code    70  tcp.o(i.tcp_netif_ip_addr_changed)
    tcp_next_iss                             0x0800791d   Thumb Code    32  tcp.o(i.tcp_next_iss)
    tcp_output                               0x08007ac1   Thumb Code   552  tcp_out.o(i.tcp_output)
    tcp_pcb_purge                            0x080084b5   Thumb Code    88  tcp.o(i.tcp_pcb_purge)
    tcp_pcb_remove                           0x08008581   Thumb Code   174  tcp.o(i.tcp_pcb_remove)
    tcp_process_refused_data                 0x08008bd5   Thumb Code   132  tcp.o(i.tcp_process_refused_data)
    tcp_recv_null                            0x080095dd   Thumb Code    60  tcp.o(i.tcp_recv_null)
    tcp_recved                               0x0800968d   Thumb Code   104  tcp.o(i.tcp_recved)
    tcp_rexmit                               0x080097e5   Thumb Code   118  tcp_out.o(i.tcp_rexmit)
    tcp_rexmit_fast                          0x080098d1   Thumb Code   108  tcp_out.o(i.tcp_rexmit_fast)
    tcp_rexmit_rto                           0x080099b9   Thumb Code    42  tcp_out.o(i.tcp_rexmit_rto)
    tcp_rexmit_rto_commit                    0x08009a5d   Thumb Code    44  tcp_out.o(i.tcp_rexmit_rto_commit)
    tcp_rexmit_rto_prepare                   0x08009b09   Thumb Code   118  tcp_out.o(i.tcp_rexmit_rto_prepare)
    tcp_rst                                  0x08009c11   Thumb Code   128  tcp_out.o(i.tcp_rst)
    tcp_seg_copy                             0x08009d25   Thumb Code    56  tcp.o(i.tcp_seg_copy)
    tcp_seg_free                             0x08009dd1   Thumb Code    28  tcp.o(i.tcp_seg_free)
    tcp_segs_free                            0x08009ded   Thumb Code    18  tcp.o(i.tcp_segs_free)
    tcp_send_empty_ack                       0x08009e01   Thumb Code   110  tcp_out.o(i.tcp_send_empty_ack)
    tcp_send_fin                             0x08009eed   Thumb Code    84  tcp_out.o(i.tcp_send_fin)
    tcp_slowtmr                              0x08009fb9   Thumb Code  1360  tcp.o(i.tcp_slowtmr)
    tcp_split_unsent_seg                     0x0800a589   Thumb Code   360  tcp_out.o(i.tcp_split_unsent_seg)
    tcp_timer_needed                         0x0800a7b5   Thumb Code    36  timeouts.o(i.tcp_timer_needed)
    tcp_tmr                                  0x0800a8e9   Thumb Code    28  tcp.o(i.tcp_tmr)
    tcp_trigger_input_pcb_close              0x0800a909   Thumb Code    12  tcp_in.o(i.tcp_trigger_input_pcb_close)
    tcp_update_rcv_ann_wnd                   0x0800a919   Thumb Code    92  tcp.o(i.tcp_update_rcv_ann_wnd)
    tcp_zero_window_probe                    0x0800aa0d   Thumb Code   190  tcp_out.o(i.tcp_zero_window_probe)
    udpServer_init                           0x0800ab85   Thumb Code    44  udpserverraw.o(i.udpServer_init)
    udp_bind                                 0x0800abb9   Thumb Code   186  udp.o(i.udp_bind)
    udp_connect                              0x0800aced   Thumb Code   108  udp.o(i.udp_connect)
    udp_disconnect                           0x0800aded   Thumb Code    34  udp.o(i.udp_disconnect)
    udp_init                                 0x0800ae85   Thumb Code    20  udp.o(i.udp_init)
    udp_input                                0x0800ae9d   Thumb Code   310  udp.o(i.udp_input)
    udp_netif_ip_addr_changed                0x0800b191   Thumb Code    48  udp.o(i.udp_netif_ip_addr_changed)
    udp_new                                  0x0800b1c5   Thumb Code    26  udp.o(i.udp_new)
    udp_receive_callback                     0x0800b1e1   Thumb Code    98  udpserverraw.o(i.udp_receive_callback)
    udp_recv                                 0x0800b261   Thumb Code    22  udp.o(i.udp_recv)
    udp_remove                               0x0800b2e9   Thumb Code    58  udp.o(i.udp_remove)
    udp_send                                 0x0800b399   Thumb Code    50  udp.o(i.udp_send)
    udp_sendto                               0x0800b455   Thumb Code   106  udp.o(i.udp_sendto)
    udp_sendto_if                            0x0800b569   Thumb Code   110  udp.o(i.udp_sendto_if)
    udp_sendto_if_src                        0x0800b6a9   Thumb Code   274  udp.o(i.udp_sendto_if_src)
    AHBPrescTable                            0x0800b8f0   Data          16  system_stm32f4xx.o(.constdata)
    ethbroadcast                             0x0800b900   Data           6  ethernet.o(.constdata)
    ethzero                                  0x0800b906   Data           6  ethernet.o(.constdata)
    memp_UDP_PCB                             0x0800b90c   Data          12  memp.o(.constdata)
    memp_TCP_PCB                             0x0800b918   Data          12  memp.o(.constdata)
    memp_TCP_PCB_LISTEN                      0x0800b924   Data          12  memp.o(.constdata)
    memp_TCP_SEG                             0x0800b930   Data          12  memp.o(.constdata)
    memp_REASSDATA                           0x0800b93c   Data          12  memp.o(.constdata)
    memp_FRAG_PBUF                           0x0800b948   Data          12  memp.o(.constdata)
    memp_SYS_TIMEOUT                         0x0800b954   Data          12  memp.o(.constdata)
    memp_PBUF                                0x0800b960   Data          12  memp.o(.constdata)
    memp_PBUF_POOL                           0x0800b96c   Data          12  memp.o(.constdata)
    memp_pools                               0x0800b978   Data          36  memp.o(.constdata)
    tcp_pcb_lists                            0x0800b9e0   Data          16  tcp.o(.constdata)
    lwip_cyclic_timers                       0x0800b9f0   Data          24  timeouts.o(.constdata)
    ip_addr_any                              0x0800ba08   Data           4  ip4_addr.o(.constdata)
    Region$$Table$$Base                      0x0800bb20   Number         0  anon$$obj.o(Region$$Table)
    Region$$Table$$Limit                     0x0800bb40   Number         0  anon$$obj.o(Region$$Table)
    ipaddr                                   0x20000000   Data           4  lwip.o(.data)
    netmask                                  0x20000004   Data           4  lwip.o(.data)
    gw                                       0x20000008   Data           4  lwip.o(.data)
    IP_ADDRESS                               0x2000000c   Data           4  lwip.o(.data)
    NETMASK_ADDRESS                          0x20000010   Data           4  lwip.o(.data)
    GATEWAY_ADDRESS                          0x20000014   Data           4  lwip.o(.data)
    uwTickFreq                               0x20000018   Data           1  stm32f4xx_hal.o(.data)
    uwTickPrio                               0x2000001c   Data           4  stm32f4xx_hal.o(.data)
    uwTick                                   0x20000020   Data           4  stm32f4xx_hal.o(.data)
    SystemCoreClock                          0x20000024   Data           4  system_stm32f4xx.o(.data)
    netif_list                               0x2000005c   Data           4  netif.o(.data)
    netif_default                            0x20000060   Data           4  netif.o(.data)
    pbuf_free_ooseq_pending                  0x20000064   Data           1  pbuf.o(.data)
    tcp_active_pcbs_changed                  0x20000068   Data           1  tcp.o(.data)
    tcp_ticks                                0x20000074   Data           4  tcp.o(.data)
    tcp_bound_pcbs                           0x20000078   Data           4  tcp.o(.data)
    tcp_listen_pcbs                          0x2000007c   Data           4  tcp.o(.data)
    tcp_active_pcbs                          0x20000080   Data           4  tcp.o(.data)
    tcp_tw_pcbs                              0x20000084   Data           4  tcp.o(.data)
    tcp_input_pcb                            0x200000a8   Data           4  tcp_in.o(.data)
    udp_pcbs                                 0x200000bc   Data           4  udp.o(.data)
    __stdout                                 0x200000d0   Data           4  stdout.o(.data)
    gnetif                                   0x200000d4   Data          52  lwip.o(.bss)
    DMARxDscrTab                             0x20000108   Data         128  ethernetif.o(.bss)
    DMATxDscrTab                             0x20000188   Data         128  ethernetif.o(.bss)
    Rx_Buff                                  0x20000208   Data        6096  ethernetif.o(.bss)
    Tx_Buff                                  0x200019d8   Data        6096  ethernetif.o(.bss)
    heth                                     0x200031a8   Data          72  ethernetif.o(.bss)
    ip_data                                  0x200031f0   Data          24  ip.o(.bss)
    ram_heap                                 0x20003208   Data        1619  mem.o(.bss)
    memp_memory_UDP_PCB_base                 0x2000385b   Data         131  memp.o(.bss)
    memp_memory_TCP_PCB_base                 0x200038de   Data         783  memp.o(.bss)
    memp_memory_TCP_PCB_LISTEN_base          0x20003bed   Data         227  memp.o(.bss)
    memp_memory_TCP_SEG_base                 0x20003cd0   Data         259  memp.o(.bss)
    memp_memory_REASSDATA_base               0x20003dd3   Data         163  memp.o(.bss)
    memp_memory_FRAG_PBUF_base               0x20003e76   Data         363  memp.o(.bss)
    memp_memory_SYS_TIMEOUT_base             0x20003fe1   Data          51  memp.o(.bss)
    memp_memory_PBUF_base                    0x20004014   Data         259  memp.o(.bss)
    memp_memory_PBUF_POOL_base               0x20004117   Data        9731  memp.o(.bss)
    __initial_sp                             0x20006c30   Data           0  startup_stm32f407xx.o(STACK)



==============================================================================

Memory Map of the image

  Image Entry point : 0x08000189

  Load Region LR_IROM1 (Base: 0x08000000, Size: 0x0000bc14, Max: 0x00100000, ABSOLUTE)

    Execution Region ER_IROM1 (Exec base: 0x08000000, Load base: 0x08000000, Size: 0x0000bb40, Max: 0x00100000, ABSOLUTE)

    Exec Addr    Load Addr    Size         Type   Attr      Idx    E Section Name        Object

    0x08000000   0x08000000   0x00000188   Data   RO            3    RESET               startup_stm32f407xx.o
    0x08000188   0x08000188   0x00000000   Code   RO         5686  * .ARM.Collect$$$$00000000  mc_w.l(entry.o)
    0x08000188   0x08000188   0x00000004   Code   RO         6001    .ARM.Collect$$$$00000001  mc_w.l(entry2.o)
    0x0800018c   0x0800018c   0x00000004   Code   RO         6004    .ARM.Collect$$$$00000004  mc_w.l(entry5.o)
    0x08000190   0x08000190   0x00000000   Code   RO         6006    .ARM.Collect$$$$00000008  mc_w.l(entry7b.o)
    0x08000190   0x08000190   0x00000000   Code   RO         6008    .ARM.Collect$$$$0000000A  mc_w.l(entry8b.o)
    0x08000190   0x08000190   0x00000008   Code   RO         6009    .ARM.Collect$$$$0000000B  mc_w.l(entry9a.o)
    0x08000198   0x08000198   0x00000000   Code   RO         6011    .ARM.Collect$$$$0000000D  mc_w.l(entry10a.o)
    0x08000198   0x08000198   0x00000000   Code   RO         6013    .ARM.Collect$$$$0000000F  mc_w.l(entry11a.o)
    0x08000198   0x08000198   0x00000004   Code   RO         6002    .ARM.Collect$$$$00002712  mc_w.l(entry2.o)
    0x0800019c   0x0800019c   0x00000024   Code   RO            4    .text               startup_stm32f407xx.o
    0x080001c0   0x080001c0   0x00000062   Code   RO         5689    .text               mc_w.l(uldiv.o)
    0x08000222   0x08000222   0x00000002   PAD
    0x08000224   0x08000224   0x00000024   Code   RO         5719    .text               mc_w.l(rand.o)
    0x08000248   0x08000248   0x00000040   Code   RO         5724    .text               mc_w.l(memmovea.o)
    0x08000288   0x08000288   0x00000024   Code   RO         5726    .text               mc_w.l(memseta.o)
    0x080002ac   0x080002ac   0x0000001a   Code   RO         5730    .text               mc_w.l(memcmp.o)
    0x080002c6   0x080002c6   0x0000002c   Code   RO         6018    .text               mc_w.l(uidiv.o)
    0x080002f2   0x080002f2   0x0000001e   Code   RO         6020    .text               mc_w.l(llshl.o)
    0x08000310   0x08000310   0x00000020   Code   RO         6022    .text               mc_w.l(llushr.o)
    0x08000330   0x08000330   0x00000024   Code   RO         6044    .text               mc_w.l(init.o)
    0x08000354   0x08000354   0x00000000   Code   RO         6046    .text               mc_w.l(semi.o)
    0x08000354   0x08000354   0x00000000   Code   RO         6051    .text               mc_w.l(iusesemip.o)
    0x08000354   0x08000354   0x00000002   Code   RO          616    i.BusFault_Handler  stm32f4xx_it.o
    0x08000356   0x08000356   0x00000002   Code   RO          617    i.DebugMon_Handler  stm32f4xx_it.o
    0x08000358   0x08000358   0x00000020   Code   RO          796    i.ETH_Delay         stm32f4xx_hal_eth.o
    0x08000378   0x08000378   0x0000002e   Code   RO          797    i.ETH_FlushTransmitFIFO  stm32f4xx_hal_eth.o
    0x080003a6   0x080003a6   0x00000002   PAD
    0x080003a8   0x080003a8   0x00000124   Code   RO          798    i.ETH_MACDMAConfig  stm32f4xx_hal_eth.o
    0x080004cc   0x080004cc   0x00000024   Code   RO         1830    i.HAL_Delay         stm32f4xx_hal.o
    0x080004f0   0x080004f0   0x00000130   Code   RO          800    i.HAL_ETH_ConfigMAC  stm32f4xx_hal_eth.o
    0x08000620   0x08000620   0x00000074   Code   RO          801    i.HAL_ETH_DMARxDescListInit  stm32f4xx_hal_eth.o
    0x08000694   0x08000694   0x00000078   Code   RO          802    i.HAL_ETH_DMATxDescListInit  stm32f4xx_hal_eth.o
    0x0800070c   0x0800070c   0x0000007a   Code   RO          805    i.HAL_ETH_GetReceivedFrame  stm32f4xx_hal_eth.o
    0x08000786   0x08000786   0x00000002   PAD
    0x08000788   0x08000788   0x000001ec   Code   RO          809    i.HAL_ETH_Init      stm32f4xx_hal_eth.o
    0x08000974   0x08000974   0x000000d8   Code   RO          513    i.HAL_ETH_MspInit   ethernetif.o
    0x08000a4c   0x08000a4c   0x00000084   Code   RO          812    i.HAL_ETH_ReadPHYRegister  stm32f4xx_hal_eth.o
    0x08000ad0   0x08000ad0   0x00000084   Code   RO          814    i.HAL_ETH_Start     stm32f4xx_hal_eth.o
    0x08000b54   0x08000b54   0x00000084   Code   RO          815    i.HAL_ETH_Stop      stm32f4xx_hal_eth.o
    0x08000bd8   0x08000bd8   0x00000108   Code   RO          816    i.HAL_ETH_TransmitFrame  stm32f4xx_hal_eth.o
    0x08000ce0   0x08000ce0   0x00000078   Code   RO          818    i.HAL_ETH_WritePHYRegister  stm32f4xx_hal_eth.o
    0x08000d58   0x08000d58   0x000001ec   Code   RO         1304    i.HAL_GPIO_Init     stm32f4xx_hal_gpio.o
    0x08000f44   0x08000f44   0x0000000c   Code   RO         1836    i.HAL_GetTick       stm32f4xx_hal.o
    0x08000f50   0x08000f50   0x00000010   Code   RO         1842    i.HAL_IncTick       stm32f4xx_hal.o
    0x08000f60   0x08000f60   0x00000034   Code   RO         1843    i.HAL_Init          stm32f4xx_hal.o
    0x08000f94   0x08000f94   0x00000040   Code   RO         1844    i.HAL_InitTick      stm32f4xx_hal.o
    0x08000fd4   0x08000fd4   0x00000030   Code   RO          691    i.HAL_MspInit       stm32f4xx_hal_msp.o
    0x08001004   0x08001004   0x00000040   Code   RO         1699    i.HAL_NVIC_SetPriority  stm32f4xx_hal_cortex.o
    0x08001044   0x08001044   0x00000024   Code   RO         1700    i.HAL_NVIC_SetPriorityGrouping  stm32f4xx_hal_cortex.o
    0x08001068   0x08001068   0x00000134   Code   RO          950    i.HAL_RCC_ClockConfig  stm32f4xx_hal_rcc.o
    0x0800119c   0x0800119c   0x0000000c   Code   RO          955    i.HAL_RCC_GetHCLKFreq  stm32f4xx_hal_rcc.o
    0x080011a8   0x080011a8   0x00000060   Code   RO          959    i.HAL_RCC_GetSysClockFreq  stm32f4xx_hal_rcc.o
    0x08001208   0x08001208   0x0000036c   Code   RO          962    i.HAL_RCC_OscConfig  stm32f4xx_hal_rcc.o
    0x08001574   0x08001574   0x00000028   Code   RO         1704    i.HAL_SYSTICK_Config  stm32f4xx_hal_cortex.o
    0x0800159c   0x0800159c   0x00000002   Code   RO          618    i.HardFault_Handler  stm32f4xx_it.o
    0x0800159e   0x0800159e   0x00000002   PAD
    0x080015a0   0x080015a0   0x0000004c   Code   RO           14    i.MX_GPIO_Init      main.o
    0x080015ec   0x080015ec   0x000000fc   Code   RO          264    i.MX_LWIP_Init      lwip.o
    0x080016e8   0x080016e8   0x00000014   Code   RO          265    i.MX_LWIP_Process   lwip.o
    0x080016fc   0x080016fc   0x00000002   Code   RO          619    i.MemManage_Handler  stm32f4xx_it.o
    0x080016fe   0x080016fe   0x00000002   Code   RO          620    i.NMI_Handler       stm32f4xx_it.o
    0x08001700   0x08001700   0x00000002   Code   RO          621    i.PendSV_Handler    stm32f4xx_it.o
    0x08001702   0x08001702   0x00000002   Code   RO          622    i.SVC_Handler       stm32f4xx_it.o
    0x08001704   0x08001704   0x00000004   Code   RO          623    i.SysTick_Handler   stm32f4xx_it.o
    0x08001708   0x08001708   0x00000098   Code   RO           15    i.SystemClock_Config  main.o
    0x080017a0   0x080017a0   0x00000010   Code   RO         2118    i.SystemInit        system_stm32f4xx.o
    0x080017b0   0x080017b0   0x00000002   Code   RO          624    i.UsageFault_Handler  stm32f4xx_it.o
    0x080017b2   0x080017b2   0x00000002   PAD
    0x080017b4   0x080017b4   0x00000020   Code   RO         5893    i.__0printf$6       mc_w.l(printf6.o)
    0x080017d4   0x080017d4   0x00000028   Code   RO         5895    i.__0sprintf$6      mc_w.l(printf6.o)
    0x080017fc   0x080017fc   0x00000020   Code   RO         1706    i.__NVIC_SetPriority  stm32f4xx_hal_cortex.o
    0x0800181c   0x0800181c   0x0000000e   Code   RO         6058    i.__scatterload_copy  mc_w.l(handlers.o)
    0x0800182a   0x0800182a   0x00000002   Code   RO         6059    i.__scatterload_null  mc_w.l(handlers.o)
    0x0800182c   0x0800182c   0x0000000e   Code   RO         6060    i.__scatterload_zeroinit  mc_w.l(handlers.o)
    0x0800183a   0x0800183a   0x00000002   PAD
    0x0800183c   0x0800183c   0x000002f0   Code   RO         5900    i._printf_core      mc_w.l(printf6.o)
    0x08001b2c   0x08001b2c   0x00000024   Code   RO         5901    i._printf_post_padding  mc_w.l(printf6.o)
    0x08001b50   0x08001b50   0x0000002e   Code   RO         5902    i._printf_pre_padding  mc_w.l(printf6.o)
    0x08001b7e   0x08001b7e   0x0000000a   Code   RO         5904    i._sputc            mc_w.l(printf6.o)
    0x08001b88   0x08001b88   0x0000009c   Code   RO         3479    i.do_memp_free_pool  memp.o
    0x08001c24   0x08001c24   0x000000a4   Code   RO         3480    i.do_memp_malloc_pool  memp.o
    0x08001cc8   0x08001cc8   0x0000002c   Code   RO         4914    i.etharp_cleanup_netif  etharp.o
    0x08001cf4   0x08001cf4   0x00000260   Code   RO         4916    i.etharp_find_entry  etharp.o
    0x08001f54   0x08001f54   0x00000024   Code   RO         4917    i.etharp_free_entry  etharp.o
    0x08001f78   0x08001f78   0x00000104   Code   RO         4919    i.etharp_input      etharp.o
    0x0800207c   0x0800207c   0x000001b0   Code   RO         4920    i.etharp_output     etharp.o
    0x0800222c   0x0800222c   0x00000110   Code   RO         4921    i.etharp_output_to_arp_index  etharp.o
    0x0800233c   0x0800233c   0x000001e8   Code   RO         4922    i.etharp_query      etharp.o
    0x08002524   0x08002524   0x00000174   Code   RO         4923    i.etharp_raw        etharp.o
    0x08002698   0x08002698   0x0000000c   Code   RO         4924    i.etharp_request    etharp.o
    0x080026a4   0x080026a4   0x00000020   Code   RO         4925    i.etharp_request_dst  etharp.o
    0x080026c4   0x080026c4   0x00000060   Code   RO         4926    i.etharp_tmr        etharp.o
    0x08002724   0x08002724   0x0000011c   Code   RO         4927    i.etharp_update_arp_entry  etharp.o
    0x08002840   0x08002840   0x000000a4   Code   RO         2719    i.ethernet_input    ethernet.o
    0x080028e4   0x080028e4   0x000000f8   Code   RO         2720    i.ethernet_output   ethernet.o
    0x080029dc   0x080029dc   0x00000088   Code   RO          514    i.ethernetif_init   ethernetif.o
    0x08002a64   0x08002a64   0x00000022   Code   RO          515    i.ethernetif_input  ethernetif.o
    0x08002a86   0x08002a86   0x00000002   Code   RO          516    i.ethernetif_notify_conn_changed  ethernetif.o
    0x08002a88   0x08002a88   0x000000b0   Code   RO          518    i.ethernetif_update_config  ethernetif.o
    0x08002b38   0x08002b38   0x00000012   Code   RO         6015    i.fputc             mc_w.l(fputc.o)
    0x08002b4a   0x08002b4a   0x00000008   Code   RO         5017    i.icmp_dest_unreach  icmp.o
    0x08002b52   0x08002b52   0x00000002   PAD
    0x08002b54   0x08002b54   0x000001e8   Code   RO         5018    i.icmp_input        icmp.o
    0x08002d3c   0x08002d3c   0x00000110   Code   RO         5019    i.icmp_send_response  icmp.o
    0x08002e4c   0x08002e4c   0x00000008   Code   RO         5020    i.icmp_time_exceeded  icmp.o
    0x08002e54   0x08002e54   0x0000002e   Code   RO         5138    i.ip4_addr_isbroadcast_u32  ip4_addr.o
    0x08002e82   0x08002e82   0x00000002   PAD
    0x08002e84   0x08002e84   0x00000260   Code   RO         5207    i.ip4_frag          ip4_frag.o
    0x080030e4   0x080030e4   0x00000174   Code   RO         5083    i.ip4_input         ip4.o
    0x08003258   0x08003258   0x0000002c   Code   RO         5084    i.ip4_input_accept  ip4.o
    0x08003284   0x08003284   0x0000001e   Code   RO         5086    i.ip4_output_if     ip4.o
    0x080032a2   0x080032a2   0x00000002   PAD
    0x080032a4   0x080032a4   0x00000178   Code   RO         5087    i.ip4_output_if_src  ip4.o
    0x0800341c   0x0800341c   0x00000288   Code   RO         5208    i.ip4_reass         ip4_frag.o
    0x080036a4   0x080036a4   0x00000060   Code   RO         5088    i.ip4_route         ip4.o
    0x08003704   0x08003704   0x0000000c   Code   RO         5141    i.ip4addr_ntoa      ip4_addr.o
    0x08003710   0x08003710   0x00000078   Code   RO         5142    i.ip4addr_ntoa_r    ip4_addr.o
    0x08003788   0x08003788   0x00000090   Code   RO         5209    i.ip_frag_free_pbuf_custom_ref  ip4_frag.o
    0x08003818   0x08003818   0x00000248   Code   RO         5210    i.ip_reass_chain_frag_into_datagram_and_validate  ip4_frag.o
    0x08003a60   0x08003a60   0x000000bc   Code   RO         5211    i.ip_reass_dequeue_datagram  ip4_frag.o
    0x08003b1c   0x08003b1c   0x00000198   Code   RO         5212    i.ip_reass_free_complete_datagram  ip4_frag.o
    0x08003cb4   0x08003cb4   0x00000080   Code   RO         5213    i.ip_reass_remove_oldest_datagram  ip4_frag.o
    0x08003d34   0x08003d34   0x0000002c   Code   RO         5214    i.ip_reass_tmr      ip4_frag.o
    0x08003d60   0x08003d60   0x00000098   Code   RO         5215    i.ipfrag_free_pbuf_custom  ip4_frag.o
    0x08003df8   0x08003df8   0x00000108   Code   RO          519    i.low_level_init    ethernetif.o
    0x08003f00   0x08003f00   0x000000c0   Code   RO          520    i.low_level_input   ethernetif.o
    0x08003fc0   0x08003fc0   0x000000a8   Code   RO          521    i.low_level_output  ethernetif.o
    0x08004068   0x08004068   0x0000003c   Code   RO         4664    i.lwip_cyclic_timer  timeouts.o
    0x080040a4   0x080040a4   0x00000004   Code   RO         3145    i.lwip_htonl        def.o
    0x080040a8   0x080040a8   0x00000004   Code   RO         3146    i.lwip_htons        def.o
    0x080040ac   0x080040ac   0x0000001e   Code   RO         3297    i.lwip_init         init.o
    0x080040ca   0x080040ca   0x0000001a   Code   RO           16    i.main              main.o
    0x080040e4   0x080040e4   0x000001a0   Code   RO         3406    i.mem_free          mem.o
    0x08004284   0x08004284   0x00000038   Code   RO         3407    i.mem_init          mem.o
    0x080042bc   0x080042bc   0x0000023c   Code   RO         3408    i.mem_malloc        mem.o
    0x080044f8   0x080044f8   0x00000010   Code   RO         3409    i.mem_to_ptr        mem.o
    0x08004508   0x08004508   0x000001c4   Code   RO         3410    i.mem_trim          mem.o
    0x080046cc   0x080046cc   0x0000009c   Code   RO         3481    i.memp_free         memp.o
    0x08004768   0x08004768   0x00000020   Code   RO         3483    i.memp_init         memp.o
    0x08004788   0x08004788   0x0000002a   Code   RO         3484    i.memp_init_pool    memp.o
    0x080047b2   0x080047b2   0x00000002   PAD
    0x080047b4   0x080047b4   0x000000a4   Code   RO         3485    i.memp_malloc       memp.o
    0x08004858   0x08004858   0x000001d8   Code   RO         3613    i.netif_add         netif.o
    0x08004a30   0x08004a30   0x00000016   Code   RO         3615    i.netif_do_ip_addr_changed  netif.o
    0x08004a46   0x08004a46   0x00000016   Code   RO         3616    i.netif_do_set_gw   netif.o
    0x08004a5c   0x08004a5c   0x000000c4   Code   RO         3617    i.netif_do_set_ipaddr  netif.o
    0x08004b20   0x08004b20   0x00000016   Code   RO         3618    i.netif_do_set_netmask  netif.o
    0x08004b36   0x08004b36   0x00000002   PAD
    0x08004b38   0x08004b38   0x00000028   Code   RO         3620    i.netif_get_by_index  netif.o
    0x08004b60   0x08004b60   0x00000002   Code   RO         3622    i.netif_init        netif.o
    0x08004b62   0x08004b62   0x00000002   PAD
    0x08004b64   0x08004b64   0x000000c0   Code   RO         3624    i.netif_issue_reports  netif.o
    0x08004c24   0x08004c24   0x00000006   Code   RO         3626    i.netif_null_output_ip4  netif.o
    0x08004c2a   0x08004c2a   0x00000002   PAD
    0x08004c2c   0x08004c2c   0x00000060   Code   RO         3628    i.netif_set_addr    netif.o
    0x08004c8c   0x08004c8c   0x0000000c   Code   RO         3629    i.netif_set_default  netif.o
    0x08004c98   0x08004c98   0x000000a8   Code   RO         3630    i.netif_set_down    netif.o
    0x08004d40   0x08004d40   0x00000008   Code   RO         3633    i.netif_set_link_callback  netif.o
    0x08004d48   0x08004d48   0x000000a0   Code   RO         3637    i.netif_set_up      netif.o
    0x08004de8   0x08004de8   0x00000006   Code   RO         3801    i.pbuf_add_header   pbuf.o
    0x08004dee   0x08004dee   0x00000002   PAD
    0x08004df0   0x08004df0   0x000000c0   Code   RO         3803    i.pbuf_add_header_impl  pbuf.o
    0x08004eb0   0x08004eb0   0x00000234   Code   RO         3804    i.pbuf_alloc        pbuf.o
    0x080050e4   0x080050e4   0x000000b0   Code   RO         3805    i.pbuf_alloc_reference  pbuf.o
    0x08005194   0x08005194   0x00000036   Code   RO         3806    i.pbuf_alloced_custom  pbuf.o
    0x080051ca   0x080051ca   0x00000002   PAD
    0x080051cc   0x080051cc   0x00000130   Code   RO         3807    i.pbuf_cat          pbuf.o
    0x080052fc   0x080052fc   0x00000012   Code   RO         3808    i.pbuf_chain        pbuf.o
    0x0800530e   0x0800530e   0x00000012   Code   RO         3809    i.pbuf_clen         pbuf.o
    0x08005320   0x08005320   0x0000009c   Code   RO         3810    i.pbuf_clone        pbuf.o
    0x080053bc   0x080053bc   0x000001e0   Code   RO         3812    i.pbuf_copy         pbuf.o
    0x0800559c   0x0800559c   0x00000118   Code   RO         3813    i.pbuf_copy_partial  pbuf.o
    0x080056b4   0x080056b4   0x00000154   Code   RO         3815    i.pbuf_free         pbuf.o
    0x08005808   0x08005808   0x00000024   Code   RO         3817    i.pbuf_free_ooseq   pbuf.o
    0x0800582c   0x0800582c   0x00000006   Code   RO         3821    i.pbuf_header_force  pbuf.o
    0x08005832   0x08005832   0x0000000e   Code   RO         3822    i.pbuf_header_impl  pbuf.o
    0x08005840   0x08005840   0x0000001c   Code   RO         3823    i.pbuf_init_alloced_pbuf  pbuf.o
    0x0800585c   0x0800585c   0x00000134   Code   RO         3827    i.pbuf_realloc      pbuf.o
    0x08005990   0x08005990   0x0000008c   Code   RO         3828    i.pbuf_ref          pbuf.o
    0x08005a1c   0x08005a1c   0x000000d0   Code   RO         3829    i.pbuf_remove_header  pbuf.o
    0x08005aec   0x08005aec   0x00000178   Code   RO         3833    i.pbuf_take         pbuf.o
    0x08005c64   0x08005c64   0x000001a0   Code   RO         3411    i.plug_holes        mem.o
    0x08005e04   0x08005e04   0x0000000c   Code   RO         3412    i.ptr_to_mem        mem.o
    0x08005e10   0x08005e10   0x00000054   Code   RO         4665    i.sys_check_timeouts  timeouts.o
    0x08005e64   0x08005e64   0x00000004   Code   RO          523    i.sys_now           ethernetif.o
    0x08005e68   0x08005e68   0x000000c4   Code   RO         4667    i.sys_timeout       timeouts.o
    0x08005f2c   0x08005f2c   0x000000f8   Code   RO         4668    i.sys_timeout_abs   timeouts.o
    0x08006024   0x08006024   0x00000028   Code   RO         4669    i.sys_timeouts_init  timeouts.o
    0x0800604c   0x0800604c   0x000001ac   Code   RO         4098    i.tcp_abandon       tcp.o
    0x080061f8   0x080061f8   0x00000006   Code   RO         4099    i.tcp_abort         tcp.o
    0x080061fe   0x080061fe   0x00000002   PAD
    0x08006200   0x08006200   0x00000124   Code   RO         4102    i.tcp_alloc         tcp.o
    0x08006324   0x08006324   0x000000a0   Code   RO         4106    i.tcp_close         tcp.o
    0x080063c4   0x080063c4   0x000001dc   Code   RO         4107    i.tcp_close_shutdown  tcp.o
    0x080065a0   0x080065a0   0x000000c4   Code   RO         4108    i.tcp_close_shutdown_fin  tcp.o
    0x08006664   0x08006664   0x00000180   Code   RO         4504    i.tcp_create_segment  tcp_out.o
    0x080067e4   0x080067e4   0x000000b8   Code   RO         4111    i.tcp_eff_send_mss_netif  tcp.o
    0x0800689c   0x0800689c   0x00000234   Code   RO         4505    i.tcp_enqueue_flags  tcp_out.o
    0x08006ad0   0x08006ad0   0x0000006c   Code   RO         4113    i.tcp_fasttmr       tcp.o
    0x08006b3c   0x08006b3c   0x00000090   Code   RO         4114    i.tcp_free          tcp.o
    0x08006bcc   0x08006bcc   0x0000013c   Code   RO         4415    i.tcp_free_acked_segments  tcp_in.o
    0x08006d08   0x08006d08   0x00000014   Code   RO         4115    i.tcp_free_ooseq    tcp.o
    0x08006d1c   0x08006d1c   0x00000028   Code   RO         4416    i.tcp_get_next_optbyte  tcp_in.o
    0x08006d44   0x08006d44   0x00000018   Code   RO         4116    i.tcp_init          tcp.o
    0x08006d5c   0x08006d5c   0x00000650   Code   RO         4417    i.tcp_input         tcp_in.o
    0x080073ac   0x080073ac   0x000000d4   Code   RO         4418    i.tcp_input_delayed_close  tcp_in.o
    0x08007480   0x08007480   0x000000cc   Code   RO         4506    i.tcp_keepalive     tcp_out.o
    0x0800754c   0x0800754c   0x000000bc   Code   RO         4117    i.tcp_kill_state    tcp.o
    0x08007608   0x08007608   0x00000070   Code   RO         4118    i.tcp_listen_closed  tcp.o
    0x08007678   0x08007678   0x00000198   Code   RO         4419    i.tcp_listen_input  tcp_in.o
    0x08007810   0x08007810   0x0000004c   Code   RO         4121    i.tcp_netif_ip_addr_changed  tcp.o
    0x0800785c   0x0800785c   0x000000c0   Code   RO         4122    i.tcp_netif_ip_addr_changed_pcblist  tcp.o
    0x0800791c   0x0800791c   0x00000098   Code   RO         4126    i.tcp_next_iss      tcp.o
    0x080079b4   0x080079b4   0x0000010c   Code   RO         4420    i.tcp_oos_insert_segment  tcp_in.o
    0x08007ac0   0x08007ac0   0x000002e0   Code   RO         4507    i.tcp_output        tcp_out.o
    0x08007da0   0x08007da0   0x000000cc   Code   RO         4508    i.tcp_output_alloc_header  tcp_out.o
    0x08007e6c   0x08007e6c   0x00000110   Code   RO         4509    i.tcp_output_alloc_header_common  tcp_out.o
    0x08007f7c   0x08007f7c   0x000000e0   Code   RO         4510    i.tcp_output_control_segment  tcp_out.o
    0x0800805c   0x0800805c   0x000000d8   Code   RO         4511    i.tcp_output_fill_options  tcp_out.o
    0x08008134   0x08008134   0x000001dc   Code   RO         4512    i.tcp_output_segment  tcp_out.o
    0x08008310   0x08008310   0x000000a8   Code   RO         4513    i.tcp_output_segment_busy  tcp_out.o
    0x080083b8   0x080083b8   0x000000fc   Code   RO         4421    i.tcp_parseopt      tcp_in.o
    0x080084b4   0x080084b4   0x000000cc   Code   RO         4127    i.tcp_pcb_purge     tcp.o
    0x08008580   0x08008580   0x00000190   Code   RO         4128    i.tcp_pcb_remove    tcp.o
    0x08008710   0x08008710   0x000004c2   Code   RO         4422    i.tcp_process       tcp_in.o
    0x08008bd2   0x08008bd2   0x00000002   PAD
    0x08008bd4   0x08008bd4   0x00000104   Code   RO         4130    i.tcp_process_refused_data  tcp.o
    0x08008cd8   0x08008cd8   0x00000904   Code   RO         4423    i.tcp_receive       tcp_in.o
    0x080095dc   0x080095dc   0x000000b0   Code   RO         4132    i.tcp_recv_null     tcp.o
    0x0800968c   0x0800968c   0x00000100   Code   RO         4133    i.tcp_recved        tcp.o
    0x0800978c   0x0800978c   0x00000058   Code   RO         4134    i.tcp_remove_listener  tcp.o
    0x080097e4   0x080097e4   0x000000ec   Code   RO         4515    i.tcp_rexmit        tcp_out.o
    0x080098d0   0x080098d0   0x000000e8   Code   RO         4516    i.tcp_rexmit_fast   tcp_out.o
    0x080099b8   0x080099b8   0x000000a4   Code   RO         4517    i.tcp_rexmit_rto    tcp_out.o
    0x08009a5c   0x08009a5c   0x000000ac   Code   RO         4518    i.tcp_rexmit_rto_commit  tcp_out.o
    0x08009b08   0x08009b08   0x000000f8   Code   RO         4519    i.tcp_rexmit_rto_prepare  tcp_out.o
    0x08009c00   0x08009c00   0x00000010   Code   RO         4520    i.tcp_route         tcp_out.o
    0x08009c10   0x08009c10   0x00000114   Code   RO         4521    i.tcp_rst           tcp_out.o
    0x08009d24   0x08009d24   0x000000ac   Code   RO         4135    i.tcp_seg_copy      tcp.o
    0x08009dd0   0x08009dd0   0x0000001c   Code   RO         4136    i.tcp_seg_free      tcp.o
    0x08009dec   0x08009dec   0x00000012   Code   RO         4137    i.tcp_segs_free     tcp.o
    0x08009dfe   0x08009dfe   0x00000002   PAD
    0x08009e00   0x08009e00   0x000000ec   Code   RO         4522    i.tcp_send_empty_ack  tcp_out.o
    0x08009eec   0x08009eec   0x000000cc   Code   RO         4523    i.tcp_send_fin      tcp_out.o
    0x08009fb8   0x08009fb8   0x000005d0   Code   RO         4141    i.tcp_slowtmr       tcp.o
    0x0800a588   0x0800a588   0x0000022c   Code   RO         4524    i.tcp_split_unsent_seg  tcp_out.o
    0x0800a7b4   0x0800a7b4   0x00000034   Code   RO         4672    i.tcp_timer_needed  timeouts.o
    0x0800a7e8   0x0800a7e8   0x00000100   Code   RO         4424    i.tcp_timewait_input  tcp_in.o
    0x0800a8e8   0x0800a8e8   0x00000020   Code   RO         4143    i.tcp_tmr           tcp.o
    0x0800a908   0x0800a908   0x00000010   Code   RO         4425    i.tcp_trigger_input_pcb_close  tcp_in.o
    0x0800a918   0x0800a918   0x000000f4   Code   RO         4145    i.tcp_update_rcv_ann_wnd  tcp.o
    0x0800aa0c   0x0800aa0c   0x00000140   Code   RO         4527    i.tcp_zero_window_probe  tcp_out.o
    0x0800ab4c   0x0800ab4c   0x00000038   Code   RO         4673    i.tcpip_tcp_timer   timeouts.o
    0x0800ab84   0x0800ab84   0x00000034   Code   RO          715    i.udpServer_init    udpserverraw.o
    0x0800abb8   0x0800abb8   0x00000134   Code   RO         4753    i.udp_bind          udp.o
    0x0800acec   0x0800acec   0x00000100   Code   RO         4755    i.udp_connect       udp.o
    0x0800adec   0x0800adec   0x00000098   Code   RO         4756    i.udp_disconnect    udp.o
    0x0800ae84   0x0800ae84   0x00000018   Code   RO         4757    i.udp_init          udp.o
    0x0800ae9c   0x0800ae9c   0x000001e8   Code   RO         4758    i.udp_input         udp.o
    0x0800b084   0x0800b084   0x0000010c   Code   RO         4759    i.udp_input_local_match  udp.o
    0x0800b190   0x0800b190   0x00000034   Code   RO         4760    i.udp_netif_ip_addr_changed  udp.o
    0x0800b1c4   0x0800b1c4   0x0000001a   Code   RO         4761    i.udp_new           udp.o
    0x0800b1de   0x0800b1de   0x00000002   PAD
    0x0800b1e0   0x0800b1e0   0x00000080   Code   RO          716    i.udp_receive_callback  udpserverraw.o
    0x0800b260   0x0800b260   0x00000088   Code   RO         4763    i.udp_recv          udp.o
    0x0800b2e8   0x0800b2e8   0x000000b0   Code   RO         4764    i.udp_remove        udp.o
    0x0800b398   0x0800b398   0x000000bc   Code   RO         4765    i.udp_send          udp.o
    0x0800b454   0x0800b454   0x00000114   Code   RO         4766    i.udp_sendto        udp.o
    0x0800b568   0x0800b568   0x00000140   Code   RO         4767    i.udp_sendto_if     udp.o
    0x0800b6a8   0x0800b6a8   0x00000248   Code   RO         4768    i.udp_sendto_if_src  udp.o
    0x0800b8f0   0x0800b8f0   0x00000010   Data   RO         2119    .constdata          system_stm32f4xx.o
    0x0800b900   0x0800b900   0x00000006   Data   RO         2721    .constdata          ethernet.o
    0x0800b906   0x0800b906   0x00000006   Data   RO         2722    .constdata          ethernet.o
    0x0800b90c   0x0800b90c   0x0000000c   Data   RO         3496    .constdata          memp.o
    0x0800b918   0x0800b918   0x0000000c   Data   RO         3497    .constdata          memp.o
    0x0800b924   0x0800b924   0x0000000c   Data   RO         3498    .constdata          memp.o
    0x0800b930   0x0800b930   0x0000000c   Data   RO         3499    .constdata          memp.o
    0x0800b93c   0x0800b93c   0x0000000c   Data   RO         3500    .constdata          memp.o
    0x0800b948   0x0800b948   0x0000000c   Data   RO         3501    .constdata          memp.o
    0x0800b954   0x0800b954   0x0000000c   Data   RO         3502    .constdata          memp.o
    0x0800b960   0x0800b960   0x0000000c   Data   RO         3503    .constdata          memp.o
    0x0800b96c   0x0800b96c   0x0000000c   Data   RO         3504    .constdata          memp.o
    0x0800b978   0x0800b978   0x00000024   Data   RO         3505    .constdata          memp.o
    0x0800b99c   0x0800b99c   0x00000054   Data   RO         4146    .constdata          tcp.o
    0x0800b9f0   0x0800b9f0   0x00000018   Data   RO         4674    .constdata          timeouts.o
    0x0800ba08   0x0800ba08   0x00000004   Data   RO         5145    .constdata          ip4_addr.o
    0x0800ba0c   0x0800ba0c   0x00000075   Data   RO         4147    .conststring        tcp.o
    0x0800ba81   0x0800ba81   0x00000003   PAD
    0x0800ba84   0x0800ba84   0x00000055   Data   RO         4528    .conststring        tcp_out.o
    0x0800bad9   0x0800bad9   0x00000003   PAD
    0x0800badc   0x0800badc   0x00000041   Data   RO         4929    .conststring        etharp.o
    0x0800bb1d   0x0800bb1d   0x00000003   PAD
    0x0800bb20   0x0800bb20   0x00000020   Data   RO         6056    Region$$Table       anon$$obj.o


    Execution Region RW_IRAM2 (Exec base: 0x10000000, Load base: 0x0800bc14, Size: 0x00000000, Max: 0x00010000, ABSOLUTE)

    **** No section assigned to this execution region ****


    Execution Region RW_IRAM1 (Exec base: 0x20000000, Load base: 0x0800bb40, Size: 0x00006c30, Max: 0x00020000, ABSOLUTE)

    Exec Addr    Load Addr    Size         Type   Attr      Idx    E Section Name        Object

    0x20000000   0x0800bb40   0x00000018   Data   RW          271    .data               lwip.o
    0x20000018   0x0800bb58   0x0000000c   Data   RW         1850    .data               stm32f4xx_hal.o
    0x20000024   0x0800bb64   0x00000004   Data   RW         2121    .data               system_stm32f4xx.o
    0x20000028   0x0800bb68   0x0000000c   Data   RW         3414    .data               mem.o
    0x20000034   0x0800bb74   0x00000004   Data   RW         3506    .data               memp.o
    0x20000038   0x0800bb78   0x00000004   Data   RW         3507    .data               memp.o
    0x2000003c   0x0800bb7c   0x00000004   Data   RW         3508    .data               memp.o
    0x20000040   0x0800bb80   0x00000004   Data   RW         3509    .data               memp.o
    0x20000044   0x0800bb84   0x00000004   Data   RW         3510    .data               memp.o
    0x20000048   0x0800bb88   0x00000004   Data   RW         3511    .data               memp.o
    0x2000004c   0x0800bb8c   0x00000004   Data   RW         3512    .data               memp.o
    0x20000050   0x0800bb90   0x00000004   Data   RW         3513    .data               memp.o
    0x20000054   0x0800bb94   0x00000004   Data   RW         3514    .data               memp.o
    0x20000058   0x0800bb98   0x0000000c   Data   RW         3638    .data               netif.o
    0x20000064   0x0800bba4   0x00000001   Data   RW         3836    .data               pbuf.o
    0x20000065   0x0800bba5   0x00000003   PAD
    0x20000068   0x0800bba8   0x00000020   Data   RW         4148    .data               tcp.o
    0x20000088   0x0800bbc8   0x00000024   Data   RW         4427    .data               tcp_in.o
    0x200000ac   0x0800bbec   0x0000000c   Data   RW         4676    .data               timeouts.o
    0x200000b8   0x0800bbf8   0x00000008   Data   RW         4769    .data               udp.o
    0x200000c0   0x0800bc00   0x00000001   Data   RW         4930    .data               etharp.o
    0x200000c1   0x0800bc01   0x00000001   PAD
    0x200000c2   0x0800bc02   0x00000002   Data   RW         5089    .data               ip4.o
    0x200000c4   0x0800bc04   0x00000008   Data   RW         5216    .data               ip4_frag.o
    0x200000cc   0x0800bc0c   0x00000004   Data   RW         5720    .data               mc_w.l(rand.o)
    0x200000d0   0x0800bc10   0x00000004   Data   RW         6017    .data               mc_w.l(stdout.o)
    0x200000d4        -       0x00000034   Zero   RW          270    .bss                lwip.o
    0x20000108        -       0x000030e8   Zero   RW          524    .bss                ethernetif.o
    0x200031f0        -       0x00000018   Zero   RW         3374    .bss                ip.o
    0x20003208        -       0x00000653   Zero   RW         3413    .bss                mem.o
    0x2000385b        -       0x00000083   Zero   RW         3487    .bss                memp.o
    0x200038de        -       0x0000030f   Zero   RW         3488    .bss                memp.o
    0x20003bed        -       0x000000e3   Zero   RW         3489    .bss                memp.o
    0x20003cd0        -       0x00000103   Zero   RW         3490    .bss                memp.o
    0x20003dd3        -       0x000000a3   Zero   RW         3491    .bss                memp.o
    0x20003e76        -       0x0000016b   Zero   RW         3492    .bss                memp.o
    0x20003fe1        -       0x00000033   Zero   RW         3493    .bss                memp.o
    0x20004014        -       0x00000103   Zero   RW         3494    .bss                memp.o
    0x20004117        -       0x00002603   Zero   RW         3495    .bss                memp.o
    0x2000671a   0x0800bc14   0x00000002   PAD
    0x2000671c        -       0x00000010   Zero   RW         4426    .bss                tcp_in.o
    0x2000672c        -       0x000000f0   Zero   RW         4928    .bss                etharp.o
    0x2000681c        -       0x00000010   Zero   RW         5144    .bss                ip4_addr.o
    0x2000682c   0x0800bc14   0x00000004   PAD
    0x20006830        -       0x00000400   Zero   RW            1    STACK               startup_stm32f407xx.o


==============================================================================

Image component sizes


      Code (inc. data)   RO Data    RW Data    ZI Data      Debug   Object Name

         0          0          0          0          0       2200   auth.o
         0          0          0          0          0       2122   bridgeif.o
         0          0          0          0          0        388   bridgeif_fdb.o
         8          0          0          0          0       1138   def.o
      2936       1186         65          1        240      13039   etharp.o
       412        154         12          0          0       2790   ethernet.o
      1192        144          0          0      12520       7740   ethernetif.o
       776        350          0          0          0       4530   icmp.o
        30          0          0          0          0       4176   init.o
         0          0          0          0         24       7841   ip.o
       918        184          0          2          0       5736   ip4.o
       178          4          4          0         16      10466   ip4_addr.o
      2904       1164          0          8          0      11898   ip4_frag.o
       272         26          0         24         52     687868   lwip.o
       254         16          0          0          0      83406   main.o
      1940        926          0         12       1619       7581   mem.o
       714        498        144         36      11967      10386   memp.o
      1418        740          0         12          0      15018   netif.o
      3704       2012          0          1          0      29631   pbuf.o
        36          8        392          0       1024        852   startup_stm32f407xx.o
       180         28          0         12          0       9541   stm32f4xx_hal.o
       172         14          0          0          0      33342   stm32f4xx_hal_cortex.o
      2304         76          0          0          0      13274   stm32f4xx_hal_eth.o
       492         44          0          0          0       1560   stm32f4xx_hal_gpio.o
        48          6          0          0          0        862   stm32f4xx_hal_msp.o
      1292         54          0          0          0       4614   stm32f4xx_hal_rcc.o
        20          0          0          0          0       4238   stm32f4xx_it.o
        16          4         16          4          0       1155   system_stm32f4xx.o
      6124       2876        201         32          0      38431   tcp.o
      6910       2036          0         36         16      22899   tcp_in.o
      6108       3044         85          0          0      29602   tcp_out.o
       736        372         24         12          0       7010   timeouts.o
      3254       1802          0          8          0      14154   udp.o
       180         38          0          0          0       3343   udpserverraw.o

    ----------------------------------------------------------------------
     45562      17806        984        204      27484    1092831   Object Totals
         0          0         32          0          0          0   (incl. Generated)
        34          0          9          4          6          0   (incl. Padding)

    ----------------------------------------------------------------------

      Code (inc. data)   RO Data    RW Data    ZI Data      Debug   Library Member Name

         0          0          0          0          0          0   entry.o
         0          0          0          0          0          0   entry10a.o
         0          0          0          0          0          0   entry11a.o
         8          4          0          0          0          0   entry2.o
         4          0          0          0          0          0   entry5.o
         0          0          0          0          0          0   entry7b.o
         0          0          0          0          0          0   entry8b.o
         8          4          0          0          0          0   entry9a.o
        18          0          0          0          0         80   fputc.o
        30          0          0          0          0          0   handlers.o
        36          8          0          0          0         68   init.o
         0          0          0          0          0          0   iusesemip.o
        30          0          0          0          0         68   llshl.o
        32          0          0          0          0         68   llushr.o
        26          0          0          0          0         80   memcmp.o
        64          0          0          0          0         76   memmovea.o
        36          0          0          0          0        108   memseta.o
       916         20          0          0          0        504   printf6.o
        36         10          0          4          0        136   rand.o
         0          0          0          0          0          0   semi.o
         0          0          0          4          0          0   stdout.o
        44          0          0          0          0         80   uidiv.o
        98          0          0          0          0         92   uldiv.o

    ----------------------------------------------------------------------
      1390         46          0          8          0       1360   Library Totals
         4          0          0          0          0          0   (incl. Padding)

    ----------------------------------------------------------------------

      Code (inc. data)   RO Data    RW Data    ZI Data      Debug   Library Name

      1386         46          0          8          0       1360   mc_w.l

    ----------------------------------------------------------------------
      1390         46          0          8          0       1360   Library Totals

    ----------------------------------------------------------------------

==============================================================================


      Code (inc. data)   RO Data    RW Data    ZI Data      Debug   

     46952      17852        984        212      27484    1072571   Grand Totals
     46952      17852        984        212      27484    1072571   ELF Image Totals
     46952      17852        984        212          0          0   ROM Totals

==============================================================================

    Total RO  Size (Code + RO Data)                47936 (  46.81kB)
    Total RW  Size (RW Data + ZI Data)             27696 (  27.05kB)
    Total ROM Size (Code + RO Data + RW Data)      48148 (  47.02kB)

==============================================================================

