Component: ARM Compiler 5.06 update 6 (build 750) Tool: armlink [4d35ed]

==============================================================================

Section Cross References

    startup_stm32f407xx.o(RESET) refers to startup_stm32f407xx.o(STACK) for __initial_sp
    startup_stm32f407xx.o(RESET) refers to startup_stm32f407xx.o(.text) for Reset_Handler
    startup_stm32f407xx.o(RESET) refers to stm32f4xx_it.o(i.NMI_Handler) for NMI_Handler
    startup_stm32f407xx.o(RESET) refers to stm32f4xx_it.o(i.HardFault_Handler) for HardFault_Handler
    startup_stm32f407xx.o(RESET) refers to stm32f4xx_it.o(i.MemManage_Handler) for MemManage_Handler
    startup_stm32f407xx.o(RESET) refers to stm32f4xx_it.o(i.BusFault_Handler) for BusFault_Handler
    startup_stm32f407xx.o(RESET) refers to stm32f4xx_it.o(i.UsageFault_Handler) for UsageFault_Handler
    startup_stm32f407xx.o(RESET) refers to port.o(.emb_text) for SVC_Handler
    startup_stm32f407xx.o(RESET) refers to stm32f4xx_it.o(i.DebugMon_Handler) for DebugMon_Handler
    startup_stm32f407xx.o(RESET) refers to stm32f4xx_it.o(i.SysTick_Handler) for SysTick_Handler
    startup_stm32f407xx.o(RESET) refers to stm32f4xx_it.o(i.ETH_IRQHandler) for ETH_IRQHandler
    startup_stm32f407xx.o(.text) refers to system_stm32f4xx.o(i.SystemInit) for SystemInit
    startup_stm32f407xx.o(.text) refers to entry.o(.ARM.Collect$$$$00000000) for __main
    main.o(i.StartDefaultTask) refers to lwip.o(i.MX_LWIP_Init) for MX_LWIP_Init
    main.o(i.StartDefaultTask) refers to cmsis_os2.o(i.osDelay) for osDelay
    main.o(i.SystemClock_Config) refers to memseta.o(.text) for __aeabi_memclr4
    main.o(i.SystemClock_Config) refers to stm32f4xx_hal_rcc.o(i.HAL_RCC_OscConfig) for HAL_RCC_OscConfig
    main.o(i.SystemClock_Config) refers to stm32f4xx_hal_rcc.o(i.HAL_RCC_ClockConfig) for HAL_RCC_ClockConfig
    main.o(i.main) refers to stm32f4xx_hal.o(i.HAL_Init) for HAL_Init
    main.o(i.main) refers to main.o(i.SystemClock_Config) for SystemClock_Config
    main.o(i.main) refers to main.o(i.MX_GPIO_Init) for MX_GPIO_Init
    main.o(i.main) refers to cmsis_os2.o(i.osKernelInitialize) for osKernelInitialize
    main.o(i.main) refers to cmsis_os2.o(i.osThreadNew) for osThreadNew
    main.o(i.main) refers to cmsis_os2.o(i.osKernelStart) for osKernelStart
    main.o(i.main) refers to main.o(.constdata) for .constdata
    main.o(i.main) refers to main.o(i.StartDefaultTask) for StartDefaultTask
    main.o(i.main) refers to main.o(.data) for .data
    main.o(.constdata) refers to main.o(.conststring) for .conststring
    lwip.o(i.MX_LWIP_Init) refers to tcpip.o(i.tcpip_init) for tcpip_init
    lwip.o(i.MX_LWIP_Init) refers to netif.o(i.netif_add) for netif_add
    lwip.o(i.MX_LWIP_Init) refers to netif.o(i.netif_set_default) for netif_set_default
    lwip.o(i.MX_LWIP_Init) refers to netif.o(i.netif_set_up) for netif_set_up
    lwip.o(i.MX_LWIP_Init) refers to netif.o(i.netif_set_down) for netif_set_down
    lwip.o(i.MX_LWIP_Init) refers to netif.o(i.netif_set_link_callback) for netif_set_link_callback
    lwip.o(i.MX_LWIP_Init) refers to cmsis_os2.o(i.osSemaphoreNew) for osSemaphoreNew
    lwip.o(i.MX_LWIP_Init) refers to memseta.o(.text) for __aeabi_memclr4
    lwip.o(i.MX_LWIP_Init) refers to cmsis_os2.o(i.osThreadNew) for osThreadNew
    lwip.o(i.MX_LWIP_Init) refers to lwip.o(.data) for .data
    lwip.o(i.MX_LWIP_Init) refers to tcpip.o(i.tcpip_input) for tcpip_input
    lwip.o(i.MX_LWIP_Init) refers to ethernetif.o(i.ethernetif_init) for ethernetif_init
    lwip.o(i.MX_LWIP_Init) refers to lwip.o(.bss) for .bss
    lwip.o(i.MX_LWIP_Init) refers to ethernetif.o(i.ethernetif_update_config) for ethernetif_update_config
    lwip.o(i.MX_LWIP_Init) refers to ethernetif.o(i.ethernetif_set_link) for ethernetif_set_link
    ethernetif.o(i.HAL_ETH_MspDeInit) refers to stm32f4xx_hal_gpio.o(i.HAL_GPIO_DeInit) for HAL_GPIO_DeInit
    ethernetif.o(i.HAL_ETH_MspDeInit) refers to stm32f4xx_hal_cortex.o(i.HAL_NVIC_DisableIRQ) for HAL_NVIC_DisableIRQ
    ethernetif.o(i.HAL_ETH_MspInit) refers to memseta.o(.text) for __aeabi_memclr4
    ethernetif.o(i.HAL_ETH_MspInit) refers to stm32f4xx_hal_gpio.o(i.HAL_GPIO_Init) for HAL_GPIO_Init
    ethernetif.o(i.HAL_ETH_MspInit) refers to stm32f4xx_hal_cortex.o(i.HAL_NVIC_SetPriority) for HAL_NVIC_SetPriority
    ethernetif.o(i.HAL_ETH_MspInit) refers to stm32f4xx_hal_cortex.o(i.HAL_NVIC_EnableIRQ) for HAL_NVIC_EnableIRQ
    ethernetif.o(i.HAL_ETH_RxCpltCallback) refers to cmsis_os2.o(i.osSemaphoreRelease) for osSemaphoreRelease
    ethernetif.o(i.HAL_ETH_RxCpltCallback) refers to ethernetif.o(.data) for .data
    ethernetif.o(i.ethernetif_init) refers to printf3.o(i.__0printf$3) for __2printf
    ethernetif.o(i.ethernetif_init) refers to ethernetif.o(i.low_level_init) for low_level_init
    ethernetif.o(i.ethernetif_init) refers to etharp.o(i.etharp_output) for etharp_output
    ethernetif.o(i.ethernetif_init) refers to ethernetif.o(i.low_level_output) for low_level_output
[...]
    I2C2_EV_IRQHandler                       0x08000277   Thumb Code     0  startup_stm32f407xx.o(.text)
    I2C3_ER_IRQHandler                       0x08000277   Thumb Code     0  startup_stm32f407xx.o(.text)
    I2C3_EV_IRQHandler                       0x08000277   Thumb Code     0  startup_stm32f407xx.o(.text)
    OTG_FS_IRQHandler                        0x08000277   Thumb Code     0  startup_stm32f407xx.o(.text)
    OTG_FS_WKUP_IRQHandler                   0x08000277   Thumb Code     0  startup_stm32f407xx.o(.text)
    OTG_HS_EP1_IN_IRQHandler                 0x08000277   Thumb Code     0  startup_stm32f407xx.o(.text)
    OTG_HS_EP1_OUT_IRQHandler                0x08000277   Thumb Code     0  startup_stm32f407xx.o(.text)
    OTG_HS_IRQHandler                        0x08000277   Thumb Code     0  startup_stm32f407xx.o(.text)
    OTG_HS_WKUP_IRQHandler                   0x08000277   Thumb Code     0  startup_stm32f407xx.o(.text)
    PVD_IRQHandler                           0x08000277   Thumb Code     0  startup_stm32f407xx.o(.text)
    RCC_IRQHandler                           0x08000277   Thumb Code     0  startup_stm32f407xx.o(.text)
    RTC_Alarm_IRQHandler                     0x08000277   Thumb Code     0  startup_stm32f407xx.o(.text)
    RTC_WKUP_IRQHandler                      0x08000277   Thumb Code     0  startup_stm32f407xx.o(.text)
    SDIO_IRQHandler                          0x08000277   Thumb Code     0  startup_stm32f407xx.o(.text)
    SPI1_IRQHandler                          0x08000277   Thumb Code     0  startup_stm32f407xx.o(.text)
    SPI2_IRQHandler                          0x08000277   Thumb Code     0  startup_stm32f407xx.o(.text)
    SPI3_IRQHandler                          0x08000277   Thumb Code     0  startup_stm32f407xx.o(.text)
    TAMP_STAMP_IRQHandler                    0x08000277   Thumb Code     0  startup_stm32f407xx.o(.text)
    TIM1_BRK_TIM9_IRQHandler                 0x08000277   Thumb Code     0  startup_stm32f407xx.o(.text)
    TIM1_CC_IRQHandler                       0x08000277   Thumb Code     0  startup_stm32f407xx.o(.text)
    TIM1_TRG_COM_TIM11_IRQHandler            0x08000277   Thumb Code     0  startup_stm32f407xx.o(.text)
    TIM1_UP_TIM10_IRQHandler                 0x08000277   Thumb Code     0  startup_stm32f407xx.o(.text)
    TIM2_IRQHandler                          0x08000277   Thumb Code     0  startup_stm32f407xx.o(.text)
    TIM3_IRQHandler                          0x08000277   Thumb Code     0  startup_stm32f407xx.o(.text)
    TIM4_IRQHandler                          0x08000277   Thumb Code     0  startup_stm32f407xx.o(.text)
    TIM5_IRQHandler                          0x08000277   Thumb Code     0  startup_stm32f407xx.o(.text)
    TIM6_DAC_IRQHandler                      0x08000277   Thumb Code     0  startup_stm32f407xx.o(.text)
    TIM7_IRQHandler                          0x08000277   Thumb Code     0  startup_stm32f407xx.o(.text)
    TIM8_BRK_TIM12_IRQHandler                0x08000277   Thumb Code     0  startup_stm32f407xx.o(.text)
    TIM8_CC_IRQHandler                       0x08000277   Thumb Code     0  startup_stm32f407xx.o(.text)
    TIM8_TRG_COM_TIM14_IRQHandler            0x08000277   Thumb Code     0  startup_stm32f407xx.o(.text)
    TIM8_UP_TIM13_IRQHandler                 0x08000277   Thumb Code     0  startup_stm32f407xx.o(.text)
    UART4_IRQHandler                         0x08000277   Thumb Code     0  startup_stm32f407xx.o(.text)
    UART5_IRQHandler                         0x08000277   Thumb Code     0  startup_stm32f407xx.o(.text)
    USART1_IRQHandler                        0x08000277   Thumb Code     0  startup_stm32f407xx.o(.text)
    USART2_IRQHandler                        0x08000277   Thumb Code     0  startup_stm32f407xx.o(.text)
    USART3_IRQHandler                        0x08000277   Thumb Code     0  startup_stm32f407xx.o(.text)
    USART6_IRQHandler                        0x08000277   Thumb Code     0  startup_stm32f407xx.o(.text)
    WWDG_IRQHandler                          0x08000277   Thumb Code     0  startup_stm32f407xx.o(.text)
    __aeabi_uldivmod                         0x08000281   Thumb Code    98  uldiv.o(.text)
    rand                                     0x080002e5   Thumb Code    20  rand.o(.text)
    srand                                    0x080002f9   Thumb Code     6  rand.o(.text)
    ___aeabi_memcpy4$move                    0x08000309   Thumb Code     0  memmovea.o(.text)
    ___aeabi_memcpy8$move                    0x08000309   Thumb Code     0  memmovea.o(.text)
    __aeabi_memcpy                           0x08000309   Thumb Code    64  memmovea.o(.text)
    __aeabi_memmove                          0x08000309   Thumb Code     0  memmovea.o(.text)
    __aeabi_memmove4                         0x08000309   Thumb Code     0  memmovea.o(.text)
    __aeabi_memmove8                         0x08000309   Thumb Code     0  memmovea.o(.text)
    __aeabi_memset                           0x08000349   Thumb Code    14  memseta.o(.text)
    __aeabi_memset4                          0x08000349   Thumb Code     0  memseta.o(.text)
    __aeabi_memset8                          0x08000349   Thumb Code     0  memseta.o(.text)
    __aeabi_memclr                           0x08000357   Thumb Code     4  memseta.o(.text)
    __aeabi_memclr4                          0x08000357   Thumb Code     0  memseta.o(.text)
    __aeabi_memclr8                          0x08000357   Thumb Code     0  memseta.o(.text)
    memset                                   0x0800035b   Thumb Code    18  memseta.o(.text)
    memcmp                                   0x0800036d   Thumb Code    26  memcmp.o(.text)
    __aeabi_uidiv                            0x08000387   Thumb Code     0  uidiv.o(.text)
    __aeabi_uidivmod                         0x08000387   Thumb Code    44  uidiv.o(.text)
    __aeabi_llsl                             0x080003b3   Thumb Code    30  llshl.o(.text)
    _ll_shift_l                              0x080003b3   Thumb Code     0  llshl.o(.text)
    __aeabi_llsr                             0x080003d1   Thumb Code    32  llushr.o(.text)
    _ll_ushift_r                             0x080003d1   Thumb Code     0  llushr.o(.text)
    __scatterload                            0x080003f1   Thumb Code    28  init.o(.text)
    __scatterload_rt2                        0x080003f1   Thumb Code     0  init.o(.text)
    __I$use$semihosting$fputc                0x08000415   Thumb Code     0  iusesemip.o(.text)
    __decompress                             0x08000415   Thumb Code     0  __dczerorl2.o(.text)
    __decompress1                            0x08000415   Thumb Code    86  __dczerorl2.o(.text)
    __semihosting_library_function           0x08000415   Thumb Code     0  semi.o(.text)
    BusFault_Handler                         0x0800046b   Thumb Code     2  stm32f4xx_it.o(i.BusFault_Handler)
    DebugMon_Handler                         0x0800046d   Thumb Code     2  stm32f4xx_it.o(i.DebugMon_Handler)
    ETH_IRQHandler                           0x080004c1   Thumb Code     6  stm32f4xx_it.o(i.ETH_IRQHandler)
    HAL_Delay                                0x080005f1   Thumb Code    32  stm32f4xx_hal.o(i.HAL_Delay)
    HAL_ETH_ConfigMAC                        0x08000615   Thumb Code   300  stm32f4xx_hal_eth.o(i.HAL_ETH_ConfigMAC)
    HAL_ETH_DMARxDescListInit                0x08000745   Thumb Code   116  stm32f4xx_hal_eth.o(i.HAL_ETH_DMARxDescListInit)
    HAL_ETH_DMATxDescListInit                0x080007b9   Thumb Code   120  stm32f4xx_hal_eth.o(i.HAL_ETH_DMATxDescListInit)
    HAL_ETH_ErrorCallback                    0x08000831   Thumb Code     2  stm32f4xx_hal_eth.o(i.HAL_ETH_ErrorCallback)
    HAL_ETH_GetReceivedFrame_IT              0x08000833   Thumb Code   136  stm32f4xx_hal_eth.o(i.HAL_ETH_GetReceivedFrame_IT)
    HAL_ETH_IRQHandler                       0x080008bb   Thumb Code   122  stm32f4xx_hal_eth.o(i.HAL_ETH_IRQHandler)
    HAL_ETH_Init                             0x08000935   Thumb Code   450  stm32f4xx_hal_eth.o(i.HAL_ETH_Init)
    HAL_ETH_MspInit                          0x08000b21   Thumb Code   210  ethernetif.o(i.HAL_ETH_MspInit)
    HAL_ETH_ReadPHYRegister                  0x08000c09   Thumb Code   132  stm32f4xx_hal_eth.o(i.HAL_ETH_ReadPHYRegister)
    HAL_ETH_RxCpltCallback                   0x08000c8d   Thumb Code     8  ethernetif.o(i.HAL_ETH_RxCpltCallback)
    HAL_ETH_Start                            0x08000c99   Thumb Code   132  stm32f4xx_hal_eth.o(i.HAL_ETH_Start)
    HAL_ETH_Stop                             0x08000d1d   Thumb Code   132  stm32f4xx_hal_eth.o(i.HAL_ETH_Stop)
    HAL_ETH_TransmitFrame                    0x08000da1   Thumb Code   264  stm32f4xx_hal_eth.o(i.HAL_ETH_TransmitFrame)
    HAL_ETH_TxCpltCallback                   0x08000ea9   Thumb Code     2  stm32f4xx_hal_eth.o(i.HAL_ETH_TxCpltCallback)
    HAL_ETH_WritePHYRegister                 0x08000ead   Thumb Code   120  stm32f4xx_hal_eth.o(i.HAL_ETH_WritePHYRegister)
    HAL_GPIO_Init                            0x08000f25   Thumb Code   448  stm32f4xx_hal_gpio.o(i.HAL_GPIO_Init)
    HAL_GetTick                              0x08001111   Thumb Code     6  stm32f4xx_hal.o(i.HAL_GetTick)
    HAL_IncTick                              0x0800111d   Thumb Code    12  stm32f4xx_hal.o(i.HAL_IncTick)
    HAL_Init                                 0x0800112d   Thumb Code    48  stm32f4xx_hal.o(i.HAL_Init)
    HAL_InitTick                             0x08001161   Thumb Code    54  stm32f4xx_hal.o(i.HAL_InitTick)
    HAL_MspInit                              0x080011a1   Thumb Code    52  stm32f4xx_hal_msp.o(i.HAL_MspInit)
    HAL_NVIC_EnableIRQ                       0x080011d9   Thumb Code    26  stm32f4xx_hal_cortex.o(i.HAL_NVIC_EnableIRQ)
    HAL_NVIC_SetPriority                     0x080011f5   Thumb Code    60  stm32f4xx_hal_cortex.o(i.HAL_NVIC_SetPriority)
    HAL_NVIC_SetPriorityGrouping             0x08001235   Thumb Code    26  stm32f4xx_hal_cortex.o(i.HAL_NVIC_SetPriorityGrouping)
    HAL_RCC_ClockConfig                      0x08001259   Thumb Code   288  stm32f4xx_hal_rcc.o(i.HAL_RCC_ClockConfig)
    HAL_RCC_GetHCLKFreq                      0x0800138d   Thumb Code     6  stm32f4xx_hal_rcc.o(i.HAL_RCC_GetHCLKFreq)
    HAL_RCC_GetSysClockFreq                  0x08001399   Thumb Code    88  stm32f4xx_hal_rcc.o(i.HAL_RCC_GetSysClockFreq)
    HAL_RCC_OscConfig                        0x080013f9   Thumb Code   856  stm32f4xx_hal_rcc.o(i.HAL_RCC_OscConfig)
    HAL_SYSTICK_Config                       0x08001765   Thumb Code    40  stm32f4xx_hal_cortex.o(i.HAL_SYSTICK_Config)
    HardFault_Handler                        0x0800178d   Thumb Code     2  stm32f4xx_it.o(i.HardFault_Handler)
    MX_LWIP_Init                             0x080017dd   Thumb Code   296  lwip.o(i.MX_LWIP_Init)
    MemManage_Handler                        0x08001925   Thumb Code     2  stm32f4xx_it.o(i.MemManage_Handler)
    NMI_Handler                              0x08001927   Thumb Code     2  stm32f4xx_it.o(i.NMI_Handler)
    StartDefaultTask                         0x08001929   Thumb Code    12  main.o(i.StartDefaultTask)
    SysTick_Handler                          0x08001935   Thumb Code    24  stm32f4xx_it.o(i.SysTick_Handler)
    SystemClock_Config                       0x0800194d   Thumb Code   142  main.o(i.SystemClock_Config)
    SystemInit                               0x080019e5   Thumb Code    12  system_stm32f4xx.o(i.SystemInit)
    UsageFault_Handler                       0x080019f5   Thumb Code     2  stm32f4xx_it.o(i.UsageFault_Handler)
    __0printf$3                              0x080019f9   Thumb Code    22  printf3.o(i.__0printf$3)
    __1printf$3                              0x080019f9   Thumb Code     0  printf3.o(i.__0printf$3)
    __2printf                                0x080019f9   Thumb Code     0  printf3.o(i.__0printf$3)
    __scatterload_copy                       0x08001a39   Thumb Code    14  handlers.o(i.__scatterload_copy)
    __scatterload_null                       0x08001a47   Thumb Code     2  handlers.o(i.__scatterload_null)
    __scatterload_zeroinit                   0x08001a49   Thumb Code    14  handlers.o(i.__scatterload_zeroinit)
    etharp_cleanup_netif                     0x08001d71   Thumb Code    40  etharp.o(i.etharp_cleanup_netif)
    etharp_input                             0x08002021   Thumb Code   148  etharp.o(i.etharp_input)
    etharp_output                            0x08002125   Thumb Code   280  etharp.o(i.etharp_output)
    etharp_query                             0x080023e5   Thumb Code   300  etharp.o(i.etharp_query)
    etharp_request                           0x08002741   Thumb Code     6  etharp.o(i.etharp_request)
    etharp_tmr                               0x0800276d   Thumb Code    90  etharp.o(i.etharp_tmr)
    ethernet_input                           0x080028e9   Thumb Code   160  ethernet.o(i.ethernet_input)
    ethernet_output                          0x0800298d   Thumb Code    98  ethernet.o(i.ethernet_output)
    ethernetif_init                          0x08002a85   Thumb Code    50  ethernetif.o(i.ethernetif_init)
    ethernetif_input                         0x08002b0d   Thumb Code    66  ethernetif.o(i.ethernetif_input)
    ethernetif_notify_conn_changed           0x08002b59   Thumb Code     2  ethernetif.o(i.ethernetif_notify_conn_changed)
    ethernetif_set_link                      0x08002b5d   Thumb Code    62  ethernetif.o(i.ethernetif_set_link)
    ethernetif_update_config                 0x08002ba1   Thumb Code   170  ethernetif.o(i.ethernetif_update_config)
    fputc                                    0x08002c51   Thumb Code    18  fputc.o(i.fputc)
    icmp_dest_unreach                        0x08002c63   Thumb Code     8  icmp.o(i.icmp_dest_unreach)
    icmp_input                               0x08002c6d   Thumb Code   280  icmp.o(i.icmp_input)
    icmp_time_exceeded                       0x08002f65   Thumb Code     8  icmp.o(i.icmp_time_exceeded)
    ip4_addr_isbroadcast_u32                 0x08002f6d   Thumb Code    46  ip4_addr.o(i.ip4_addr_isbroadcast_u32)
    ip4_frag                                 0x08002f9d   Thumb Code   426  ip4_frag.o(i.ip4_frag)
    ip4_input                                0x080031fd   Thumb Code   364  ip4.o(i.ip4_input)
    ip4_output_if                            0x0800339d   Thumb Code    30  ip4.o(i.ip4_output_if)
    ip4_output_if_src                        0x080033bd   Thumb Code   214  ip4.o(i.ip4_output_if_src)
    ip4_reass                                0x08003535   Thumb Code   482  ip4_frag.o(i.ip4_reass)
    ip4_route                                0x080037bd   Thumb Code    86  ip4.o(i.ip4_route)
    ip_reass_tmr                             0x08003dc9   Thumb Code    40  ip4_frag.o(i.ip_reass_tmr)
    lwip_htonl                               0x0800417d   Thumb Code     4  def.o(i.lwip_htonl)
    lwip_htons                               0x08004181   Thumb Code     4  def.o(i.lwip_htons)
    lwip_init                                0x08004185   Thumb Code    34  init.o(i.lwip_init)
    main                                     0x080041a9   Thumb Code    36  main.o(i.main)
    mem_free                                 0x080041d9   Thumb Code   208  mem.o(i.mem_free)
    mem_init                                 0x080043a1   Thumb Code    76  mem.o(i.mem_init)
    mem_malloc                               0x08004469   Thumb Code   314  mem.o(i.mem_malloc)
    mem_trim                                 0x080046c5   Thumb Code   314  mem.o(i.mem_trim)
    memp_free                                0x080048a9   Thumb Code    34  memp.o(i.memp_free)
    memp_init                                0x08004945   Thumb Code    26  memp.o(i.memp_init)
    memp_init_pool                           0x08004965   Thumb Code    42  memp.o(i.memp_init_pool)
    memp_malloc                              0x08004991   Thumb Code    38  memp.o(i.memp_malloc)
    netif_add                                0x08004a35   Thumb Code   236  netif.o(i.netif_add)
    netif_get_by_index                       0x08004d15   Thumb Code    34  netif.o(i.netif_get_by_index)
    netif_init                               0x08004d3d   Thumb Code     2  netif.o(i.netif_init)
    netif_set_addr                           0x08004e09   Thumb Code    90  netif.o(i.netif_set_addr)
    netif_set_default                        0x08004e69   Thumb Code     6  netif.o(i.netif_set_default)
    netif_set_down                           0x08004e75   Thumb Code    42  netif.o(i.netif_set_down)
    netif_set_link_callback                  0x08004f1d   Thumb Code     8  netif.o(i.netif_set_link_callback)
    netif_set_link_down                      0x08004f25   Thumb Code    42  netif.o(i.netif_set_link_down)
    netif_set_link_up                        0x08004fd1   Thumb Code    64  netif.o(i.netif_set_link_up)
    netif_set_up                             0x08005091   Thumb Code    40  netif.o(i.netif_set_up)
    osDelay                                  0x08005131   Thumb Code    26  cmsis_os2.o(i.osDelay)
    osKernelGetTickCount                     0x0800514b   Thumb Code    14  cmsis_os2.o(i.osKernelGetTickCount)
    osKernelInitialize                       0x08005159   Thumb Code    32  cmsis_os2.o(i.osKernelInitialize)
    osKernelStart                            0x0800517d   Thumb Code    48  cmsis_os2.o(i.osKernelStart)
    osMessageQueueGet                        0x080051b5   Thumb Code    96  cmsis_os2.o(i.osMessageQueueGet)
    osMessageQueueNew                        0x08005219   Thumb Code    88  cmsis_os2.o(i.osMessageQueueNew)
    osMessageQueuePut                        0x08005271   Thumb Code   100  cmsis_os2.o(i.osMessageQueuePut)
    osMutexAcquire                           0x080052d9   Thumb Code    82  cmsis_os2.o(i.osMutexAcquire)
    osMutexNew                               0x0800532b   Thumb Code   104  cmsis_os2.o(i.osMutexNew)
    osMutexRelease                           0x08005393   Thumb Code    66  cmsis_os2.o(i.osMutexRelease)
    osSemaphoreAcquire                       0x080053d5   Thumb Code    88  cmsis_os2.o(i.osSemaphoreAcquire)
    osSemaphoreNew                           0x08005431   Thumb Code   152  cmsis_os2.o(i.osSemaphoreNew)
    osSemaphoreRelease                       0x080054c9   Thumb Code    82  cmsis_os2.o(i.osSemaphoreRelease)
    osThreadNew                              0x08005521   Thumb Code   138  cmsis_os2.o(i.osThreadNew)
    pbuf_add_header                          0x080055ab   Thumb Code     6  pbuf.o(i.pbuf_add_header)
    pbuf_alloc                               0x08005671   Thumb Code   336  pbuf.o(i.pbuf_alloc)
    pbuf_alloc_reference                     0x080058cd   Thumb Code    68  pbuf.o(i.pbuf_alloc_reference)
    pbuf_alloced_custom                      0x0800597d   Thumb Code    54  pbuf.o(i.pbuf_alloced_custom)
    pbuf_cat                                 0x080059b5   Thumb Code    96  pbuf.o(i.pbuf_cat)
    pbuf_clen                                0x08005ae5   Thumb Code    18  pbuf.o(i.pbuf_clen)
    pbuf_clone                               0x08005af9   Thumb Code    48  pbuf.o(i.pbuf_clone)
    pbuf_copy                                0x08005b95   Thumb Code   232  pbuf.o(i.pbuf_copy)
    pbuf_copy_partial                        0x08005d75   Thumb Code   124  pbuf.o(i.pbuf_copy_partial)
    pbuf_free                                0x08005e8d   Thumb Code   176  pbuf.o(i.pbuf_free)
    pbuf_header_force                        0x08006025   Thumb Code     6  pbuf.o(i.pbuf_header_force)
    pbuf_realloc                             0x08006055   Thumb Code   142  pbuf.o(i.pbuf_realloc)
    pbuf_ref                                 0x08006189   Thumb Code    46  pbuf.o(i.pbuf_ref)
    pbuf_remove_header                       0x08006225   Thumb Code    74  pbuf.o(i.pbuf_remove_header)
    pvPortMalloc                             0x08006c4d   Thumb Code   216  heap_4.o(i.pvPortMalloc)
    pvTaskIncrementMutexHeldCount            0x08006d29   Thumb Code    18  tasks.o(i.pvTaskIncrementMutexHeldCount)
    pxPortInitialiseStack                    0x08006d41   Thumb Code    40  port.o(i.pxPortInitialiseStack)
    sys_arch_mbox_fetch                      0x08006d6d   Thumb Code    62  sys_arch.o(i.sys_arch_mbox_fetch)
    sys_arch_protect                         0x08006dad   Thumb Code    18  sys_arch.o(i.sys_arch_protect)
    sys_arch_unprotect                       0x08006dc5   Thumb Code     8  sys_arch.o(i.sys_arch_unprotect)
    sys_check_timeouts                       0x08006dd1   Thumb Code    62  timeouts.o(i.sys_check_timeouts)
    sys_init                                 0x08006e15   Thumb Code    14  sys_arch.o(i.sys_init)
    sys_mbox_new                             0x08006e29   Thumb Code    30  sys_arch.o(i.sys_mbox_new)
    sys_mbox_trypost                         0x08006e47   Thumb Code    24  sys_arch.o(i.sys_mbox_trypost)
    sys_mbox_valid                           0x08006e5f   Thumb Code    10  sys_arch.o(i.sys_mbox_valid)
    sys_mutex_lock                           0x08006e69   Thumb Code    10  sys_arch.o(i.sys_mutex_lock)
    sys_mutex_new                            0x08006e73   Thumb Code    24  sys_arch.o(i.sys_mutex_new)
    sys_mutex_unlock                         0x08006e8b   Thumb Code     6  sys_arch.o(i.sys_mutex_unlock)
    sys_now                                  0x08006e91   Thumb Code     4  ethernetif.o(i.sys_now)
    sys_thread_new                           0x08006e95   Thumb Code    46  sys_arch.o(i.sys_thread_new)
    sys_timeout                              0x08006ec5   Thumb Code    46  timeouts.o(i.sys_timeout)
    sys_timeouts_init                        0x08007081   Thumb Code    30  timeouts.o(i.sys_timeouts_init)
    sys_timeouts_sleeptime                   0x080070a9   Thumb Code    34  timeouts.o(i.sys_timeouts_sleeptime)
    tcp_abandon                              0x080070d1   Thumb Code   256  tcp.o(i.tcp_abandon)
    tcp_abort                                0x0800727d   Thumb Code     6  tcp.o(i.tcp_abort)
    tcp_alloc                                0x08007285   Thumb Code   280  tcp.o(i.tcp_alloc)
    tcp_close                                0x080073a9   Thumb Code    48  tcp.o(i.tcp_close)
    tcp_eff_send_mss_netif                   0x08007869   Thumb Code    54  tcp.o(i.tcp_eff_send_mss_netif)
    tcp_enqueue_flags                        0x08007921   Thumb Code   268  tcp_out.o(i.tcp_enqueue_flags)
    tcp_fasttmr                              0x08007b55   Thumb Code   102  tcp.o(i.tcp_fasttmr)
    tcp_free                                 0x08007bc1   Thumb Code    34  tcp.o(i.tcp_free)
    tcp_free_ooseq                           0x08007d8d   Thumb Code    20  tcp.o(i.tcp_free_ooseq)
    tcp_init                                 0x08007dc9   Thumb Code    20  tcp.o(i.tcp_init)
    tcp_input                                0x08007de1   Thumb Code  1584  tcp_in.o(i.tcp_input)
    tcp_keepalive                            0x08008505   Thumb Code    82  tcp_out.o(i.tcp_keepalive)
    tcp_netif_ip_addr_changed                0x08008895   Thumb Code    70  tcp.o(i.tcp_netif_ip_addr_changed)
    tcp_next_iss                             0x080089a1   Thumb Code    32  tcp.o(i.tcp_next_iss)
    tcp_output                               0x08008b45   Thumb Code   552  tcp_out.o(i.tcp_output)
    tcp_pcb_purge                            0x08009539   Thumb Code    88  tcp.o(i.tcp_pcb_purge)
    tcp_pcb_remove                           0x08009605   Thumb Code   174  tcp.o(i.tcp_pcb_remove)
    tcp_process_refused_data                 0x08009c59   Thumb Code   132  tcp.o(i.tcp_process_refused_data)
    tcp_recv_null                            0x0800a661   Thumb Code    60  tcp.o(i.tcp_recv_null)
    tcp_recved                               0x0800a711   Thumb Code   104  tcp.o(i.tcp_recved)
    tcp_rexmit                               0x0800a869   Thumb Code   118  tcp_out.o(i.tcp_rexmit)
    tcp_rexmit_fast                          0x0800a955   Thumb Code   108  tcp_out.o(i.tcp_rexmit_fast)
    tcp_rexmit_rto                           0x0800aa3d   Thumb Code    42  tcp_out.o(i.tcp_rexmit_rto)
    tcp_rexmit_rto_commit                    0x0800aae1   Thumb Code    44  tcp_out.o(i.tcp_rexmit_rto_commit)
    tcp_rexmit_rto_prepare                   0x0800ab8d   Thumb Code   118  tcp_out.o(i.tcp_rexmit_rto_prepare)
    tcp_rst                                  0x0800ac95   Thumb Code   128  tcp_out.o(i.tcp_rst)
    tcp_seg_copy                             0x0800ada9   Thumb Code    56  tcp.o(i.tcp_seg_copy)
    tcp_seg_free                             0x0800ae55   Thumb Code    28  tcp.o(i.tcp_seg_free)
    tcp_segs_free                            0x0800ae71   Thumb Code    18  tcp.o(i.tcp_segs_free)
    tcp_send_empty_ack                       0x0800ae85   Thumb Code   110  tcp_out.o(i.tcp_send_empty_ack)
    tcp_send_fin                             0x0800af71   Thumb Code    84  tcp_out.o(i.tcp_send_fin)
    tcp_slowtmr                              0x0800b03d   Thumb Code  1360  tcp.o(i.tcp_slowtmr)
    tcp_split_unsent_seg                     0x0800b60d   Thumb Code   360  tcp_out.o(i.tcp_split_unsent_seg)
    tcp_timer_needed                         0x0800b839   Thumb Code    36  timeouts.o(i.tcp_timer_needed)
    tcp_tmr                                  0x0800b96d   Thumb Code    28  tcp.o(i.tcp_tmr)
    tcp_trigger_input_pcb_close              0x0800b98d   Thumb Code    12  tcp_in.o(i.tcp_trigger_input_pcb_close)
    tcp_update_rcv_ann_wnd                   0x0800b99d   Thumb Code    92  tcp.o(i.tcp_update_rcv_ann_wnd)
    tcp_zero_window_probe                    0x0800ba91   Thumb Code   190  tcp_out.o(i.tcp_zero_window_probe)
    tcpip_init                               0x0800bbd1   Thumb Code    88  tcpip.o(i.tcpip_init)
    tcpip_inpkt                              0x0800bce1   Thumb Code    82  tcpip.o(i.tcpip_inpkt)
    tcpip_input                              0x0800bda1   Thumb Code    20  tcpip.o(i.tcpip_input)
    tcpip_try_callback                       0x0800bfb9   Thumb Code    78  tcpip.o(i.tcpip_try_callback)
    udp_init                                 0x0800c075   Thumb Code    20  udp.o(i.udp_init)
    udp_input                                0x0800c08d   Thumb Code   310  udp.o(i.udp_input)
    udp_netif_ip_addr_changed                0x0800c381   Thumb Code    48  udp.o(i.udp_netif_ip_addr_changed)
    uxListRemove                             0x0800c3b5   Thumb Code    38  list.o(i.uxListRemove)
    vApplicationGetIdleTaskMemory            0x0800c3dd   Thumb Code    16  cmsis_os2.o(i.vApplicationGetIdleTaskMemory)
    vApplicationGetTimerTaskMemory           0x0800c3f1   Thumb Code    18  cmsis_os2.o(i.vApplicationGetTimerTaskMemory)
    vListInitialise                          0x0800c409   Thumb Code    22  list.o(i.vListInitialise)
    vListInitialiseItem                      0x0800c41f   Thumb Code     6  list.o(i.vListInitialiseItem)
    vListInsert                              0x0800c425   Thumb Code    48  list.o(i.vListInsert)
    vListInsertEnd                           0x0800c455   Thumb Code    24  list.o(i.vListInsertEnd)
    vPortEnterCritical                       0x0800c46d   Thumb Code    54  port.o(i.vPortEnterCritical)
    vPortExitCritical                        0x0800c4ad   Thumb Code    34  port.o(i.vPortExitCritical)
    vPortFree                                0x0800c4d5   Thumb Code    94  heap_4.o(i.vPortFree)
    vPortSetupTimerInterrupt                 0x0800c539   Thumb Code    32  port.o(i.vPortSetupTimerInterrupt)
    vPortValidateInterruptPriority           0x0800c55d   Thumb Code    74  port.o(i.vPortValidateInterruptPriority)
    vQueueAddToRegistry                      0x0800c5b1   Thumb Code    34  queue.o(i.vQueueAddToRegistry)
    vQueueDelete                             0x0800c5d9   Thumb Code    46  queue.o(i.vQueueDelete)
    vQueueUnregisterQueue                    0x0800c609   Thumb Code    36  queue.o(i.vQueueUnregisterQueue)
    vQueueWaitForMessageRestricted           0x0800c631   Thumb Code    68  queue.o(i.vQueueWaitForMessageRestricted)
    vTaskDelay                               0x0800c675   Thumb Code    66  tasks.o(i.vTaskDelay)
    vTaskInternalSetTimeOutState             0x0800c6c1   Thumb Code    12  tasks.o(i.vTaskInternalSetTimeOutState)
    vTaskMissedYield                         0x0800c6d1   Thumb Code     8  tasks.o(i.vTaskMissedYield)
    vTaskPlaceOnEventList                    0x0800c6dd   Thumb Code    44  tasks.o(i.vTaskPlaceOnEventList)
    vTaskPlaceOnEventListRestricted          0x0800c70d   Thumb Code    52  tasks.o(i.vTaskPlaceOnEventListRestricted)
    vTaskPriorityDisinheritAfterTimeout      0x0800c745   Thumb Code   134  tasks.o(i.vTaskPriorityDisinheritAfterTimeout)
    vTaskStartScheduler                      0x0800c7d5   Thumb Code   118  tasks.o(i.vTaskStartScheduler)
    vTaskSuspendAll                          0x0800c85d   Thumb Code    10  tasks.o(i.vTaskSuspendAll)
    vTaskSwitchContext                       0x0800c86d   Thumb Code    90  tasks.o(i.vTaskSwitchContext)
    xPortStartScheduler                      0x0800c8d1   Thumb Code   222  port.o(i.xPortStartScheduler)
    xPortSysTickHandler                      0x0800c9c5   Thumb Code    38  port.o(i.xPortSysTickHandler)
    xQueueCreateCountingSemaphore            0x0800c9f1   Thumb Code    58  queue.o(i.xQueueCreateCountingSemaphore)
    xQueueCreateCountingSemaphoreStatic      0x0800ca2b   Thumb Code    64  queue.o(i.xQueueCreateCountingSemaphoreStatic)
    xQueueCreateMutex                        0x0800ca6b   Thumb Code    22  queue.o(i.xQueueCreateMutex)
    xQueueCreateMutexStatic                  0x0800ca81   Thumb Code    26  queue.o(i.xQueueCreateMutexStatic)
    xQueueGenericCreate                      0x0800ca9b   Thumb Code    66  queue.o(i.xQueueGenericCreate)
    xQueueGenericCreateStatic                0x0800cadd   Thumb Code   102  queue.o(i.xQueueGenericCreateStatic)
    xQueueGenericReset                       0x0800cb45   Thumb Code   132  queue.o(i.xQueueGenericReset)
    xQueueGenericSend                        0x0800cbcd   Thumb Code   346  queue.o(i.xQueueGenericSend)
    xQueueGenericSendFromISR                 0x0800cd2d   Thumb Code   190  queue.o(i.xQueueGenericSendFromISR)
    xQueueGiveFromISR                        0x0800cdeb   Thumb Code   156  queue.o(i.xQueueGiveFromISR)
    xQueueGiveMutexRecursive                 0x0800ce87   Thumb Code    62  queue.o(i.xQueueGiveMutexRecursive)
    xQueueReceive                            0x0800cec5   Thumb Code   308  queue.o(i.xQueueReceive)
    xQueueReceiveFromISR                     0x0800cffd   Thumb Code   154  queue.o(i.xQueueReceiveFromISR)
    xQueueSemaphoreTake                      0x0800d099   Thumb Code   372  queue.o(i.xQueueSemaphoreTake)
    xQueueTakeMutexRecursive                 0x0800d211   Thumb Code    64  queue.o(i.xQueueTakeMutexRecursive)
    xTaskCheckForTimeOut                     0x0800d251   Thumb Code   112  tasks.o(i.xTaskCheckForTimeOut)
    xTaskCreate                              0x0800d2c5   Thumb Code    90  tasks.o(i.xTaskCreate)
    xTaskCreateStatic                        0x0800d31f   Thumb Code    86  tasks.o(i.xTaskCreateStatic)
    xTaskGetCurrentTaskHandle                0x0800d375   Thumb Code     6  tasks.o(i.xTaskGetCurrentTaskHandle)
    xTaskGetSchedulerState                   0x0800d381   Thumb Code    22  tasks.o(i.xTaskGetSchedulerState)
    xTaskGetTickCount                        0x0800d39d   Thumb Code     6  tasks.o(i.xTaskGetTickCount)
    xTaskGetTickCountFromISR                 0x0800d3a9   Thumb Code    12  tasks.o(i.xTaskGetTickCountFromISR)
    xTaskIncrementTick                       0x0800d3b9   Thumb Code   192  tasks.o(i.xTaskIncrementTick)
    xTaskPriorityDisinherit                  0x0800d481   Thumb Code   118  tasks.o(i.xTaskPriorityDisinherit)
    xTaskPriorityInherit                     0x0800d501   Thumb Code   112  tasks.o(i.xTaskPriorityInherit)
    xTaskRemoveFromEventList                 0x0800d579   Thumb Code    98  tasks.o(i.xTaskRemoveFromEventList)
    xTaskResumeAll                           0x0800d5e9   Thumb Code   182  tasks.o(i.xTaskResumeAll)
    xTimerCreateTimerTask                    0x0800d6ad   Thumb Code    78  timers.o(i.xTimerCreateTimerTask)
    xTimerGenericCommand                     0x0800d70d   Thumb Code    98  timers.o(i.xTimerGenericCommand)
    defaultTask_attributes                   0x0800d774   Data          36  main.o(.constdata)
    AHBPrescTable                            0x0800d798   Data          16  system_stm32f4xx.o(.constdata)
    ethbroadcast                             0x0800d7a8   Data           6  ethernet.o(.constdata)
    ethzero                                  0x0800d7ae   Data           6  ethernet.o(.constdata)
    memp_UDP_PCB                             0x0800d7b4   Data          12  memp.o(.constdata)
    memp_TCP_PCB                             0x0800d7c0   Data          12  memp.o(.constdata)
    memp_TCP_PCB_LISTEN                      0x0800d7cc   Data          12  memp.o(.constdata)
    memp_TCP_SEG                             0x0800d7d8   Data          12  memp.o(.constdata)
    memp_REASSDATA                           0x0800d7e4   Data          12  memp.o(.constdata)
    memp_FRAG_PBUF                           0x0800d7f0   Data          12  memp.o(.constdata)
    memp_NETBUF                              0x0800d7fc   Data          12  memp.o(.constdata)
    memp_NETCONN                             0x0800d808   Data          12  memp.o(.constdata)
    memp_TCPIP_MSG_API                       0x0800d814   Data          12  memp.o(.constdata)
    memp_TCPIP_MSG_INPKT                     0x0800d820   Data          12  memp.o(.constdata)
    memp_SYS_TIMEOUT                         0x0800d82c   Data          12  memp.o(.constdata)
    memp_PBUF                                0x0800d838   Data          12  memp.o(.constdata)
    memp_PBUF_POOL                           0x0800d844   Data          12  memp.o(.constdata)
    memp_pools                               0x0800d850   Data          52  memp.o(.constdata)
    tcp_pcb_lists                            0x0800d8c8   Data          16  tcp.o(.constdata)
    lwip_cyclic_timers                       0x0800d8d8   Data          24  timeouts.o(.constdata)
    ip_addr_any                              0x0800d8f0   Data           4  ip4_addr.o(.constdata)
    Region$$Table$$Base                      0x0800da14   Number         0  anon$$obj.o(Region$$Table)
    Region$$Table$$Limit                     0x0800da34   Number         0  anon$$obj.o(Region$$Table)
    defaultTaskHandle                        0x20000000   Data           4  main.o(.data)
    Netif_LinkSemaphore                      0x20000004   Data           4  lwip.o(.data)
    ipaddr                                   0x20000008   Data           4  lwip.o(.data)
    netmask                                  0x2000000c   Data           4  lwip.o(.data)
    gw                                       0x20000010   Data           4  lwip.o(.data)
    IP_ADDRESS                               0x20000014   Data           4  lwip.o(.data)
    NETMASK_ADDRESS                          0x20000018   Data           4  lwip.o(.data)
    GATEWAY_ADDRESS                          0x2000001c   Data           4  lwip.o(.data)
    link_arg                                 0x20000020   Data           8  lwip.o(.data)
    s_xSemaphore                             0x20000028   Data           4  ethernetif.o(.data)
    uwTickFreq                               0x2000002c   Data           1  stm32f4xx_hal.o(.data)
    uwTickPrio                               0x20000030   Data           4  stm32f4xx_hal.o(.data)
    uwTick                                   0x20000034   Data           4  stm32f4xx_hal.o(.data)
    SystemCoreClock                          0x20000038   Data           4  system_stm32f4xx.o(.data)
    pxCurrentTCB                             0x2000003c   Data           4  tasks.o(.data)
    lock_tcpip_core                          0x200000c8   Data           4  tcpip.o(.data)
    netif_list                               0x20000114   Data           4  netif.o(.data)
    netif_default                            0x20000118   Data           4  netif.o(.data)
    pbuf_free_ooseq_pending                  0x2000011c   Data           1  pbuf.o(.data)
    tcp_active_pcbs_changed                  0x20000120   Data           1  tcp.o(.data)
    tcp_ticks                                0x2000012c   Data           4  tcp.o(.data)
    tcp_bound_pcbs                           0x20000130   Data           4  tcp.o(.data)
    tcp_listen_pcbs                          0x20000134   Data           4  tcp.o(.data)
    tcp_active_pcbs                          0x20000138   Data           4  tcp.o(.data)
    tcp_tw_pcbs                              0x2000013c   Data           4  tcp.o(.data)
    tcp_input_pcb                            0x20000160   Data           4  tcp_in.o(.data)
    udp_pcbs                                 0x20000174   Data           4  udp.o(.data)
    lwip_sys_mutex                           0x20000184   Data           4  sys_arch.o(.data)
    __stdout                                 0x2000018c   Data           4  stdout.o(.data)
    gnetif                                   0x20000190   Data          52  lwip.o(.bss)
    attributes                               0x200001c4   Data          36  lwip.o(.bss)
    DMARxDscrTab                             0x200001e8   Data         128  ethernetif.o(.bss)
    DMATxDscrTab                             0x20000268   Data         128  ethernetif.o(.bss)
    Rx_Buff                                  0x200002e8   Data        6096  ethernetif.o(.bss)
    Tx_Buff                                  0x20001ab8   Data        6096  ethernetif.o(.bss)
    heth                                     0x20003288   Data          72  ethernetif.o(.bss)
    xQueueRegistry                           0x200032d0   Data          64  queue.o(.bss)
    ip_data                                  0x20007ba4   Data          24  ip.o(.bss)
    ram_heap                                 0x20007bbc   Data        1619  mem.o(.bss)
    memp_memory_UDP_PCB_base                 0x2000820f   Data         131  memp.o(.bss)
    memp_memory_TCP_PCB_base                 0x20008292   Data         783  memp.o(.bss)
    memp_memory_TCP_PCB_LISTEN_base          0x200085a1   Data         227  memp.o(.bss)
    memp_memory_TCP_SEG_base                 0x20008684   Data         259  memp.o(.bss)
    memp_memory_REASSDATA_base               0x20008787   Data         163  memp.o(.bss)
    memp_memory_FRAG_PBUF_base               0x2000882a   Data         363  memp.o(.bss)
    memp_memory_NETBUF_base                  0x20008995   Data          35  memp.o(.bss)
    memp_memory_NETCONN_base                 0x200089b8   Data         163  memp.o(.bss)
    memp_memory_TCPIP_MSG_API_base           0x20008a5b   Data         131  memp.o(.bss)
    memp_memory_TCPIP_MSG_INPKT_base         0x20008ade   Data         131  memp.o(.bss)
    memp_memory_SYS_TIMEOUT_base             0x20008b61   Data          51  memp.o(.bss)
    memp_memory_PBUF_base                    0x20008b94   Data         259  memp.o(.bss)
    memp_memory_PBUF_POOL_base               0x20008c97   Data        9731  memp.o(.bss)
    __initial_sp                             0x2000b7a0   Data           0  startup_stm32f407xx.o(STACK)



==============================================================================

Memory Map of the image

  Image Entry point : 0x08000189

  Load Region LR_IROM1 (Base: 0x08000000, Size: 0x0000dbc4, Max: 0x00100000, ABSOLUTE, COMPRESSED[0x0000da4c])

    Execution Region ER_IROM1 (Exec base: 0x08000000, Load base: 0x08000000, Size: 0x0000da34, Max: 0x00100000, ABSOLUTE)

    Exec Addr    Load Addr    Size         Type   Attr      Idx    E Section Name        Object

    0x08000000   0x08000000   0x00000188   Data   RO            3    RESET               startup_stm32f407xx.o
    0x08000188   0x08000188   0x00000000   Code   RO         8282  * .ARM.Collect$$$$00000000  mc_w.l(entry.o)
    0x08000188   0x08000188   0x00000004   Code   RO         8599    .ARM.Collect$$$$00000001  mc_w.l(entry2.o)
    0x0800018c   0x0800018c   0x00000004   Code   RO         8602    .ARM.Collect$$$$00000004  mc_w.l(entry5.o)
    0x08000190   0x08000190   0x00000000   Code   RO         8604    .ARM.Collect$$$$00000008  mc_w.l(entry7b.o)
    0x08000190   0x08000190   0x00000000   Code   RO         8606    .ARM.Collect$$$$0000000A  mc_w.l(entry8b.o)
    0x08000190   0x08000190   0x00000008   Code   RO         8607    .ARM.Collect$$$$0000000B  mc_w.l(entry9a.o)
    0x08000198   0x08000198   0x00000000   Code   RO         8609    .ARM.Collect$$$$0000000D  mc_w.l(entry10a.o)
    0x08000198   0x08000198   0x00000000   Code   RO         8611    .ARM.Collect$$$$0000000F  mc_w.l(entry11a.o)
    0x08000198   0x08000198   0x00000004   Code   RO         8600    .ARM.Collect$$$$00002712  mc_w.l(entry2.o)
    0x0800019c   0x0800019c   0x000000be   Code   RO         3655    .emb_text           port.o
    0x0800025a   0x0800025a   0x00000002   PAD
    0x0800025c   0x0800025c   0x00000024   Code   RO            4    .text               startup_stm32f407xx.o
    0x08000280   0x08000280   0x00000062   Code   RO         8285    .text               mc_w.l(uldiv.o)
    0x080002e2   0x080002e2   0x00000002   PAD
    0x080002e4   0x080002e4   0x00000024   Code   RO         8315    .text               mc_w.l(rand.o)
    0x08000308   0x08000308   0x00000040   Code   RO         8320    .text               mc_w.l(memmovea.o)
    0x08000348   0x08000348   0x00000024   Code   RO         8324    .text               mc_w.l(memseta.o)
    0x0800036c   0x0800036c   0x0000001a   Code   RO         8328    .text               mc_w.l(memcmp.o)
    0x08000386   0x08000386   0x0000002c   Code   RO         8616    .text               mc_w.l(uidiv.o)
    0x080003b2   0x080003b2   0x0000001e   Code   RO         8618    .text               mc_w.l(llshl.o)
    0x080003d0   0x080003d0   0x00000020   Code   RO         8620    .text               mc_w.l(llushr.o)
    0x080003f0   0x080003f0   0x00000024   Code   RO         8642    .text               mc_w.l(init.o)
    0x08000414   0x08000414   0x00000000   Code   RO         8644    .text               mc_w.l(semi.o)
    0x08000414   0x08000414   0x00000000   Code   RO         8649    .text               mc_w.l(iusesemip.o)
    0x08000414   0x08000414   0x00000056   Code   RO         8662    .text               mc_w.l(__dczerorl2.o)
    0x0800046a   0x0800046a   0x00000002   Code   RO          530    i.BusFault_Handler  stm32f4xx_it.o
    0x0800046c   0x0800046c   0x00000002   Code   RO          531    i.DebugMon_Handler  stm32f4xx_it.o
    0x0800046e   0x0800046e   0x00000002   PAD
    0x08000470   0x08000470   0x00000020   Code   RO          624    i.ETH_Delay         stm32f4xx_hal_eth.o
    0x08000490   0x08000490   0x0000002e   Code   RO          625    i.ETH_FlushTransmitFIFO  stm32f4xx_hal_eth.o
    0x080004be   0x080004be   0x00000002   PAD
    0x080004c0   0x080004c0   0x0000000c   Code   RO          532    i.ETH_IRQHandler    stm32f4xx_it.o
    0x080004cc   0x080004cc   0x00000124   Code   RO          626    i.ETH_MACDMAConfig  stm32f4xx_hal_eth.o
    0x080005f0   0x080005f0   0x00000024   Code   RO         1658    i.HAL_Delay         stm32f4xx_hal.o
    0x08000614   0x08000614   0x00000130   Code   RO          628    i.HAL_ETH_ConfigMAC  stm32f4xx_hal_eth.o
    0x08000744   0x08000744   0x00000074   Code   RO          629    i.HAL_ETH_DMARxDescListInit  stm32f4xx_hal_eth.o
    0x080007b8   0x080007b8   0x00000078   Code   RO          630    i.HAL_ETH_DMATxDescListInit  stm32f4xx_hal_eth.o
    0x08000830   0x08000830   0x00000002   Code   RO          632    i.HAL_ETH_ErrorCallback  stm32f4xx_hal_eth.o
    0x08000832   0x08000832   0x00000088   Code   RO          634    i.HAL_ETH_GetReceivedFrame_IT  stm32f4xx_hal_eth.o
    0x080008ba   0x080008ba   0x0000007a   Code   RO          636    i.HAL_ETH_IRQHandler  stm32f4xx_hal_eth.o
    0x08000934   0x08000934   0x000001ec   Code   RO          637    i.HAL_ETH_Init      stm32f4xx_hal_eth.o
    0x08000b20   0x08000b20   0x000000e8   Code   RO          402    i.HAL_ETH_MspInit   ethernetif.o
    0x08000c08   0x08000c08   0x00000084   Code   RO          640    i.HAL_ETH_ReadPHYRegister  stm32f4xx_hal_eth.o
    0x08000c8c   0x08000c8c   0x0000000c   Code   RO          403    i.HAL_ETH_RxCpltCallback  ethernetif.o
    0x08000c98   0x08000c98   0x00000084   Code   RO          642    i.HAL_ETH_Start     stm32f4xx_hal_eth.o
    0x08000d1c   0x08000d1c   0x00000084   Code   RO          643    i.HAL_ETH_Stop      stm32f4xx_hal_eth.o
    0x08000da0   0x08000da0   0x00000108   Code   RO          644    i.HAL_ETH_TransmitFrame  stm32f4xx_hal_eth.o
    0x08000ea8   0x08000ea8   0x00000002   Code   RO          645    i.HAL_ETH_TxCpltCallback  stm32f4xx_hal_eth.o
    0x08000eaa   0x08000eaa   0x00000002   PAD
    0x08000eac   0x08000eac   0x00000078   Code   RO          646    i.HAL_ETH_WritePHYRegister  stm32f4xx_hal_eth.o
    0x08000f24   0x08000f24   0x000001ec   Code   RO         1132    i.HAL_GPIO_Init     stm32f4xx_hal_gpio.o
    0x08001110   0x08001110   0x0000000c   Code   RO         1664    i.HAL_GetTick       stm32f4xx_hal.o
    0x0800111c   0x0800111c   0x00000010   Code   RO         1670    i.HAL_IncTick       stm32f4xx_hal.o
    0x0800112c   0x0800112c   0x00000034   Code   RO         1671    i.HAL_Init          stm32f4xx_hal.o
    0x08001160   0x08001160   0x00000040   Code   RO         1672    i.HAL_InitTick      stm32f4xx_hal.o
    0x080011a0   0x080011a0   0x00000038   Code   RO          600    i.HAL_MspInit       stm32f4xx_hal_msp.o
    0x080011d8   0x080011d8   0x0000001a   Code   RO         1521    i.HAL_NVIC_EnableIRQ  stm32f4xx_hal_cortex.o
    0x080011f2   0x080011f2   0x00000002   PAD
    0x080011f4   0x080011f4   0x00000040   Code   RO         1527    i.HAL_NVIC_SetPriority  stm32f4xx_hal_cortex.o
    0x08001234   0x08001234   0x00000024   Code   RO         1528    i.HAL_NVIC_SetPriorityGrouping  stm32f4xx_hal_cortex.o
    0x08001258   0x08001258   0x00000134   Code   RO          778    i.HAL_RCC_ClockConfig  stm32f4xx_hal_rcc.o
    0x0800138c   0x0800138c   0x0000000c   Code   RO          783    i.HAL_RCC_GetHCLKFreq  stm32f4xx_hal_rcc.o
    0x08001398   0x08001398   0x00000060   Code   RO          787    i.HAL_RCC_GetSysClockFreq  stm32f4xx_hal_rcc.o
    0x080013f8   0x080013f8   0x0000036c   Code   RO          790    i.HAL_RCC_OscConfig  stm32f4xx_hal_rcc.o
    0x08001764   0x08001764   0x00000028   Code   RO         1532    i.HAL_SYSTICK_Config  stm32f4xx_hal_cortex.o
    0x0800178c   0x0800178c   0x00000002   Code   RO          533    i.HardFault_Handler  stm32f4xx_it.o
    0x0800178e   0x0800178e   0x00000002   PAD
    0x08001790   0x08001790   0x0000004c   Code   RO           14    i.MX_GPIO_Init      main.o
    0x080017dc   0x080017dc   0x00000148   Code   RO          340    i.MX_LWIP_Init      lwip.o
    0x08001924   0x08001924   0x00000002   Code   RO          534    i.MemManage_Handler  stm32f4xx_it.o
    0x08001926   0x08001926   0x00000002   Code   RO          535    i.NMI_Handler       stm32f4xx_it.o
    0x08001928   0x08001928   0x0000000c   Code   RO           15    i.StartDefaultTask  main.o
    0x08001934   0x08001934   0x00000018   Code   RO          536    i.SysTick_Handler   stm32f4xx_it.o
    0x0800194c   0x0800194c   0x00000098   Code   RO           16    i.SystemClock_Config  main.o
    0x080019e4   0x080019e4   0x00000010   Code   RO         1946    i.SystemInit        system_stm32f4xx.o
    0x080019f4   0x080019f4   0x00000002   Code   RO          537    i.UsageFault_Handler  stm32f4xx_it.o
    0x080019f6   0x080019f6   0x00000002   PAD
    0x080019f8   0x080019f8   0x00000020   Code   RO         8425    i.__0printf$3       mc_w.l(printf3.o)
    0x08001a18   0x08001a18   0x00000020   Code   RO         1534    i.__NVIC_SetPriority  stm32f4xx_hal_cortex.o
    0x08001a38   0x08001a38   0x0000000e   Code   RO         8656    i.__scatterload_copy  mc_w.l(handlers.o)
    0x08001a46   0x08001a46   0x00000002   Code   RO         8657    i.__scatterload_null  mc_w.l(handlers.o)
    0x08001a48   0x08001a48   0x0000000e   Code   RO         8658    i.__scatterload_zeroinit  mc_w.l(handlers.o)
    0x08001a56   0x08001a56   0x00000002   PAD
    0x08001a58   0x08001a58   0x000001b8   Code   RO         8432    i._printf_core      mc_w.l(printf3.o)
    0x08001c10   0x08001c10   0x000000a8   Code   RO         5908    i.do_memp_free_pool  memp.o
    0x08001cb8   0x08001cb8   0x000000b8   Code   RO         5909    i.do_memp_malloc_pool  memp.o
    0x08001d70   0x08001d70   0x0000002c   Code   RO         7338    i.etharp_cleanup_netif  etharp.o
    0x08001d9c   0x08001d9c   0x00000260   Code   RO         7340    i.etharp_find_entry  etharp.o
    0x08001ffc   0x08001ffc   0x00000024   Code   RO         7341    i.etharp_free_entry  etharp.o
    0x08002020   0x08002020   0x00000104   Code   RO         7343    i.etharp_input      etharp.o
    0x08002124   0x08002124   0x000001b0   Code   RO         7344    i.etharp_output     etharp.o
    0x080022d4   0x080022d4   0x00000110   Code   RO         7345    i.etharp_output_to_arp_index  etharp.o
    0x080023e4   0x080023e4   0x000001e8   Code   RO         7346    i.etharp_query      etharp.o
    0x080025cc   0x080025cc   0x00000174   Code   RO         7347    i.etharp_raw        etharp.o
    0x08002740   0x08002740   0x0000000c   Code   RO         7348    i.etharp_request    etharp.o
    0x0800274c   0x0800274c   0x00000020   Code   RO         7349    i.etharp_request_dst  etharp.o
    0x0800276c   0x0800276c   0x00000060   Code   RO         7350    i.etharp_tmr        etharp.o
    0x080027cc   0x080027cc   0x0000011c   Code   RO         7351    i.etharp_update_arp_entry  etharp.o
    0x080028e8   0x080028e8   0x000000a4   Code   RO         4261    i.ethernet_input    ethernet.o
    0x0800298c   0x0800298c   0x000000f8   Code   RO         4262    i.ethernet_output   ethernet.o
    0x08002a84   0x08002a84   0x00000088   Code   RO          404    i.ethernetif_init   ethernetif.o
    0x08002b0c   0x08002b0c   0x0000004c   Code   RO          405    i.ethernetif_input  ethernetif.o
    0x08002b58   0x08002b58   0x00000002   Code   RO          406    i.ethernetif_notify_conn_changed  ethernetif.o
    0x08002b5a   0x08002b5a   0x00000002   PAD
    0x08002b5c   0x08002b5c   0x00000044   Code   RO          407    i.ethernetif_set_link  ethernetif.o
    0x08002ba0   0x08002ba0   0x000000b0   Code   RO          408    i.ethernetif_update_config  ethernetif.o
    0x08002c50   0x08002c50   0x00000012   Code   RO         8613    i.fputc             mc_w.l(fputc.o)
    0x08002c62   0x08002c62   0x00000008   Code   RO         7441    i.icmp_dest_unreach  icmp.o
    0x08002c6a   0x08002c6a   0x00000002   PAD
    0x08002c6c   0x08002c6c   0x000001e8   Code   RO         7442    i.icmp_input        icmp.o
    0x08002e54   0x08002e54   0x00000110   Code   RO         7443    i.icmp_send_response  icmp.o
    0x08002f64   0x08002f64   0x00000008   Code   RO         7444    i.icmp_time_exceeded  icmp.o
    0x08002f6c   0x08002f6c   0x0000002e   Code   RO         7558    i.ip4_addr_isbroadcast_u32  ip4_addr.o
    0x08002f9a   0x08002f9a   0x00000002   PAD
    0x08002f9c   0x08002f9c   0x00000260   Code   RO         7627    i.ip4_frag          ip4_frag.o
    0x080031fc   0x080031fc   0x00000174   Code   RO         7503    i.ip4_input         ip4.o
    0x08003370   0x08003370   0x0000002c   Code   RO         7504    i.ip4_input_accept  ip4.o
    0x0800339c   0x0800339c   0x0000001e   Code   RO         7506    i.ip4_output_if     ip4.o
    0x080033ba   0x080033ba   0x00000002   PAD
    0x080033bc   0x080033bc   0x00000178   Code   RO         7507    i.ip4_output_if_src  ip4.o
    0x08003534   0x08003534   0x00000288   Code   RO         7628    i.ip4_reass         ip4_frag.o
    0x080037bc   0x080037bc   0x00000060   Code   RO         7508    i.ip4_route         ip4.o
    0x0800381c   0x0800381c   0x00000090   Code   RO         7629    i.ip_frag_free_pbuf_custom_ref  ip4_frag.o
    0x080038ac   0x080038ac   0x00000248   Code   RO         7630    i.ip_reass_chain_frag_into_datagram_and_validate  ip4_frag.o
    0x08003af4   0x08003af4   0x000000bc   Code   RO         7631    i.ip_reass_dequeue_datagram  ip4_frag.o
    0x08003bb0   0x08003bb0   0x00000198   Code   RO         7632    i.ip_reass_free_complete_datagram  ip4_frag.o
    0x08003d48   0x08003d48   0x00000080   Code   RO         7633    i.ip_reass_remove_oldest_datagram  ip4_frag.o
    0x08003dc8   0x08003dc8   0x0000002c   Code   RO         7634    i.ip_reass_tmr      ip4_frag.o
    0x08003df4   0x08003df4   0x00000098   Code   RO         7635    i.ipfrag_free_pbuf_custom  ip4_frag.o
    0x08003e8c   0x08003e8c   0x0000014c   Code   RO          409    i.low_level_init    ethernetif.o
    0x08003fd8   0x08003fd8   0x000000c0   Code   RO          410    i.low_level_input   ethernetif.o
    0x08004098   0x08004098   0x000000a8   Code   RO          411    i.low_level_output  ethernetif.o
    0x08004140   0x08004140   0x0000003c   Code   RO         7088    i.lwip_cyclic_timer  timeouts.o
    0x0800417c   0x0800417c   0x00000004   Code   RO         5612    i.lwip_htonl        def.o
    0x08004180   0x08004180   0x00000004   Code   RO         5613    i.lwip_htons        def.o
    0x08004184   0x08004184   0x00000022   Code   RO         5757    i.lwip_init         init.o
    0x080041a6   0x080041a6   0x00000002   PAD
    0x080041a8   0x080041a8   0x00000030   Code   RO           17    i.main              main.o
    0x080041d8   0x080041d8   0x000001c8   Code   RO         5832    i.mem_free          mem.o
    0x080043a0   0x080043a0   0x000000c8   Code   RO         5833    i.mem_init          mem.o
    0x08004468   0x08004468   0x0000024c   Code   RO         5834    i.mem_malloc        mem.o
    0x080046b4   0x080046b4   0x00000010   Code   RO         5835    i.mem_to_ptr        mem.o
    0x080046c4   0x080046c4   0x000001e4   Code   RO         5836    i.mem_trim          mem.o
    0x080048a8   0x080048a8   0x0000009c   Code   RO         5910    i.memp_free         memp.o
    0x08004944   0x08004944   0x00000020   Code   RO         5912    i.memp_init         memp.o
    0x08004964   0x08004964   0x0000002a   Code   RO         5913    i.memp_init_pool    memp.o
    0x0800498e   0x0800498e   0x00000002   PAD
    0x08004990   0x08004990   0x000000a4   Code   RO         5914    i.memp_malloc       memp.o
    0x08004a34   0x08004a34   0x000001d8   Code   RO         6054    i.netif_add         netif.o
    0x08004c0c   0x08004c0c   0x00000016   Code   RO         6056    i.netif_do_ip_addr_changed  netif.o
    0x08004c22   0x08004c22   0x00000016   Code   RO         6057    i.netif_do_set_gw   netif.o
    0x08004c38   0x08004c38   0x000000c4   Code   RO         6058    i.netif_do_set_ipaddr  netif.o
    0x08004cfc   0x08004cfc   0x00000016   Code   RO         6059    i.netif_do_set_netmask  netif.o
    0x08004d12   0x08004d12   0x00000002   PAD
    0x08004d14   0x08004d14   0x00000028   Code   RO         6061    i.netif_get_by_index  netif.o
    0x08004d3c   0x08004d3c   0x00000002   Code   RO         6063    i.netif_init        netif.o
    0x08004d3e   0x08004d3e   0x00000002   PAD
    0x08004d40   0x08004d40   0x000000c0   Code   RO         6065    i.netif_issue_reports  netif.o
    0x08004e00   0x08004e00   0x00000006   Code   RO         6067    i.netif_null_output_ip4  netif.o
    0x08004e06   0x08004e06   0x00000002   PAD
    0x08004e08   0x08004e08   0x00000060   Code   RO         6069    i.netif_set_addr    netif.o
    0x08004e68   0x08004e68   0x0000000c   Code   RO         6070    i.netif_set_default  netif.o
    0x08004e74   0x08004e74   0x000000a8   Code   RO         6071    i.netif_set_down    netif.o
    0x08004f1c   0x08004f1c   0x00000008   Code   RO         6074    i.netif_set_link_callback  netif.o
    0x08004f24   0x08004f24   0x000000ac   Code   RO         6075    i.netif_set_link_down  netif.o
    0x08004fd0   0x08004fd0   0x000000c0   Code   RO         6076    i.netif_set_link_up  netif.o
    0x08005090   0x08005090   0x000000a0   Code   RO         6078    i.netif_set_up      netif.o
    0x08005130   0x08005130   0x0000001a   Code   RO         3094    i.osDelay           cmsis_os2.o
    0x0800514a   0x0800514a   0x0000000e   Code   RO         3106    i.osKernelGetTickCount  cmsis_os2.o
    0x08005158   0x08005158   0x00000024   Code   RO         3108    i.osKernelInitialize  cmsis_os2.o
    0x0800517c   0x0800517c   0x00000038   Code   RO         3111    i.osKernelStart     cmsis_os2.o
    0x080051b4   0x080051b4   0x00000064   Code   RO         3123    i.osMessageQueueGet  cmsis_os2.o
    0x08005218   0x08005218   0x00000058   Code   RO         3128    i.osMessageQueueNew  cmsis_os2.o
    0x08005270   0x08005270   0x00000068   Code   RO         3129    i.osMessageQueuePut  cmsis_os2.o
    0x080052d8   0x080052d8   0x00000052   Code   RO         3131    i.osMutexAcquire    cmsis_os2.o
    0x0800532a   0x0800532a   0x00000068   Code   RO         3134    i.osMutexNew        cmsis_os2.o
    0x08005392   0x08005392   0x00000042   Code   RO         3135    i.osMutexRelease    cmsis_os2.o
    0x080053d4   0x080053d4   0x0000005c   Code   RO         3136    i.osSemaphoreAcquire  cmsis_os2.o
    0x08005430   0x08005430   0x00000098   Code   RO         3139    i.osSemaphoreNew    cmsis_os2.o
    0x080054c8   0x080054c8   0x00000058   Code   RO         3140    i.osSemaphoreRelease  cmsis_os2.o
    0x08005520   0x08005520   0x0000008a   Code   RO         3153    i.osThreadNew       cmsis_os2.o
    0x080055aa   0x080055aa   0x00000006   Code   RO         6242    i.pbuf_add_header   pbuf.o
    0x080055b0   0x080055b0   0x000000c0   Code   RO         6244    i.pbuf_add_header_impl  pbuf.o
    0x08005670   0x08005670   0x0000025c   Code   RO         6245    i.pbuf_alloc        pbuf.o
    0x080058cc   0x080058cc   0x000000b0   Code   RO         6246    i.pbuf_alloc_reference  pbuf.o
    0x0800597c   0x0800597c   0x00000036   Code   RO         6247    i.pbuf_alloced_custom  pbuf.o
    0x080059b2   0x080059b2   0x00000002   PAD
    0x080059b4   0x080059b4   0x00000130   Code   RO         6248    i.pbuf_cat          pbuf.o
    0x08005ae4   0x08005ae4   0x00000012   Code   RO         6250    i.pbuf_clen         pbuf.o
    0x08005af6   0x08005af6   0x00000002   PAD
    0x08005af8   0x08005af8   0x0000009c   Code   RO         6251    i.pbuf_clone        pbuf.o
    0x08005b94   0x08005b94   0x000001e0   Code   RO         6253    i.pbuf_copy         pbuf.o
    0x08005d74   0x08005d74   0x00000118   Code   RO         6254    i.pbuf_copy_partial  pbuf.o
    0x08005e8c   0x08005e8c   0x00000164   Code   RO         6256    i.pbuf_free         pbuf.o
    0x08005ff0   0x08005ff0   0x00000034   Code   RO         6258    i.pbuf_free_ooseq_callback  pbuf.o
    0x08006024   0x08006024   0x00000006   Code   RO         6262    i.pbuf_header_force  pbuf.o
    0x0800602a   0x0800602a   0x0000000e   Code   RO         6263    i.pbuf_header_impl  pbuf.o
    0x08006038   0x08006038   0x0000001c   Code   RO         6264    i.pbuf_init_alloced_pbuf  pbuf.o
    0x08006054   0x08006054   0x00000134   Code   RO         6268    i.pbuf_realloc      pbuf.o
    0x08006188   0x08006188   0x0000009c   Code   RO         6269    i.pbuf_ref          pbuf.o
    0x08006224   0x08006224   0x000000d0   Code   RO         6270    i.pbuf_remove_header  pbuf.o
    0x080062f4   0x080062f4   0x000001a0   Code   RO         5837    i.plug_holes        mem.o
    0x08006494   0x08006494   0x0000005c   Code   RO         2554    i.prvAddCurrentTaskToDelayedList  tasks.o
    0x080064f0   0x080064f0   0x000000d0   Code   RO         2555    i.prvAddNewTaskToReadyList  tasks.o
    0x080065c0   0x080065c0   0x00000058   Code   RO         2919    i.prvCheckForValidListAndQueue  timers.o
    0x08006618   0x08006618   0x00000026   Code   RO         2151    i.prvCopyDataFromQueue  queue.o
    0x0800663e   0x0800663e   0x0000006c   Code   RO         2152    i.prvCopyDataToQueue  queue.o
    0x080066aa   0x080066aa   0x00000034   Code   RO         2556    i.prvDeleteTCB      tasks.o
    0x080066de   0x080066de   0x00000002   PAD
    0x080066e0   0x080066e0   0x0000004c   Code   RO         3600    i.prvHeapInit       heap_4.o
    0x0800672c   0x0800672c   0x00000060   Code   RO         2557    i.prvIdleTask       tasks.o
    0x0800678c   0x0800678c   0x00000016   Code   RO         2153    i.prvInitialiseMutex  queue.o
    0x080067a2   0x080067a2   0x00000002   PAD
    0x080067a4   0x080067a4   0x00000022   Code   RO         2154    i.prvInitialiseNewQueue  queue.o
    0x080067c6   0x080067c6   0x00000002   PAD
    0x080067c8   0x080067c8   0x000000b0   Code   RO         2558    i.prvInitialiseNewTask  tasks.o
    0x08006878   0x08006878   0x0000004c   Code   RO         3601    i.prvInsertBlockIntoFreeList  heap_4.o
    0x080068c4   0x080068c4   0x00000038   Code   RO         2921    i.prvInsertTimerInActiveList  timers.o
    0x080068fc   0x080068fc   0x0000001c   Code   RO         2155    i.prvIsQueueEmpty   queue.o
    0x08006918   0x08006918   0x000000fc   Code   RO         2922    i.prvProcessReceivedCommands  timers.o
    0x08006a14   0x08006a14   0x000000c0   Code   RO         2923    i.prvProcessTimerOrBlockTask  timers.o
    0x08006ad4   0x08006ad4   0x00000020   Code   RO         2560    i.prvResetNextTaskUnblockTime  tasks.o
    0x08006af4   0x08006af4   0x00000028   Code   RO         2924    i.prvSampleTimeNow  timers.o
    0x08006b1c   0x08006b1c   0x0000006c   Code   RO         2925    i.prvSwitchTimerLists  timers.o
    0x08006b88   0x08006b88   0x00000028   Code   RO         3656    i.prvTaskExitError  port.o
    0x08006bb0   0x08006bb0   0x00000024   Code   RO         2926    i.prvTimerTask      timers.o
    0x08006bd4   0x08006bd4   0x0000006a   Code   RO         2156    i.prvUnlockQueue    queue.o
    0x08006c3e   0x08006c3e   0x00000002   PAD
    0x08006c40   0x08006c40   0x0000000c   Code   RO         5838    i.ptr_to_mem        mem.o
    0x08006c4c   0x08006c4c   0x000000dc   Code   RO         3602    i.pvPortMalloc      heap_4.o
    0x08006d28   0x08006d28   0x00000018   Code   RO         2563    i.pvTaskIncrementMutexHeldCount  tasks.o
    0x08006d40   0x08006d40   0x0000002c   Code   RO         3657    i.pxPortInitialiseStack  port.o
    0x08006d6c   0x08006d6c   0x0000003e   Code   RO         7881    i.sys_arch_mbox_fetch  sys_arch.o
    0x08006daa   0x08006daa   0x00000002   PAD
    0x08006dac   0x08006dac   0x00000018   Code   RO         7883    i.sys_arch_protect  sys_arch.o
    0x08006dc4   0x08006dc4   0x0000000c   Code   RO         7885    i.sys_arch_unprotect  sys_arch.o
    0x08006dd0   0x08006dd0   0x00000044   Code   RO         7089    i.sys_check_timeouts  timeouts.o
    0x08006e14   0x08006e14   0x00000014   Code   RO         7886    i.sys_init          sys_arch.o
    0x08006e28   0x08006e28   0x0000001e   Code   RO         7888    i.sys_mbox_new      sys_arch.o
    0x08006e46   0x08006e46   0x00000018   Code   RO         7891    i.sys_mbox_trypost  sys_arch.o
    0x08006e5e   0x08006e5e   0x0000000a   Code   RO         7893    i.sys_mbox_valid    sys_arch.o
    0x08006e68   0x08006e68   0x0000000a   Code   RO         7895    i.sys_mutex_lock    sys_arch.o
    0x08006e72   0x08006e72   0x00000018   Code   RO         7896    i.sys_mutex_new     sys_arch.o
    0x08006e8a   0x08006e8a   0x00000006   Code   RO         7897    i.sys_mutex_unlock  sys_arch.o
    0x08006e90   0x08006e90   0x00000004   Code   RO          413    i.sys_now           ethernetif.o
    0x08006e94   0x08006e94   0x0000002e   Code   RO         7903    i.sys_thread_new    sys_arch.o
    0x08006ec2   0x08006ec2   0x00000002   PAD
    0x08006ec4   0x08006ec4   0x000000c4   Code   RO         7091    i.sys_timeout       timeouts.o
    0x08006f88   0x08006f88   0x000000f8   Code   RO         7092    i.sys_timeout_abs   timeouts.o
    0x08007080   0x08007080   0x00000028   Code   RO         7093    i.sys_timeouts_init  timeouts.o
    0x080070a8   0x080070a8   0x00000028   Code   RO         7094    i.sys_timeouts_sleeptime  timeouts.o
    0x080070d0   0x080070d0   0x000001ac   Code   RO         6526    i.tcp_abandon       tcp.o
    0x0800727c   0x0800727c   0x00000006   Code   RO         6527    i.tcp_abort         tcp.o
    0x08007282   0x08007282   0x00000002   PAD
    0x08007284   0x08007284   0x00000124   Code   RO         6530    i.tcp_alloc         tcp.o
    0x080073a8   0x080073a8   0x000000a0   Code   RO         6534    i.tcp_close         tcp.o
    0x08007448   0x08007448   0x000001dc   Code   RO         6535    i.tcp_close_shutdown  tcp.o
    0x08007624   0x08007624   0x000000c4   Code   RO         6536    i.tcp_close_shutdown_fin  tcp.o
    0x080076e8   0x080076e8   0x00000180   Code   RO         6928    i.tcp_create_segment  tcp_out.o
    0x08007868   0x08007868   0x000000b8   Code   RO         6539    i.tcp_eff_send_mss_netif  tcp.o
    0x08007920   0x08007920   0x00000234   Code   RO         6929    i.tcp_enqueue_flags  tcp_out.o
    0x08007b54   0x08007b54   0x0000006c   Code   RO         6541    i.tcp_fasttmr       tcp.o
    0x08007bc0   0x08007bc0   0x00000090   Code   RO         6542    i.tcp_free          tcp.o
    0x08007c50   0x08007c50   0x0000013c   Code   RO         6839    i.tcp_free_acked_segments  tcp_in.o
    0x08007d8c   0x08007d8c   0x00000014   Code   RO         6543    i.tcp_free_ooseq    tcp.o
    0x08007da0   0x08007da0   0x00000028   Code   RO         6840    i.tcp_get_next_optbyte  tcp_in.o
    0x08007dc8   0x08007dc8   0x00000018   Code   RO         6544    i.tcp_init          tcp.o
    0x08007de0   0x08007de0   0x00000650   Code   RO         6841    i.tcp_input         tcp_in.o
    0x08008430   0x08008430   0x000000d4   Code   RO         6842    i.tcp_input_delayed_close  tcp_in.o
    0x08008504   0x08008504   0x000000cc   Code   RO         6930    i.tcp_keepalive     tcp_out.o
    0x080085d0   0x080085d0   0x000000bc   Code   RO         6545    i.tcp_kill_state    tcp.o
    0x0800868c   0x0800868c   0x00000070   Code   RO         6546    i.tcp_listen_closed  tcp.o
    0x080086fc   0x080086fc   0x00000198   Code   RO         6843    i.tcp_listen_input  tcp_in.o
    0x08008894   0x08008894   0x0000004c   Code   RO         6549    i.tcp_netif_ip_addr_changed  tcp.o
    0x080088e0   0x080088e0   0x000000c0   Code   RO         6550    i.tcp_netif_ip_addr_changed_pcblist  tcp.o
    0x080089a0   0x080089a0   0x00000098   Code   RO         6554    i.tcp_next_iss      tcp.o
    0x08008a38   0x08008a38   0x0000010c   Code   RO         6844    i.tcp_oos_insert_segment  tcp_in.o
    0x08008b44   0x08008b44   0x000002e0   Code   RO         6931    i.tcp_output        tcp_out.o
    0x08008e24   0x08008e24   0x000000cc   Code   RO         6932    i.tcp_output_alloc_header  tcp_out.o
    0x08008ef0   0x08008ef0   0x00000110   Code   RO         6933    i.tcp_output_alloc_header_common  tcp_out.o
    0x08009000   0x08009000   0x000000e0   Code   RO         6934    i.tcp_output_control_segment  tcp_out.o
    0x080090e0   0x080090e0   0x000000d8   Code   RO         6935    i.tcp_output_fill_options  tcp_out.o
    0x080091b8   0x080091b8   0x000001dc   Code   RO         6936    i.tcp_output_segment  tcp_out.o
    0x08009394   0x08009394   0x000000a8   Code   RO         6937    i.tcp_output_segment_busy  tcp_out.o
    0x0800943c   0x0800943c   0x000000fc   Code   RO         6845    i.tcp_parseopt      tcp_in.o
    0x08009538   0x08009538   0x000000cc   Code   RO         6555    i.tcp_pcb_purge     tcp.o
    0x08009604   0x08009604   0x00000190   Code   RO         6556    i.tcp_pcb_remove    tcp.o
    0x08009794   0x08009794   0x000004c2   Code   RO         6846    i.tcp_process       tcp_in.o
    0x08009c56   0x08009c56   0x00000002   PAD
    0x08009c58   0x08009c58   0x00000104   Code   RO         6558    i.tcp_process_refused_data  tcp.o
    0x08009d5c   0x08009d5c   0x00000904   Code   RO         6847    i.tcp_receive       tcp_in.o
    0x0800a660   0x0800a660   0x000000b0   Code   RO         6560    i.tcp_recv_null     tcp.o
    0x0800a710   0x0800a710   0x00000100   Code   RO         6561    i.tcp_recved        tcp.o
    0x0800a810   0x0800a810   0x00000058   Code   RO         6562    i.tcp_remove_listener  tcp.o
    0x0800a868   0x0800a868   0x000000ec   Code   RO         6939    i.tcp_rexmit        tcp_out.o
    0x0800a954   0x0800a954   0x000000e8   Code   RO         6940    i.tcp_rexmit_fast   tcp_out.o
    0x0800aa3c   0x0800aa3c   0x000000a4   Code   RO         6941    i.tcp_rexmit_rto    tcp_out.o
    0x0800aae0   0x0800aae0   0x000000ac   Code   RO         6942    i.tcp_rexmit_rto_commit  tcp_out.o
    0x0800ab8c   0x0800ab8c   0x000000f8   Code   RO         6943    i.tcp_rexmit_rto_prepare  tcp_out.o
    0x0800ac84   0x0800ac84   0x00000010   Code   RO         6944    i.tcp_route         tcp_out.o
    0x0800ac94   0x0800ac94   0x00000114   Code   RO         6945    i.tcp_rst           tcp_out.o
    0x0800ada8   0x0800ada8   0x000000ac   Code   RO         6563    i.tcp_seg_copy      tcp.o
    0x0800ae54   0x0800ae54   0x0000001c   Code   RO         6564    i.tcp_seg_free      tcp.o
    0x0800ae70   0x0800ae70   0x00000012   Code   RO         6565    i.tcp_segs_free     tcp.o
    0x0800ae82   0x0800ae82   0x00000002   PAD
    0x0800ae84   0x0800ae84   0x000000ec   Code   RO         6946    i.tcp_send_empty_ack  tcp_out.o
    0x0800af70   0x0800af70   0x000000cc   Code   RO         6947    i.tcp_send_fin      tcp_out.o
    0x0800b03c   0x0800b03c   0x000005d0   Code   RO         6569    i.tcp_slowtmr       tcp.o
    0x0800b60c   0x0800b60c   0x0000022c   Code   RO         6948    i.tcp_split_unsent_seg  tcp_out.o
    0x0800b838   0x0800b838   0x00000034   Code   RO         7096    i.tcp_timer_needed  timeouts.o
    0x0800b86c   0x0800b86c   0x00000100   Code   RO         6848    i.tcp_timewait_input  tcp_in.o
    0x0800b96c   0x0800b96c   0x00000020   Code   RO         6571    i.tcp_tmr           tcp.o
    0x0800b98c   0x0800b98c   0x00000010   Code   RO         6849    i.tcp_trigger_input_pcb_close  tcp_in.o
    0x0800b99c   0x0800b99c   0x000000f4   Code   RO         6573    i.tcp_update_rcv_ann_wnd  tcp.o
    0x0800ba90   0x0800ba90   0x00000140   Code   RO         6951    i.tcp_zero_window_probe  tcp_out.o
    0x0800bbd0   0x0800bbd0   0x00000110   Code   RO         5443    i.tcpip_init        tcpip.o
    0x0800bce0   0x0800bce0   0x000000c0   Code   RO         5444    i.tcpip_inpkt       tcpip.o
    0x0800bda0   0x0800bda0   0x0000001c   Code   RO         5445    i.tcpip_input       tcpip.o
    0x0800bdbc   0x0800bdbc   0x00000038   Code   RO         7097    i.tcpip_tcp_timer   timeouts.o
    0x0800bdf4   0x0800bdf4   0x000000f8   Code   RO         5447    i.tcpip_thread      tcpip.o
    0x0800beec   0x0800beec   0x000000cc   Code   RO         5448    i.tcpip_thread_handle_msg  tcpip.o
    0x0800bfb8   0x0800bfb8   0x000000bc   Code   RO         5449    i.tcpip_try_callback  tcpip.o
    0x0800c074   0x0800c074   0x00000018   Code   RO         7181    i.udp_init          udp.o
    0x0800c08c   0x0800c08c   0x000001e8   Code   RO         7182    i.udp_input         udp.o
    0x0800c274   0x0800c274   0x0000010c   Code   RO         7183    i.udp_input_local_match  udp.o
    0x0800c380   0x0800c380   0x00000034   Code   RO         7184    i.udp_netif_ip_addr_changed  udp.o
    0x0800c3b4   0x0800c3b4   0x00000026   Code   RO         2111    i.uxListRemove      list.o
    0x0800c3da   0x0800c3da   0x00000002   PAD
    0x0800c3dc   0x0800c3dc   0x00000014   Code   RO         3165    i.vApplicationGetIdleTaskMemory  cmsis_os2.o
    0x0800c3f0   0x0800c3f0   0x00000018   Code   RO         3166    i.vApplicationGetTimerTaskMemory  cmsis_os2.o
    0x0800c408   0x0800c408   0x00000016   Code   RO         2112    i.vListInitialise   list.o
    0x0800c41e   0x0800c41e   0x00000006   Code   RO         2113    i.vListInitialiseItem  list.o
    0x0800c424   0x0800c424   0x00000030   Code   RO         2114    i.vListInsert       list.o
    0x0800c454   0x0800c454   0x00000018   Code   RO         2115    i.vListInsertEnd    list.o
    0x0800c46c   0x0800c46c   0x00000040   Code   RO         3659    i.vPortEnterCritical  port.o
    0x0800c4ac   0x0800c4ac   0x00000028   Code   RO         3660    i.vPortExitCritical  port.o
    0x0800c4d4   0x0800c4d4   0x00000064   Code   RO         3603    i.vPortFree         heap_4.o
    0x0800c538   0x0800c538   0x00000024   Code   RO         3661    i.vPortSetupTimerInterrupt  port.o
    0x0800c55c   0x0800c55c   0x00000054   Code   RO         3662    i.vPortValidateInterruptPriority  port.o
    0x0800c5b0   0x0800c5b0   0x00000028   Code   RO         2162    i.vQueueAddToRegistry  queue.o
    0x0800c5d8   0x0800c5d8   0x0000002e   Code   RO         2163    i.vQueueDelete      queue.o
    0x0800c606   0x0800c606   0x00000002   PAD
    0x0800c608   0x0800c608   0x00000028   Code   RO         2165    i.vQueueUnregisterQueue  queue.o
    0x0800c630   0x0800c630   0x00000044   Code   RO         2166    i.vQueueWaitForMessageRestricted  queue.o
    0x0800c674   0x0800c674   0x0000004c   Code   RO         2573    i.vTaskDelay        tasks.o
    0x0800c6c0   0x0800c6c0   0x00000010   Code   RO         2578    i.vTaskInternalSetTimeOutState  tasks.o
    0x0800c6d0   0x0800c6d0   0x0000000c   Code   RO         2579    i.vTaskMissedYield  tasks.o
    0x0800c6dc   0x0800c6dc   0x00000030   Code   RO         2581    i.vTaskPlaceOnEventList  tasks.o
    0x0800c70c   0x0800c70c   0x00000038   Code   RO         2582    i.vTaskPlaceOnEventListRestricted  tasks.o
    0x0800c744   0x0800c744   0x00000090   Code   RO         2584    i.vTaskPriorityDisinheritAfterTimeout  tasks.o
    0x0800c7d4   0x0800c7d4   0x00000088   Code   RO         2590    i.vTaskStartScheduler  tasks.o
    0x0800c85c   0x0800c85c   0x00000010   Code   RO         2592    i.vTaskSuspendAll   tasks.o
    0x0800c86c   0x0800c86c   0x00000064   Code   RO         2593    i.vTaskSwitchContext  tasks.o
    0x0800c8d0   0x0800c8d0   0x000000f4   Code   RO         3663    i.xPortStartScheduler  port.o
    0x0800c9c4   0x0800c9c4   0x0000002c   Code   RO         3664    i.xPortSysTickHandler  port.o
    0x0800c9f0   0x0800c9f0   0x0000003a   Code   RO         2167    i.xQueueCreateCountingSemaphore  queue.o
    0x0800ca2a   0x0800ca2a   0x00000040   Code   RO         2168    i.xQueueCreateCountingSemaphoreStatic  queue.o
    0x0800ca6a   0x0800ca6a   0x00000016   Code   RO         2169    i.xQueueCreateMutex  queue.o
    0x0800ca80   0x0800ca80   0x0000001a   Code   RO         2170    i.xQueueCreateMutexStatic  queue.o
    0x0800ca9a   0x0800ca9a   0x00000042   Code   RO         2171    i.xQueueGenericCreate  queue.o
    0x0800cadc   0x0800cadc   0x00000066   Code   RO         2172    i.xQueueGenericCreateStatic  queue.o
    0x0800cb42   0x0800cb42   0x00000002   PAD
    0x0800cb44   0x0800cb44   0x00000088   Code   RO         2173    i.xQueueGenericReset  queue.o
    0x0800cbcc   0x0800cbcc   0x00000160   Code   RO         2174    i.xQueueGenericSend  queue.o
    0x0800cd2c   0x0800cd2c   0x000000be   Code   RO         2175    i.xQueueGenericSendFromISR  queue.o
    0x0800cdea   0x0800cdea   0x0000009c   Code   RO         2178    i.xQueueGiveFromISR  queue.o
    0x0800ce86   0x0800ce86   0x0000003e   Code   RO         2179    i.xQueueGiveMutexRecursive  queue.o
    0x0800cec4   0x0800cec4   0x00000138   Code   RO         2184    i.xQueueReceive     queue.o
    0x0800cffc   0x0800cffc   0x0000009a   Code   RO         2185    i.xQueueReceiveFromISR  queue.o
    0x0800d096   0x0800d096   0x00000002   PAD
    0x0800d098   0x0800d098   0x00000178   Code   RO         2186    i.xQueueSemaphoreTake  queue.o
    0x0800d210   0x0800d210   0x00000040   Code   RO         2187    i.xQueueTakeMutexRecursive  queue.o
    0x0800d250   0x0800d250   0x00000074   Code   RO         2595    i.xTaskCheckForTimeOut  tasks.o
    0x0800d2c4   0x0800d2c4   0x0000005a   Code   RO         2596    i.xTaskCreate       tasks.o
    0x0800d31e   0x0800d31e   0x00000056   Code   RO         2597    i.xTaskCreateStatic  tasks.o
    0x0800d374   0x0800d374   0x0000000c   Code   RO         2600    i.xTaskGetCurrentTaskHandle  tasks.o
    0x0800d380   0x0800d380   0x0000001c   Code   RO         2601    i.xTaskGetSchedulerState  tasks.o
    0x0800d39c   0x0800d39c   0x0000000c   Code   RO         2602    i.xTaskGetTickCount  tasks.o
    0x0800d3a8   0x0800d3a8   0x00000010   Code   RO         2603    i.xTaskGetTickCountFromISR  tasks.o
    0x0800d3b8   0x0800d3b8   0x000000c8   Code   RO         2604    i.xTaskIncrementTick  tasks.o
    0x0800d480   0x0800d480   0x00000080   Code   RO         2607    i.xTaskPriorityDisinherit  tasks.o
    0x0800d500   0x0800d500   0x00000078   Code   RO         2608    i.xTaskPriorityInherit  tasks.o
    0x0800d578   0x0800d578   0x00000070   Code   RO         2609    i.xTaskRemoveFromEventList  tasks.o
    0x0800d5e8   0x0800d5e8   0x000000c4   Code   RO         2610    i.xTaskResumeAll    tasks.o
    0x0800d6ac   0x0800d6ac   0x00000060   Code   RO         2935    i.xTimerCreateTimerTask  timers.o
    0x0800d70c   0x0800d70c   0x00000068   Code   RO         2936    i.xTimerGenericCommand  timers.o
    0x0800d774   0x0800d774   0x00000024   Data   RO           18    .constdata          main.o
    0x0800d798   0x0800d798   0x00000010   Data   RO         1947    .constdata          system_stm32f4xx.o
    0x0800d7a8   0x0800d7a8   0x00000006   Data   RO         4263    .constdata          ethernet.o
    0x0800d7ae   0x0800d7ae   0x00000006   Data   RO         4264    .constdata          ethernet.o
    0x0800d7b4   0x0800d7b4   0x0000000c   Data   RO         5929    .constdata          memp.o
    0x0800d7c0   0x0800d7c0   0x0000000c   Data   RO         5930    .constdata          memp.o
    0x0800d7cc   0x0800d7cc   0x0000000c   Data   RO         5931    .constdata          memp.o
    0x0800d7d8   0x0800d7d8   0x0000000c   Data   RO         5932    .constdata          memp.o
    0x0800d7e4   0x0800d7e4   0x0000000c   Data   RO         5933    .constdata          memp.o
    0x0800d7f0   0x0800d7f0   0x0000000c   Data   RO         5934    .constdata          memp.o
    0x0800d7fc   0x0800d7fc   0x0000000c   Data   RO         5935    .constdata          memp.o
    0x0800d808   0x0800d808   0x0000000c   Data   RO         5936    .constdata          memp.o
    0x0800d814   0x0800d814   0x0000000c   Data   RO         5937    .constdata          memp.o
    0x0800d820   0x0800d820   0x0000000c   Data   RO         5938    .constdata          memp.o
    0x0800d82c   0x0800d82c   0x0000000c   Data   RO         5939    .constdata          memp.o
    0x0800d838   0x0800d838   0x0000000c   Data   RO         5940    .constdata          memp.o
    0x0800d844   0x0800d844   0x0000000c   Data   RO         5941    .constdata          memp.o
    0x0800d850   0x0800d850   0x00000034   Data   RO         5942    .constdata          memp.o
    0x0800d884   0x0800d884   0x00000054   Data   RO         6574    .constdata          tcp.o
    0x0800d8d8   0x0800d8d8   0x00000018   Data   RO         7098    .constdata          timeouts.o
    0x0800d8f0   0x0800d8f0   0x00000004   Data   RO         7565    .constdata          ip4_addr.o
    0x0800d8f4   0x0800d8f4   0x0000000c   Data   RO           19    .conststring        main.o
    0x0800d900   0x0800d900   0x00000075   Data   RO         6575    .conststring        tcp.o
    0x0800d975   0x0800d975   0x00000003   PAD
    0x0800d978   0x0800d978   0x00000055   Data   RO         6952    .conststring        tcp_out.o
    0x0800d9cd   0x0800d9cd   0x00000003   PAD
    0x0800d9d0   0x0800d9d0   0x00000041   Data   RO         7353    .conststring        etharp.o
    0x0800da11   0x0800da11   0x00000003   PAD
    0x0800da14   0x0800da14   0x00000020   Data   RO         8654    Region$$Table       anon$$obj.o


    Execution Region RW_IRAM2 (Exec base: 0x10000000, Load base: 0x0800da4c, Size: 0x00000000, Max: 0x00010000, ABSOLUTE)

    **** No section assigned to this execution region ****


    Execution Region RW_IRAM1 (Exec base: 0x20000000, Load base: 0x0800da34, Size: 0x0000b7a0, Max: 0x00020000, ABSOLUTE, COMPRESSED[0x00000018])

    Exec Addr    Load Addr    Size         Type   Attr      Idx    E Section Name        Object

    0x20000000   COMPRESSED   0x00000004   Data   RW           20    .data               main.o
    0x20000004   COMPRESSED   0x00000024   Data   RW          346    .data               lwip.o
    0x20000028   COMPRESSED   0x00000004   Data   RW          415    .data               ethernetif.o
    0x2000002c   COMPRESSED   0x0000000c   Data   RW         1678    .data               stm32f4xx_hal.o
    0x20000038   COMPRESSED   0x00000004   Data   RW         1949    .data               system_stm32f4xx.o
    0x2000003c   COMPRESSED   0x0000003c   Data   RW         2613    .data               tasks.o
    0x20000078   COMPRESSED   0x00000014   Data   RW         2944    .data               timers.o
    0x2000008c   COMPRESSED   0x00000004   Data   RW         3168    .data               cmsis_os2.o
    0x20000090   COMPRESSED   0x00000020   Data   RW         3609    .data               heap_4.o
    0x200000b0   COMPRESSED   0x0000000c   Data   RW         3665    .data               port.o
    0x200000bc   COMPRESSED   0x00000010   Data   RW         5450    .data               tcpip.o
    0x200000cc   COMPRESSED   0x00000010   Data   RW         5840    .data               mem.o
    0x200000dc   COMPRESSED   0x00000004   Data   RW         5943    .data               memp.o
    0x200000e0   COMPRESSED   0x00000004   Data   RW         5944    .data               memp.o
    0x200000e4   COMPRESSED   0x00000004   Data   RW         5945    .data               memp.o
    0x200000e8   COMPRESSED   0x00000004   Data   RW         5946    .data               memp.o
    0x200000ec   COMPRESSED   0x00000004   Data   RW         5947    .data               memp.o
    0x200000f0   COMPRESSED   0x00000004   Data   RW         5948    .data               memp.o
    0x200000f4   COMPRESSED   0x00000004   Data   RW         5949    .data               memp.o
    0x200000f8   COMPRESSED   0x00000004   Data   RW         5950    .data               memp.o
    0x200000fc   COMPRESSED   0x00000004   Data   RW         5951    .data               memp.o
    0x20000100   COMPRESSED   0x00000004   Data   RW         5952    .data               memp.o
    0x20000104   COMPRESSED   0x00000004   Data   RW         5953    .data               memp.o
    0x20000108   COMPRESSED   0x00000004   Data   RW         5954    .data               memp.o
    0x2000010c   COMPRESSED   0x00000004   Data   RW         5955    .data               memp.o
    0x20000110   COMPRESSED   0x0000000c   Data   RW         6079    .data               netif.o
    0x2000011c   COMPRESSED   0x00000001   Data   RW         6277    .data               pbuf.o
    0x2000011d   COMPRESSED   0x00000003   PAD
    0x20000120   COMPRESSED   0x00000020   Data   RW         6576    .data               tcp.o
    0x20000140   COMPRESSED   0x00000024   Data   RW         6851    .data               tcp_in.o
    0x20000164   COMPRESSED   0x0000000c   Data   RW         7100    .data               timeouts.o
    0x20000170   COMPRESSED   0x00000008   Data   RW         7193    .data               udp.o
    0x20000178   COMPRESSED   0x00000001   Data   RW         7354    .data               etharp.o
    0x20000179   COMPRESSED   0x00000001   PAD
    0x2000017a   COMPRESSED   0x00000002   Data   RW         7509    .data               ip4.o
    0x2000017c   COMPRESSED   0x00000008   Data   RW         7636    .data               ip4_frag.o
    0x20000184   COMPRESSED   0x00000004   Data   RW         7905    .data               sys_arch.o
    0x20000188   COMPRESSED   0x00000004   Data   RW         8316    .data               mc_w.l(rand.o)
    0x2000018c   COMPRESSED   0x00000004   Data   RW         8615    .data               mc_w.l(stdout.o)
    0x20000190        -       0x00000058   Zero   RW          345    .bss                lwip.o
    0x200001e8        -       0x000030e8   Zero   RW          414    .bss                ethernetif.o
    0x200032d0        -       0x00000040   Zero   RW         2188    .bss                queue.o
    0x20003310        -       0x000004c4   Zero   RW         2612    .bss                tasks.o
    0x200037d4        -       0x00000118   Zero   RW         2943    .bss                timers.o
    0x200038ec        -       0x000006b8   Zero   RW         3167    .bss                cmsis_os2.o
    0x20003fa4        -       0x00003c00   Zero   RW         3608    .bss                heap_4.o
    0x20007ba4        -       0x00000018   Zero   RW         5807    .bss                ip.o
    0x20007bbc        -       0x00000653   Zero   RW         5839    .bss                mem.o
    0x2000820f        -       0x00000083   Zero   RW         5916    .bss                memp.o
    0x20008292        -       0x0000030f   Zero   RW         5917    .bss                memp.o
    0x200085a1        -       0x000000e3   Zero   RW         5918    .bss                memp.o
    0x20008684        -       0x00000103   Zero   RW         5919    .bss                memp.o
    0x20008787        -       0x000000a3   Zero   RW         5920    .bss                memp.o
    0x2000882a        -       0x0000016b   Zero   RW         5921    .bss                memp.o
    0x20008995        -       0x00000023   Zero   RW         5922    .bss                memp.o
    0x200089b8        -       0x000000a3   Zero   RW         5923    .bss                memp.o
    0x20008a5b        -       0x00000083   Zero   RW         5924    .bss                memp.o
    0x20008ade        -       0x00000083   Zero   RW         5925    .bss                memp.o
    0x20008b61        -       0x00000033   Zero   RW         5926    .bss                memp.o
    0x20008b94        -       0x00000103   Zero   RW         5927    .bss                memp.o
    0x20008c97        -       0x00002603   Zero   RW         5928    .bss                memp.o
    0x2000b29a   COMPRESSED   0x00000002   PAD
    0x2000b29c        -       0x00000010   Zero   RW         6850    .bss                tcp_in.o
    0x2000b2ac        -       0x000000f0   Zero   RW         7352    .bss                etharp.o
    0x2000b39c   COMPRESSED   0x00000004   PAD
    0x2000b3a0        -       0x00000400   Zero   RW            1    STACK               startup_stm32f407xx.o


==============================================================================

Image component sizes


      Code (inc. data)   RO Data    RW Data    ZI Data      Debug   Object Name

         0          0          0          0          0       7531   api_lib.o
         0          0          0          0          0       4599   api_msg.o
         0          0          0          0          0       2204   auth.o
         0          0          0          0          0       5923   bridgeif.o
      1190         40          0          4       1720      74762   cmsis_os2.o
         8          0          0          0          0       1146   def.o
         0          0          0          0          0       2464   err.o
      2936       1186         65          1        240      13107   etharp.o
       412        154         12          0          0       2810   ethernet.o
      1398        180          0          4      12520       9162   ethernetif.o
         0          0          0          0          0      19556   event_groups.o
       472         24          0         32      15360       4995   heap_4.o
       776        350          0          0          0       4558   icmp.o
        34          0          0          0          0      10175   init.o
         0          0          0          0         24       3262   ip.o
       918        184          0          2          0       5772   ip4.o
        46          0          4          0          0       8722   ip4_addr.o
      2904       1164          0          8          0      11970   ip4_frag.o
       138          0          0          0          0       3678   list.o
       328         32          0         36         88       1717   lwip.o
       288         28         48          4          0     706729   main.o
      2172       1044          0         16       1619       8305   mem.o
       746        500        208         52      12427      11268   memp.o
      1782        998          0         12          0      16412   netif.o
      3398       1796          0          1          0      17153   pbuf.o
       786         82          0         12          0      11769   port.o
      2670         28          0          0         64      30864   queue.o
        36          8        392          0       1024        856   startup_stm32f407xx.o
       180         28          0         12          0       9573   stm32f4xx_hal.o
       198         14          0          0          0      34079   stm32f4xx_hal_cortex.o
      2444         76          0          0          0      15275   stm32f4xx_hal_eth.o
       492         44          0          0          0       1576   stm32f4xx_hal_gpio.o
        56          4          0          0          0        882   stm32f4xx_hal_msp.o
      1292         54          0          0          0       4638   stm32f4xx_hal_rcc.o
        48          6          0          0          0       3884   stm32f4xx_it.o
         0          0          0          0          0        392   stream_buffer.o
       268         16          0          4          0      12828   sys_arch.o
        16          4         16          4          0       1167   system_stm32f4xx.o
      2400        202          0         60       1220      31360   tasks.o
      6124       2876        201         32          0      34668   tcp.o
      6910       2036          0         36         16      22979   tcp_in.o
      6108       3044         85          0          0      29718   tcp_out.o
      1132        660          0         16          0       7880   tcpip.o
       760        374         24         12          0       7763   timeouts.o
       972         80          0         20        280      32499   timers.o
       832        354          0          8          0       6036   udp.o

    ----------------------------------------------------------------------
     53732      17670       1096        392      46608    1258666   Object Totals
         0          0         32          0          0          0   (incl. Generated)
        62          0          9          4          6          0   (incl. Padding)

    ----------------------------------------------------------------------

      Code (inc. data)   RO Data    RW Data    ZI Data      Debug   Library Member Name

        86          0          0          0          0          0   __dczerorl2.o
         0          0          0          0          0          0   entry.o
         0          0          0          0          0          0   entry10a.o
         0          0          0          0          0          0   entry11a.o
         8          4          0          0          0          0   entry2.o
         4          0          0          0          0          0   entry5.o
         0          0          0          0          0          0   entry7b.o
         0          0          0          0          0          0   entry8b.o
         8          4          0          0          0          0   entry9a.o
        18          0          0          0          0         80   fputc.o
        30          0          0          0          0          0   handlers.o
        36          8          0          0          0         68   init.o
         0          0          0          0          0          0   iusesemip.o
        30          0          0          0          0         68   llshl.o
        32          0          0          0          0         68   llushr.o
        26          0          0          0          0         80   memcmp.o
        64          0          0          0          0         76   memmovea.o
        36          0          0          0          0        108   memseta.o
       472         14          0          0          0        184   printf3.o
        36         10          0          4          0        136   rand.o
         0          0          0          0          0          0   semi.o
         0          0          0          4          0          0   stdout.o
        44          0          0          0          0         80   uidiv.o
        98          0          0          0          0         92   uldiv.o

    ----------------------------------------------------------------------
      1032         40          0          8          0       1040   Library Totals
         4          0          0          0          0          0   (incl. Padding)

    ----------------------------------------------------------------------

      Code (inc. data)   RO Data    RW Data    ZI Data      Debug   Library Name

      1028         40          0          8          0       1040   mc_w.l

    ----------------------------------------------------------------------
      1032         40          0          8          0       1040   Library Totals

    ----------------------------------------------------------------------

==============================================================================


      Code (inc. data)   RO Data    RW Data    ZI Data      Debug   

     54764      17710       1096        400      46608    1227774   Grand Totals
     54764      17710       1096         24      46608    1227774   ELF Image Totals (compressed)
     54764      17710       1096         24          0          0   ROM Totals

==============================================================================

    Total RO  Size (Code + RO Data)                55860 (  54.55kB)
    Total RW  Size (RW Data + ZI Data)             47008 (  45.91kB)
    Total ROM Size (Code + RO Data + RW Data)      55884 (  54.57kB)

==============================================================================

